******************************************************************************
               TMS320C6x Linker PC v8.3.3                      
******************************************************************************
>> Linked Fri Sep 24 19:02:42 2021

OUTPUT FILE NAME:   <mrr_18xx_dss.xe674>
ENTRY POINT SYMBOL: "_c_int00"  address: 007f7f80


MEMORY CONFIGURATION

         name            origin    length      used     unused   attr    fill
----------------------  --------  ---------  --------  --------  ----  --------
PAGE 0:
  L2SRAM_UMAP1          007e0000   00020000  0001d098  00002f68  RWIX
  L2SRAM_UMAP0          00800000   00020000  0001fdfd  00000203  RWIX
  L1PSRAM               00e00000   00004000  00002d40  000012c0  RWIX
  L1DSRAM               00f00000   00004000  00004000  00000000  RWIX
  L3SRAM                20000000   00100000  00003c20  000fc3e0  RWIX
  HWA_RAM               21030000   00010000  00000000  00010000  RWIX
  HSRAM                 21080000   00008000  00008000  00000000  RWIX

PAGE 1:
  L3SRAM                20000000   00100000  00100000  00000000  RWIX


SEGMENT ALLOCATION MAP

run origin  load origin   length   init length attrs members
----------  ----------- ---------- ----------- ----- -------
007e0000    007e0000    0001cc80   0001cc80    r-x
  007e0000    007e0000    00000200   00000200    r-x .vecs
  007e0200    007e0200    0001ca80   0001ca80    r-x .text
007fcc80    007fcc80    00000418   00000000    rw-
  007fcc80    007fcc80    00000418   00000000    rw- .stack
00800000    00800000    0001d000   00000000    rw-
  00800000    00800000    00019000   00000000    rw- .l2data
  00819000    00819000    00004000   00000000    rw- systemHeap
0081d000    0081d000    00000e09   00000e09    r--
  0081d000    0081d000    00000e09   00000e09    r-- .const
0081de10    0081de10    00000f9c   00000000    rw-
  0081de10    0081de10    00000f9c   00000000    rw- .far
0081edb0    0081edb0    00000f70   00000e4c    rw-
  0081edb0    0081edb0    00000e4c   00000e4c    rw- .fardata
  0081fc00    0081fc00    00000120   00000000    rw- .cio
0081fd20    0081fd20    000000a0   000000a0    r--
  0081fd20    0081fd20    000000a0   000000a0    r-- .switch
0081fdc0    0081fdc0    00000030   00000024    rw-
  0081fdc0    0081fdc0    00000024   00000024    rw- .data
  0081fde4    0081fde4    0000000c   00000000    rw- .bss
0081fdf0    0081fdf0    0000000c   0000000c    rw-
  0081fdf0    0081fdf0    0000000c   0000000c    rw- .neardata
0081fe00    0081fe00    00000010   00000010    r--
  0081fe00    0081fe00    00000010   00000010    r-- .ovly
00e00000    20000000    00002d40   00002d40    rwx
  00e00000    20000000    00002d40   00002d40    rwx .fastCode
00f00000    00f00000    00004000   00000000    rw-
  00f00000    00f00000    00004000   00000000    rw- .l1data
20002d40    20002d40    00000ee0   00000ee0    r-x
  20002d40    20002d40    00000ee0   00000ee0    r-x .overlay
21080000    21080000    00008000   00000000    rw-
  21080000    21080000    00008000   00000000    rw- .demoSharedMem
20000000    20000000    00100000   00000000    rw-
  20000000    20000000    00100000   00000000    rw- .l3data


SECTION ALLOCATION MAP

 output                                  attributes/
section   page    origin      length       input sections
--------  ----  ----------  ----------   ----------------
.vecs      0    007e0000    00000200     
                  007e0000    00000200     dss_mrr_pe674.oe674 (.vecs)

.text      0    007e0200    0001ca80     
                  007e0200    000018e0     dss_data_path.oe674 (.text:MmwDemo_interFrameProcessing)
                  007e1ae0    00000c60     dss_data_path.oe674 (.text:MmwDemo_dataPathConfigBuffers)
                  007e2740    00000a60     dss_data_path.oe674 (.text:populateOutputs)
                  007e31a0    000009c0     dss_data_path.oe674 (.text:aziEleProcessing)
                  007e3b60    00000980     Extended_Kalman_Filter_xyz.oe674 (.text:ekfRun)
                  007e44e0    000008a0     ti.targets.rts6000.ae674 : System.oe674 (.text:xdc_runtime_System_doPrint__I)
                  007e4d80    00000840     dss_data_path.oe674 (.text:MmwDemo_dataPathConfigFFTs)
                  007e55c0    00000840     rts6740_elf.lib : pow.c.obj (.text:pow)
                  007e5e00    00000700     dss_data_path.oe674 (.text:MmwDemo_dataPathConfigEdma)
                  007e6500    00000700     sysbios.ae674 : BIOS.obj (.text:ti_sysbios_family_c64p_Exception_handler__I)
                  007e6c00    000006a0     dss_main.oe674 (.text:MRR_DSS_initTask)
                  007e72a0    00000680     libadcbuf_xwr18xx.ae674 : adcbuf_mmwave.oe674 (.text:ADCBUF_MMWave_control)
                  007e7920    000005e0     rts6740_elf.lib : divd.c.obj (.text:__c6xabi_divd)
                  007e7f00    000005a0     gen_twiddle_fft16x16.oe674 (.text:gen_twiddle_fft16x16)
                  007e84a0    00000500     clusteringDBscan.oe674 (.text:clusteringDBscan_calcInfoFixed)
                  007e89a0    00000500     sysbios.ae674 : BIOS.obj (.text:ti_sysbios_knl_Semaphore_pend__E)
                  007e8ea0    000004c0     dss_main.oe674 (.text:MRR_DSS_SendProcessOutputToMSS)
                  007e9360    00000480     sysbios.ae674 : BIOS.obj (.text:ti_sysbios_heaps_HeapMem_allocUnprotected__E)
                  007e97e0    00000460                   : BIOS.obj (.text:ti_sysbios_heaps_HeapMem_freeUnprotected__E)
                  007e9c40    00000440     dss_data_path.oe674 (.text:MmwDemo_XYZcalc)
                  007ea080    00000420     libmailbox_xwr18xx.ae674 : mailbox.oe674 (.text:Mailbox_open)
                  007ea4a0    00000420     sysbios.ae674 : BIOS.obj (.text:ti_sysbios_knl_Task_Instance_finalize__E)
                  007ea8c0    000003e0     clusteringDBscan.oe674 (.text:clusteringDBscanRun)
                  007eaca0    00000360     Extended_Kalman_Filter_xyz.oe674 (.text:stateCovmatMeasurementUpdate)
                  007eb000    00000340     sysbios.ae674 : BIOS.obj (.text:ti_sysbios_knl_Task_Instance_init__E)
                  007eb340    00000320     dss_data_path.oe674 (.text:MmwDemo_XYZestimation)
                  007eb660    00000320     rts6740_elf.lib : cos.c.obj (.text:cos)
                  007eb980    00000300     dss_main.oe674 (.text:MRR_DSS_mmWaveTask)
                  007ebc80    00000300     gen_twiddle_fft32x32.oe674 (.text:gen_twiddle_fft32x32)
                  007ebf80    000002e0     dss_data_path.oe674 (.text:MmwDemo_XYcalc)
                  007ec260    000002e0     Extended_Kalman_Filter_xyz.oe674 (.text:kalmanGainComputation)
                  007ec540    000002e0     rts6740_elf.lib : sin.c.obj (.text:sin)
                  007ec820    000002c0     libedma_xwr18xx.ae674 : edma.oe674 (.text:EDMA_configChannel)
                  007ecae0    000002c0                           : edma.oe674 (.text:EDMA_configErrorMonitoring)
                  007ecda0    000002a0                           : edma.oe674 (.text:EDMA_open)
                  007ed040    00000280     rts6740_elf.lib : divf.c.obj (.text:__c6xabi_divf)
                  007ed2c0    00000280     sysbios.ae674 : BIOS.obj (.text:ti_sysbios_knl_Clock_workFunc__E)
                  007ed540    00000260     rts6740_elf.lib : imath64.c.obj (.text:__c6xabi_divull)
                  007ed7a0    00000260     ti.targets.rts6000.ae674 : Startup.oe674 (.text:xdc_runtime_Startup_startMods__I)
                  007eda00    00000240     dss_data_path.oe674 (.text:associateClustering)
                  007edc40    00000240     sysbios.ae674 : BIOS.obj (.text:ti_sysbios_knl_Task_schedule__I)
                  007ede80    00000240     ti.targets.rts6000.ae674 : Core-mem.oe674 (.text:xdc_runtime_Core_createObject__I)
                  007ee0c0    00000240     dss_mrr_pe674.oe674 (.text:xdc_runtime_System_printfExtend__I)
                  007ee300    00000220     libedma_xwr18xx.ae674 : edma.oe674 (.text:EDMA_transferComplete_isr)
                  007ee520    00000220     libmailbox_xwr18xx.ae674 : mailbox.oe674 (.text:Mailbox_write)
                  007ee740    00000220     dss_data_path.oe674 (.text:findandPopulateIntersectionOfDetectedObjects)
                  007ee960    00000220     sysbios.ae674 : BIOS.obj (.text:ti_sysbios_heaps_HeapMem_Instance_init__E)
                  007eeb80    00000220                   : BIOS.obj (.text:ti_sysbios_utils_Load_updateThreadContexts__E)
                  007eeda0    00000200     dss_main.oe674 (.text:MmwDemo_edmaBlockCopy)
                  007eefa0    00000200     sysbios.ae674 : c64p_Hwi_disp_always.obj (.text:_ti_sysbios_family_c64p_Hwi_dispatchAlways)
                  007ef1a0    00000200     Extended_Kalman_Filter_xyz.oe674 (.text:ekfInit)
                  007ef3a0    00000200     Extended_Kalman_Filter_xyz.oe674 (.text:residualCovarianceComputation)
                  007ef5a0    00000200     sysbios.ae674 : BIOS.obj (.text:ti_sysbios_family_c64p_Hwi_dispatchCore__I)
                  007ef7a0    00000200                   : BIOS.obj (.text:ti_sysbios_knl_Semaphore_post__E)
                  007ef9a0    00000200     ti.targets.rts6000.ae674 : Error.oe674 (.text:xdc_runtime_Error_policyDefault__E)
                  007efba0    000001e0     libedma_xwr18xx.ae674 : edma.oe674 (.text:EDMA_init)
                  007efd80    000001e0     sysbios.ae674 : BIOS.obj (.text:ti_sysbios_knl_Task_postInit__I)
                  007eff60    000001e0                   : BIOS.obj (.text:ti_sysbios_knl_Task_startCore__E)
                  007f0140    000001e0     ti.targets.rts6000.ae674 : Text.oe674 (.text:xdc_runtime_Text_putSite__E)
                  007f0320    000001c0     libmailbox_xwr18xx.ae674 : mailbox.oe674 (.text:Mailbox_read)
                  007f04e0    000001c0     rts6740_elf.lib : fputc.c.obj (.text:fputc)
                  007f06a0    000001c0                     : frexp.c.obj (.text:frexp)
                  007f0860    000001c0                     : setvbuf.c.obj (.text:setvbuf)
                  007f0a20    000001c0     sysbios.ae674 : BIOS.obj (.text:ti_sysbios_timers_rti_Timer_getFreq__E)
                  007f0be0    000001a0     libadcbuf_xwr18xx.ae674 : adcbuf_mmwave.oe674 (.text:ADCBUF_MMWave_open)
                  007f0d80    000001a0     libedma_xwr18xx.ae674 : edma.oe674 (.text:EDMA_paramConfig_assist)
                  007f0f20    000001a0     rts6740_elf.lib : hostrename.c.obj (.text:HOSTrename)
                  007f10c0    000001a0     dss_data_path.oe674 (.text:quadraticInterpLog2ShortPeakLoc)
                  007f1260    000001a0     sysbios.ae674 : BIOS.obj (.text:ti_sysbios_family_c64p_EventCombiner_dispatch__E)
                  007f1400    000001a0     ti.targets.rts6000.ae674 : Core-smem.oe674 (.text:xdc_runtime_Core_constructObject__I)
                  007f15a0    00000180     libadcbuf_xwr18xx.ae674 : adcbuf_mmwave.oe674 (.text:ADCBUFCmdParamCheck)
                  007f1720    00000180     dss_main.oe674 (.text:MRR_DSS_DataPathOutputLogging)
                  007f18a0    00000180     rts6740_elf.lib : ldexp.c.obj (.text:ldexp)
                  007f1a20    00000180     sysbios.ae674 : c64p_Exception_asm.obj (.text)
                  007f1ba0    00000180                   : BIOS.obj (.text:ti_sysbios_family_c64p_Exception_internalHandler__I)
                  007f1d20    00000180                   : BIOS.obj (.text:ti_sysbios_knl_Task_exit__E)
                  007f1ea0    00000180                   : BIOS.obj (.text:ti_sysbios_utils_Load_logLoads__I)
                  007f2020    00000180                   : BIOS.obj (.text:ti_sysbios_utils_Load_startup__E)
                  007f21a0    00000160     libedma_xwr18xx.ae674 : edma.oe674 (.text:EDMA_getErrorStatusInfo)
                  007f2300    00000160     libsoc_xwr18xx.ae674 : soc.oe674 (.text:SOC_registerSysIntListener)
                  007f2460    00000160     sysbios.ae674 : BIOS.obj (.text:ti_sysbios_knl_Task_checkStacks__E)
                  007f25c0    00000160                   : BIOS.obj (.text:ti_sysbios_timers_rti_Timer_postInit__I)
                  007f2720    00000160                   : BIOS.obj (.text:ti_sysbios_utils_Load_idleFxn__E)
                  007f2880    00000160                   : BIOS.obj (.text:ti_sysbios_utils_Load_updateLoads__E)
                  007f29e0    00000160     ti.targets.rts6000.ae674 : Text.oe674 (.text:xdc_runtime_Text_putMod__E)
                  007f2b40    00000140     libedma_xwr18xx.ae674 : edma_low_level.oe674 (.text:EDMA3Init)
                  007f2c80    00000140                           : edma.oe674 (.text:EDMA_clearErrors)
                  007f2dc0    00000140     dss_config_edma_util.oe674 (.text:EDMAutil_configType1)
                  007f2f00    00000140     dss_config_edma_util.oe674 (.text:EDMAutil_configType2a)
                  007f3040    00000140     dss_config_edma_util.oe674 (.text:EDMAutil_configType3)
                  007f3180    00000140     sysbios.ae674 : BIOS.obj (.text:ti_sysbios_gates_GateMutex_enter__E)
                  007f32c0    00000140                   : BIOS.obj (.text:ti_sysbios_knl_Task_Module_startup__E)
                  007f3400    00000140                   : BIOS.obj (.text:ti_sysbios_knl_Task_blockI__E)
                  007f3540    00000140                   : BIOS.obj (.text:ti_sysbios_timers_rti_Timer_Module_startup__E)
                  007f3680    00000140     ti.targets.rts6000.ae674 : Core-mem.oe674 (.text:xdc_runtime_Core_deleteObject__I)
                  007f37c0    00000140                              : Text.oe674 (.text:xdc_runtime_Text_putLab__E)
                  007f3900    00000120     libadcbuf_xwr18xx.ae674 : adcbuf_mmwave.oe674 (.text:ADCBUF_MMWave_getChanBufAddr)
                  007f3a20    00000120     libedma_xwr18xx.ae674 : edma.oe674 (.text:EDMA_configParamSet)
                  007f3b40    00000120     boot.ae674 : autoinit.oe674 (.text:_auto_init_elf)
                  007f3c60    00000120     Extended_Kalman_Filter_xyz.oe674 (.text:arrangeTracksByAge)
                  007f3d80    00000120     rts6740_elf.lib : getdevice.c.obj (.text:getdevice)
                  007f3ea0    00000120     Extended_Kalman_Filter_xyz.oe674 (.text:symMatInv)
                  007f3fc0    00000120     sysbios.ae674 : BIOS.obj (.text:ti_sysbios_family_c64p_EventCombiner_disableEvent__E)
                  007f40e0    00000120                   : BIOS.obj (.text:ti_sysbios_family_c64p_EventCombiner_dispatchPlug__E)
                  007f4200    00000120                   : BIOS.obj (.text:ti_sysbios_family_c64p_EventCombiner_enableEvent__E)
                  007f4320    00000120                   : BIOS.obj (.text:ti_sysbios_knl_Semaphore_Instance_init__E)
                  007f4440    00000100     libmailbox_xwr18xx.ae674 : mailbox.oe674 (.text:Mailbox_readFlush)
                  007f4540    00000100     dss_main.oe674 (.text:MmwDemo_mboxReadProc)
                  007f4640    00000100     libsoc_xwr18xx.ae674 : soc_xwr18xx_dss.oe674 (.text:SOC_deviceInit)
                  007f4740    00000100                          : soc_xwr18xx.oe674 (.text:SOC_translateAddress)
                  007f4840    00000100     dss_main.oe674 (.text:_MmwDemo_dssAssert)
                  007f4940    00000100     rts6740_elf.lib : fclose.c.obj (.text:__TI_closefile)
                  007f4a40    00000100                     : fflush.c.obj (.text:fflush)
                  007f4b40    00000100                     : fseek.c.obj (.text:fseek)
                  007f4c40    00000100     Extended_Kalman_Filter_xyz.oe674 (.text:stateCovmatTimeUpdate)
                  007f4d40    00000100     sysbios.ae674 : BIOS.obj (.text:ti_sysbios_knl_Task_unblockI__E)
                  007f4e40    00000100                   : BIOS.obj (.text:ti_sysbios_timers_rti_Timer_initDevice__I)
                  007f4f40    00000100                   : BIOS.obj (.text:ti_sysbios_timers_rti_Timer_start__E)
                  007f5040    00000100     ti.targets.rts6000.ae674 : Error.oe674 (.text:xdc_runtime_Error_print__E)
                  007f5140    00000100                              : Memory.oe674 (.text:xdc_runtime_Memory_alloc__E)
                  007f5240    00000100                              : Startup.oe674 (.text:xdc_runtime_Startup_exec__E)
                  007f5340    000000e0     libedma_xwr18xx.ae674 : edma.oe674 (.text:EDMA_isTransferComplete)
                  007f5420    000000e0                           : edma.oe674 (.text:EDMA_transferController_error_isr)
                  007f5500    000000e0     dss_config_edma_util.oe674 (.text:EDMAutil_triggerType3)
                  007f55e0    000000e0     rts6740_elf.lib : hostlseek.c.obj (.text:HOSTlseek)
                  007f56c0    000000e0                     : hostopen.c.obj (.text:HOSTopen)
                  007f57a0    000000e0                     : hostwrite.c.obj (.text:HOSTwrite)
                  007f5880    000000e0     libmailbox_xwr18xx.ae674 : mailbox.oe674 (.text:Mailbox_boxFullISRMssDss)
                  007f5960    000000e0                              : mailbox.oe674 (.text:Mailbox_init)
                  007f5a40    000000e0     dss_data_path.oe674 (.text:MmwDemo_dataPathWait1DInputData)
                  007f5b20    000000e0     dss_data_path.oe674 (.text:MmwDemo_dataPathWait1DOutputData)
                  007f5c00    000000e0     dss_data_path.oe674 (.text:MmwDemo_dataPathWait2DInputData)
                  007f5ce0    000000e0     dss_data_path.oe674 (.text:MmwDemo_dataPathWait3DInputData)
                  007f5dc0    000000e0     rts6740_elf.lib : _io_perm.c.obj (.text:__TI_wrt_ok)
                  007f5ea0    000000e0                     : divi.asm.obj (.text:__divi)
                  007f5f80    000000e0                     : close.c.obj (.text:close)
                  007f6060    000000e0     Extended_Kalman_Filter_xyz.oe674 (.text:computePredictedMeas)
                  007f6140    000000e0     rts6740_elf.lib : exit.c.obj (.text:exit)
                  007f6220    000000e0                     : memset.c.obj (.text:memset)
                  007f6300    000000e0     sysbios.ae674 : BIOS.obj (.text:ti_sysbios_family_c64p_Cache_Module_startup__E)
                  007f63e0    000000e0                   : BIOS.obj (.text:ti_sysbios_family_c64p_Cache_getL2InitSize__I)
                  007f64c0    000000e0                   : BIOS.obj (.text:ti_sysbios_utils_Load_updateCurrentThreadTime__E)
                  007f65a0    000000c0     libedma_xwr18xx.ae674 : edma.oe674 (.text:EDMA_error_isr)
                  007f6660    000000c0     dss_config_edma_util.oe674 (.text:EDMA_setup_shadow_link)
                  007f6720    000000c0     libedma_xwr18xx.ae674 : edma.oe674 (.text:EDMA_startDmaTransfer)
                  007f67e0    000000c0     rts6740_elf.lib : hostread.c.obj (.text:HOSTread)
                  007f68a0    000000c0                     : hostunlink.c.obj (.text:HOSTunlink)
                  007f6960    000000c0     libmailbox_xwr18xx.ae674 : mailbox.oe674 (.text:Mailbox_boxFullISRProcessing)
                  007f6a20    000000c0     dss_data_path.oe674 (.text:MmwDemo_dataPathWaitTransDetMatrix2)
                  007f6ae0    000000c0     dss_data_path.oe674 (.text:MmwDemo_dataPathWaitTransDetMatrix)
                  007f6ba0    000000c0     rts6740_elf.lib : fflush.c.obj (.text:__TI_doflush)
                  007f6c60    000000c0                     : divu.asm.obj (.text:__divu)
                  007f6d20    000000c0                     : remi.asm.obj (.text:__remi)
                  007f6de0    000000c0     dss_data_path.oe674 (.text:convertSNRLinToVar)
                  007f6ea0    000000c0     dss_data_path.oe674 (.text:convertSNRdBToVar)
                  007f6f60    000000c0     rts6740_elf.lib : modf.c.obj (.text:modf)
                  007f7020    000000c0     dss_data_path.oe674 (.text:quadraticInterpFltPeakLoc)
                  007f70e0    000000c0     sysbios.ae674 : BIOS.obj (.text:ti_sysbios_family_c64p_Cache_getL1DInitSize__I)
                  007f71a0    000000c0                   : BIOS.obj (.text:ti_sysbios_family_c64p_Cache_getL1PInitSize__I)
                  007f7260    000000c0                   : BIOS.obj (.text:ti_sysbios_heaps_HeapMem_getStats__E)
                  007f7320    000000c0                   : BIOS.obj (.text:ti_sysbios_knl_Clock_logTick__E)
                  007f73e0    000000c0     dss_mrr_pe674.oe674 (.text:ti_sysbios_knl_Task_create)
                  007f74a0    000000c0     sysbios.ae674 : BIOS.obj (.text:ti_sysbios_timers_rti_Timer_startup__E)
                  007f7560    000000c0                   : BIOS.obj (.text:ti_sysbios_utils_Load_logCPULoad__I)
                  007f7620    000000c0                   : BIOS.obj (.text:ti_sysbios_utils_Load_taskCreateHook__E)
                  007f76e0    000000c0                   : BIOS.obj (.text:ti_sysbios_utils_Load_taskSwitchHook__E)
                  007f77a0    000000c0     rts6740_elf.lib : tls.c.obj (.text:tls:init:__TI_tls_init)
                  007f7860    000000c0     ti.targets.rts6000.ae674 : Assert.oe674 (.text:xdc_runtime_Assert_raise__I)
                  007f7920    000000c0                              : Error.oe674 (.text:xdc_runtime_Error_setX__E)
                  007f79e0    000000a0     libedma_xwr18xx.ae674 : edma_low_level.oe674 (.text:EDMA3EnableChInShadowReg)
                  007f7a80    000000a0                           : edma.oe674 (.text:EDMA_disableChannel)
                  007f7b20    000000a0                           : edma.oe674 (.text:EDMA_enableChannel)
                  007f7bc0    000000a0     rts6740_elf.lib : hostclose.c.obj (.text:HOSTclose)
                  007f7c60    000000a0     libmailbox_xwr18xx.ae674 : mailbox.oe674 (.text:Mailbox_boxEmptyISRProcessing)
                  007f7d00    000000a0     libsoc_xwr18xx.ae674 : soc.oe674 (.text:SOC_SystemISR)
                  007f7da0    000000a0     rts6740_elf.lib : fopen.c.obj (.text:__TI_cleanup)
                  007f7e40    000000a0                     : round.c.obj (.text:__c6xabi_nround)
                  007f7ee0    000000a0                     : remu.asm.obj (.text:__remu)
                  007f7f80    000000a0     boot.ae674 : boot.oe674 (.text:_c_int00)
                  007f8020    000000a0     gen_twiddle_fft16x16.oe674 (.text:d2s)
                  007f80c0    000000a0     rts6740_elf.lib : getdevice.c.obj (.text:finddevice)
                  007f8160    000000a0                     : memcpy64.asm.obj (.text:memcpy)
                  007f8200    000000a0     Extended_Kalman_Filter_xyz.oe674 (.text:stateVecMeasurementUpdate)
                  007f82a0    000000a0     sysbios.ae674 : BIOS.obj (.text:ti_sysbios_family_c64p_Hwi_Module_startup__E)
                  007f8340    000000a0                   : BIOS.obj (.text:ti_sysbios_family_c64p_Hwi_eventMap__E)
                  007f83e0    000000a0                   : BIOS.obj (.text:ti_sysbios_heaps_HeapMem_alloc__E)
                  007f8480    000000a0                   : BIOS.obj (.text:ti_sysbios_knl_Task_allBlockedFunction__I)
                  007f8520    000000a0                   : BIOS.obj (.text:ti_sysbios_timers_rti_Timer_setPeriodMicroSecs__E)
                  007f85c0    000000a0                   : BIOS.obj (.text:ti_sysbios_utils_Load_addTask__E)
                  007f8660    000000a0                   : BIOS.obj (.text:ti_sysbios_utils_Load_taskDeleteHook__E)
                  007f8700    000000a0     ti.targets.rts6000.ae674 : Core-params.oe674 (.text:xdc_runtime_Core_assignParams__I)
                  007f87a0    000000a0                              : System.oe674 (.text:xdc_runtime_System_formatNum__I)
                  007f8840    000000a0                              : System.oe674 (.text:xdc_runtime_System_putchar__I)
                  007f88e0    000000a0                              : Text.oe674 (.text:xdc_runtime_Text_printVisFxn__I)
                  007f8980    000000a0                              : Text.oe674 (.text:xdc_runtime_Text_xprintf__I)
                  007f8a20    00000080     libadcbuf_xwr18xx.ae674 : adcbuf_mmwave.oe674 (.text:ADCBUF_MMWave_close)
                  007f8aa0    00000080                             : ADCBuf.oe674 (.text:ADCBuf_init)
                  007f8b20    00000080     libedma_xwr18xx.ae674 : edma_low_level.oe674 (.text:EDMA3MapChToEvtQ)
                  007f8ba0    00000080                           : edma.oe674 (.text:EDMA_getTransferControllerErrorStatusInfo)
                  007f8c20    00000080                           : edma.oe674 (.text:EDMA_linkParamSets)
                  007f8ca0    00000080     dss_data_path.oe674 (.text:MmwDemo_edmaTransferControllerErrorCallbackFxn)
                  007f8d20    00000080     libosal_xwr18xx.ae674 : SemaphoreP_tirtos.oe674 (.text:SemaphoreP_create)
                  007f8da0    00000080     rts6740_elf.lib : trgmsg.c.obj (.text:__TI_readmsg)
                  007f8e20    00000080                     : llshift.c.obj (.text:__c6xabi_llshl)
                  007f8ea0    00000080     sysbios.ae674 : c62_TaskSupport_asm.obj (.text:_ti_sysbios_family_c62_TaskSupport_swap__E)
                  007f8f20    00000080     Extended_Kalman_Filter_xyz.oe674 (.text:computeHmat)
                  007f8fa0    00000080     dss_mrr_pe674.oe674 (.text:ti_sysbios_BIOS_atExitFunc__I)
                  007f9020    00000080     dss_mrr_pe674.oe674 (.text:ti_sysbios_BIOS_registerRTSLock__I)
                  007f90a0    00000080     sysbios.ae674 : BIOS.obj (.text:ti_sysbios_family_c64p_Cache_marInit__I)
                  007f9120    00000080                   : BIOS.obj (.text:ti_sysbios_family_c64p_Exception_Module_startup__E)
                  007f91a0    00000080                   : BIOS.obj (.text:ti_sysbios_family_c64p_Hwi_getStackInfo__E)
                  007f9220    00000080     dss_mrr_pe674.oe674 (.text:ti_sysbios_gates_GateHwi_Object__create__S)
                  007f92a0    00000080     dss_mrr_pe674.oe674 (.text:ti_sysbios_gates_GateMutex_Object__create__S)
                  007f9320    00000080     sysbios.ae674 : BIOS.obj (.text:ti_sysbios_hal_Hwi_checkStack)
                  007f93a0    00000080                   : BIOS.obj (.text:ti_sysbios_hal_Hwi_initStack)
                  007f9420    00000080     dss_mrr_pe674.oe674 (.text:ti_sysbios_heaps_HeapMem_Object__create__S)
                  007f94a0    00000080     sysbios.ae674 : BIOS.obj (.text:ti_sysbios_heaps_HeapMem_free__E)
                  007f9520    00000080                   : BIOS.obj (.text:ti_sysbios_heaps_HeapMem_init__I)
                  007f95a0    00000080     dss_mrr_pe674.oe674 (.text:ti_sysbios_knl_Clock_doTick__I)
                  007f9620    00000080     sysbios.ae674 : BIOS.obj (.text:ti_sysbios_knl_Idle_run__E)
                  007f96a0    00000080     dss_mrr_pe674.oe674 (.text:ti_sysbios_knl_Semaphore_create)
                  007f9720    00000080     sysbios.ae674 : BIOS.obj (.text:ti_sysbios_knl_Task_processVitalTaskFlag__I)
                  007f97a0    00000080     dss_mrr_pe674.oe674 (.text:ti_sysbios_rts_MemAlloc_alloc)
                  007f9820    00000080     sysbios.ae674 : BIOS.obj (.text:ti_sysbios_timers_rti_Timer_setPeriod__E)
                  007f98a0    00000080                   : BIOS.obj (.text:ti_sysbios_timers_rti_Timer_stop__E)
                  007f9920    00000080                   : BIOS.obj (.text:ti_sysbios_utils_Load_removeTask__E)
                  007f99a0    00000080     rts6740_elf.lib : unlink.c.obj (.text:unlink)
                  007f9a20    00000080     ti.targets.rts6000.ae674 : Core-label.oe674 (.text:xdc_runtime_Core_assignLabel__I)
                  007f9aa0    00000080                              : SysStd.oe674 (.text:xdc_runtime_SysStd_abort__E)
                  007f9b20    00000080                              : System.oe674 (.text:xdc_runtime_System_atexit__E)
                  007f9ba0    00000080                              : System.oe674 (.text:xdc_runtime_System_avprintf__E)
                  007f9c20    00000080                              : System.oe674 (.text:xdc_runtime_System_processAtExit__E)
                  007f9ca0    00000080                              : System.oe674 (.text:xdc_runtime_System_vprintf__E)
                  007f9d20    00000060     libadcbuf_xwr18xx.ae674 : ADCBuf.oe674 (.text:ADCBuf_open)
                  007f9d80    00000060     libedma_xwr18xx.ae674 : edma_low_level.oe674 (.text:EDMA3ClrEvt)
                  007f9de0    00000060                           : edma_low_level.oe674 (.text:EDMA3ClrIntr)
                  007f9e40    00000060                           : edma_low_level.oe674 (.text:EDMA3ClrMissEvt)
                  007f9ea0    00000060                           : edma_low_level.oe674 (.text:EDMA3DisableDmaEvt)
                  007f9f00    00000060                           : edma_low_level.oe674 (.text:EDMA3DisableEvtIntr)
                  007f9f60    00000060                           : edma_low_level.oe674 (.text:EDMA3EnableDmaEvt)
                  007f9fc0    00000060                           : edma_low_level.oe674 (.text:EDMA3EnableEvtIntr)
                  007fa020    00000060                           : edma_low_level.oe674 (.text:EDMA3SetEvt)
                  007fa080    00000060                           : edma.oe674 (.text:EDMA_configTransferControllerError)
                  007fa0e0    00000060                           : edma.oe674 (.text:EDMA_isError)
                  007fa140    00000060                           : edma.oe674 (.text:EDMA_setDestinationAddress)
                  007fa1a0    00000060                           : edma.oe674 (.text:EDMA_setSourceAddress)
                  007fa200    00000060                           : edma.oe674 (.text:EDMA_validate_channelIdchannelType)
                  007fa260    00000060     libmailbox_xwr18xx.ae674 : mailbox.oe674 (.text:Mailbox_Config_init)
                  007fa2c0    00000060     dss_data_path.oe674 (.text:MmwDemo_dataPathCopyEdmaHandle)
                  007fa320    00000060     dss_data_path.oe674 (.text:MmwDemo_dataPathInit1Dstate)
                  007fa380    00000060     libsoc_xwr18xx.ae674 : soc.oe674 (.text:SOC_unhaltBSS)
                  007fa3e0    00000060     rts6740_elf.lib : trgmsg.c.obj (.text:__TI_writemsg)
                  007fa440    00000060                     : llshift.c.obj (.text:__c6xabi_llshru)
                  007fa4a0    00000060                     : imath64.c.obj (.text:_subcull)
                  007fa500    00000060     sysbios.ae674 : c64p_Hwi_asm_switch.obj (.text:_ti_sysbios_family_c64p_Hwi_switchAndDispatch__I)
                  007fa560    00000060     gen_twiddle_fft32x32.oe674 (.text:d2i)
                  007fa5c0    00000060     rts6740_elf.lib : lseek.c.obj (.text:lseek)
                  007fa620    00000060     dss_data_path.oe674 (.text:parkingAssistInit)
                  007fa680    00000060     Extended_Kalman_Filter_xyz.oe674 (.text:select_QVec)
                  007fa6e0    00000060     dss_mrr_pe674.oe674 (.text:ti_sysbios_BIOS_errorRaiseHook__I)
                  007fa740    00000060     dss_mrr_pe674.oe674 (.text:ti_sysbios_BIOS_removeRTSLock__I)
                  007fa7a0    00000060     dss_mrr_pe674.oe674 (.text:ti_sysbios_BIOS_startFunc__I)
                  007fa800    00000060     sysbios.ae674 : BIOS.obj (.text:ti_sysbios_family_c62_TaskSupport_start__E)
                  007fa860    00000060                   : BIOS.obj (.text:ti_sysbios_family_c64p_Cache_setMar__E)
                  007fa8c0    00000060                   : BIOS.obj (.text:ti_sysbios_family_c64p_Cache_setSize__E)
                  007fa920    00000060                   : BIOS.obj (.text:ti_sysbios_family_c64p_EventCombiner_Module_startup__E)
                  007fa980    00000060                   : BIOS.obj (.text:ti_sysbios_family_c64p_EventCombiner_unused__E)
                  007fa9e0    00000060     dss_mrr_pe674.oe674 (.text:ti_sysbios_gates_GateMutex_Object__delete__S)
                  007faa40    00000060     sysbios.ae674 : BIOS.obj (.text:ti_sysbios_knl_Clock_Module_startup__E)
                  007faaa0    00000060     dss_mrr_pe674.oe674 (.text:ti_sysbios_knl_Queue_construct)
                  007fab00    00000060     dss_mrr_pe674.oe674 (.text:ti_sysbios_knl_Semaphore_construct)
                  007fab60    00000060     sysbios.ae674 : BIOS.obj (.text:ti_sysbios_knl_Task_enter__I)
                  007fabc0    00000060                   : BIOS.obj (.text:ti_sysbios_knl_Task_getMode__E)
                  007fac20    00000060                   : BIOS.obj (.text:ti_sysbios_knl_Task_restoreHwi__E)
                  007fac80    00000060                   : BIOS.obj (.text:ti_sysbios_knl_Task_restore__E)
                  007face0    00000060     rts6740_elf.lib : write.c.obj (.text:write)
                  007fad40    00000060     ti.targets.rts6000.ae674 : Memory.oe674 (.text:xdc_runtime_Memory_valloc__E)
                  007fada0    00000060                              : Text.oe674 (.text:xdc_runtime_Text_cordText__E)
                  007fae00    00000040     libadcbuf_xwr18xx.ae674 : adcbuf_mmwave.oe674 (.text:ADCBUFContinuousModeCtrl)
                  007fae40    00000040                             : adcbuf_mmwave.oe674 (.text:ADCBUFSetPingNumChirpThreshhold)
                  007fae80    00000040                             : adcbuf_mmwave.oe674 (.text:ADCBUFSetPongNumChirpThreshhold)
                  007faec0    00000040                             : adcbuf_mmwave.oe674 (.text:ADCBUFSrcSelect)
                  007faf00    00000040                             : adcbuf_mmwave.oe674 (.text:CSL_FEXTR)
                  007faf40    00000040     libsoc_xwr18xx.ae674 : soc.oe674 (.text:CSL_FEXTR)
                  007faf80    00000040     libadcbuf_xwr18xx.ae674 : adcbuf_mmwave.oe674 (.text:CSL_FINSR)
                  007fafc0    00000040     libmailbox_xwr18xx.ae674 : mailbox.oe674 (.text:CSL_FINSR)
                  007fb000    00000040     libsoc_xwr18xx.ae674 : soc.oe674 (.text:CSL_FINSR)
                  007fb040    00000040                          : soc_xwr18xx_dss.oe674 (.text:CSL_FINSR)
                  007fb080    00000040     libedma_xwr18xx.ae674 : edma_low_level.oe674 (.text:EDMA3MapQdmaChToPaRAM)
                  007fb0c0    00000040                           : edma_low_level.oe674 (.text:EDMA3SetPaRAM)
                  007fb100    00000040                           : edma_low_level.oe674 (.text:EDMA3SetQdmaTrigWord)
                  007fb140    00000040     libosal_xwr18xx.ae674 : HwiP_tirtos.oe674 (.text:HwiP_create)
                  007fb180    00000040     dss_main.oe674 (.text:MRR_DSS_chirpIntCallback)
                  007fb1c0    00000040     dss_main.oe674 (.text:MRR_DSS_frameStartIntCallback)
                  007fb200    00000040     libmailbox_xwr18xx.ae674 : mailbox.oe674 (.text:Mailbox_boxEmptyISRBss)
                  007fb240    00000040                              : mailbox.oe674 (.text:Mailbox_boxEmptyISRMssDss)
                  007fb280    00000040                              : mailbox.oe674 (.text:Mailbox_boxFullISRBss)
                  007fb2c0    00000040     dss_data_path.oe674 (.text:MmwDemo_edmaErrorCallbackFxn)
                  007fb300    00000040     libsoc_xwr18xx.ae674 : soc_xwr18xx_dss.oe674 (.text:SOC_getInAddr_LUTType)
                  007fb340    00000040                          : soc_xwr18xx_dss.oe674 (.text:SOC_getOutAddr_LUTType)
                  007fb380    00000040     rts6740_elf.lib : frcmpyd_div.c.obj (.text:__TI_frcmpyd_div)
                  007fb3c0    00000040     Extended_Kalman_Filter_xyz.oe674 (.text:__c6xabi_isnanf)
                  007fb400    00000040     rts6740_elf.lib : strasg.asm.obj (.text:__strasgi_64plus)
                  007fb440    00000040                     : args_main.c.obj (.text:_args_main)
                  007fb480    00000040     sysbios.ae674 : c62_TaskSupport_asm.obj (.text:_ti_sysbios_family_c62_TaskSupport_buildTaskStack)
                  007fb4c0    00000040     dss_mrr_pe674.oe674 (.text:free)
                  007fb500    00000040     dss_mrr_pe674.oe674 (.text:ti_sysbios_BIOS_exitFunc__I)
                  007fb540    00000040     dss_mrr_pe674.oe674 (.text:ti_sysbios_BIOS_rtsLock__I)
                  007fb580    00000040     dss_mrr_pe674.oe674 (.text:ti_sysbios_BIOS_rtsUnlock__I)
                  007fb5c0    00000040     sysbios.ae674 : BIOS.obj (.text:ti_sysbios_family_c64p_Exception_externalHandler__I)
                  007fb600    00000040                   : BIOS.obj (.text:ti_sysbios_family_c64p_Exception_nmiHandler__I)
                  007fb640    00000040                   : BIOS.obj (.text:ti_sysbios_family_c64p_Hwi_disableIER__E)
                  007fb680    00000040                   : BIOS.obj (.text:ti_sysbios_family_c64p_Hwi_dispatchC__I)
                  007fb6c0    00000040                   : BIOS.obj (.text:ti_sysbios_family_c64p_Hwi_enableIER__E)
                  007fb700    00000040                   : BIOS.obj (.text:ti_sysbios_family_c64p_Hwi_getEventId__E)
                  007fb740    00000040     dss_mrr_pe674.oe674 (.text:ti_sysbios_gates_GateHwi_Handle__label__S)
                  007fb780    00000040     dss_mrr_pe674.oe674 (.text:ti_sysbios_gates_GateHwi_Object__delete__S)
                  007fb7c0    00000040     dss_mrr_pe674.oe674 (.text:ti_sysbios_gates_GateMutex_Handle__label__S)
                  007fb800    00000040     sysbios.ae674 : BIOS.obj (.text:ti_sysbios_gates_GateMutex_Instance_finalize__E)
                  007fb840    00000040                   : BIOS.obj (.text:ti_sysbios_gates_GateMutex_Instance_init__E)
                  007fb880    00000040                   : BIOS.obj (.text:ti_sysbios_gates_GateMutex_leave__E)
                  007fb8c0    00000040     dss_mrr_pe674.oe674 (.text:ti_sysbios_heaps_HeapMem_Handle__label__S)
                  007fb900    00000040     dss_mrr_pe674.oe674 (.text:ti_sysbios_heaps_HeapMem_Object__delete__S)
                  007fb940    00000040     dss_mrr_pe674.oe674 (.text:ti_sysbios_heaps_HeapMem_Object__get__S)
                  007fb980    00000040     sysbios.ae674 : BIOS.obj (.text:ti_sysbios_knl_Clock_addI__E)
                  007fb9c0    00000040                   : BIOS.obj (.text:ti_sysbios_knl_Semaphore_Instance_finalize__E)
                  007fba00    00000040     dss_mrr_pe674.oe674 (.text:ti_sysbios_knl_Semaphore_destruct)
                  007fba40    00000040     sysbios.ae674 : BIOS.obj (.text:ti_sysbios_knl_Semaphore_pendTimeout__I)
                  007fba80    00000040     dss_mrr_pe674.oe674 (.text:ti_sysbios_knl_Task_Object__get__S)
                  007fbac0    00000040     sysbios.ae674 : BIOS.obj (.text:ti_sysbios_knl_Task_unblock__E)
                  007fbb00    00000040                   : BIOS.obj (.text:ti_sysbios_timers_rti_Timer_ackInterrupt__E)
                  007fbb40    00000040                   : BIOS.obj (.text:ti_sysbios_timers_rti_Timer_checkOverflow__I)
                  007fbb80    00000040                   : BIOS.obj (.text:ti_sysbios_utils_Load_getTaskLoad__E)
                  007fbbc0    00000040     ti.targets.rts6000.ae674 : Error.oe674 (.text:xdc_runtime_Error_check__E)
                  007fbc00    00000040                              : Error.oe674 (.text:xdc_runtime_Error_init__E)
                  007fbc40    00000040                              : Registry.oe674 (.text:xdc_runtime_Registry_findById__E)
                  007fbc80    00000040                              : System.oe674 (.text:xdc_runtime_System_abort__E)
                  007fbcc0    00000040     dss_mrr_pe674.oe674 (.text:xdc_runtime_System_aprintf__E)
                  007fbd00    00000040     ti.targets.rts6000.ae674 : System.oe674 (.text:xdc_runtime_System_exit__E)
                  007fbd40    00000040     dss_mrr_pe674.oe674 (.text:xdc_runtime_System_printf__E)
                  007fbd80    00000020     libadcbuf_xwr18xx.ae674 : adcbuf_mmwave.oe674 (.text:ADCBUF_MMWave_init)
                  007fbda0    00000020                             : ADCBuf.oe674 (.text:ADCBuf_Params_init)
                  007fbdc0    00000020                             : ADCBuf.oe674 (.text:ADCBuf_control)
                  007fbde0    00000020     libedma_xwr18xx.ae674 : edma_low_level.oe674 (.text:EDMA3ChannelToParamMap)
                  007fbe00    00000020                           : edma_low_level.oe674 (.text:EDMA3ClrCCErr)
                  007fbe20    00000020                           : edma_low_level.oe674 (.text:EDMA3DisableQdmaEvt)
                  007fbe40    00000020                           : edma_low_level.oe674 (.text:EDMA3EnableQdmaEvt)
                  007fbe60    00000020                           : edma_low_level.oe674 (.text:EDMA3ErrIntrHighStatusGet)
                  007fbe80    00000020                           : edma_low_level.oe674 (.text:EDMA3GetCCErrStatus)
                  007fbea0    00000020                           : edma_low_level.oe674 (.text:EDMA3GetErrIntrStatus)
                  007fbec0    00000020                           : edma_low_level.oe674 (.text:EDMA3GetIntrStatus)
                  007fbee0    00000020                           : edma_low_level.oe674 (.text:EDMA3IntrStatusHighGet)
                  007fbf00    00000020                           : edma_low_level.oe674 (.text:EDMA3QdmaClrMissEvt)
                  007fbf20    00000020                           : edma_low_level.oe674 (.text:EDMA3QdmaGetErrIntrStatus)
                  007fbf40    00000020                           : edma.oe674 (.text:EDMA_getNumInstances)
                  007fbf60    00000020                           : edma_low_level.oe674 (.text:EDMAsetRegion)
                  007fbf80    00000020     libosal_xwr18xx.ae674 : HwiP_tirtos.oe674 (.text:HwiP_Params_init)
                  007fbfa0    00000020                           : HwiP_tirtos.oe674 (.text:HwiP_disable)
                  007fbfc0    00000020                           : HwiP_tirtos.oe674 (.text:HwiP_disableInterrupt)
                  007fbfe0    00000020                           : HwiP_tirtos.oe674 (.text:HwiP_enableInterrupt)
                  007fc000    00000020                           : HwiP_tirtos.oe674 (.text:HwiP_restore)
                  007fc020    00000020                           : MemoryP_tirtos.oe674 (.text:MemoryP_ctrlAlloc)
                  007fc040    00000020                           : MemoryP_tirtos.oe674 (.text:MemoryP_ctrlFree)
                  007fc060    00000020     dss_main.oe674 (.text:MmwDemo_mboxCallback)
                  007fc080    00000020     dss_main.oe674 (.text:MmwDemo_sleep)
                  007fc0a0    00000020     libsoc_xwr18xx.ae674 : soc_xwr18xx.oe674 (.text:SOC_gateClock)
                  007fc0c0    00000020                          : soc_xwr18xx.oe674 (.text:SOC_ungateClock)
                  007fc0e0    00000020     libosal_xwr18xx.ae674 : SemaphoreP_tirtos.oe674 (.text:SemaphoreP_Params_init)
                  007fc100    00000020                           : SemaphoreP_tirtos.oe674 (.text:SemaphoreP_pend)
                  007fc120    00000020                           : SemaphoreP_tirtos.oe674 (.text:SemaphoreP_post)
                  007fc140    00000020                           : DebugP_tirtos.oe674 (.text:_DebugP_assert)
                  007fc160    00000020     rts6740_elf.lib : errno.c.obj (.text:__c6xabi_errno_addr)
                  007fc180    00000020                     : trunc.c.obj (.text:__c6xabi_trunc)
                  007fc1a0    00000020                     : push.asm.obj (.text:__pop_rts)
                  007fc1c0    00000020                     : push.asm.obj (.text:__push_rts)
                  007fc1e0    00000020                     : _lock.c.obj (.text:_nop)
                  007fc200    00000020                     : _lock.c.obj (.text:_register_lock)
                  007fc220    00000020                     : _lock.c.obj (.text:_register_unlock)
                  007fc240    00000020     sysbios.ae674 : c62_TaskSupport_asm.obj (.text:_ti_sysbios_family_c62_TaskSupport_glue)
                  007fc260    00000020     rts6740_elf.lib : exit.c.obj (.text:abort)
                  007fc280    00000020                     : fputc.c.obj (.text:putchar)
                  007fc2a0    00000020     dss_mrr_pe674.oe674 (.text:ti_sysbios_BIOS_RtsGateProxy_enter__E)
                  007fc2c0    00000020     dss_mrr_pe674.oe674 (.text:ti_sysbios_BIOS_RtsGateProxy_leave__E)
                  007fc2e0    00000020     sysbios.ae674 : BIOS.obj (.text:ti_sysbios_BIOS_getCpuFreq__E)
                  007fc300    00000020                   : BIOS.obj (.text:ti_sysbios_BIOS_linkedWithIncorrectBootLibrary__E)
                  007fc320    00000020     dss_mrr_pe674.oe674 (.text:ti_sysbios_BIOS_nullFunc__I)
                  007fc340    00000020     sysbios.ae674 : BIOS.obj (.text:ti_sysbios_BIOS_setThreadType__E)
                  007fc360    00000020                   : BIOS.obj (.text:ti_sysbios_BIOS_start__E)
                  007fc380    00000020     dss_mrr_pe674.oe674 (.text:ti_sysbios_family_c62_TaskSupport_Module__startupDone__S)
                  007fc3a0    00000020     sysbios.ae674 : BIOS.obj (.text:ti_sysbios_family_c62_TaskSupport_checkStack__E)
                  007fc3c0    00000020                   : BIOS.obj (.text:ti_sysbios_family_c62_TaskSupport_getStackAlignment__E)
                  007fc3e0    00000020     dss_mrr_pe674.oe674 (.text:ti_sysbios_family_c64p_Hwi_Module__startupDone__F)
                  007fc400    00000020     sysbios.ae674 : BIOS.obj (.text:ti_sysbios_family_c64p_Hwi_clearInterrupt__E)
                  007fc420    00000020                   : BIOS.obj (.text:ti_sysbios_family_c64p_Hwi_disableInterrupt__E)
                  007fc440    00000020                   : BIOS.obj (.text:ti_sysbios_family_c64p_Hwi_enableInterrupt__E)
                  007fc460    00000020                   : BIOS.obj (.text:ti_sysbios_family_c64p_Hwi_getIsrStackAddress__I)
                  007fc480    00000020                   : BIOS.obj (.text:ti_sysbios_family_c64p_Hwi_startup__E)
                  007fc4a0    00000020                   : BIOS.obj (.text:ti_sysbios_family_c64p_Hwi_switchFromBootStack__E)
                  007fc4c0    00000020                   : BIOS.obj (.text:ti_sysbios_family_c64p_TimestampProvider_Module_startup__E)
                  007fc4e0    00000020                   : BIOS.obj (.text:ti_sysbios_family_c64p_TimestampProvider_get32__E)
                  007fc500    00000020                   : BIOS.obj (.text:ti_sysbios_gates_GateHwi_Instance_init__E)
                  007fc520    00000020                   : BIOS.obj (.text:ti_sysbios_gates_GateHwi_enter__E)
                  007fc540    00000020                   : BIOS.obj (.text:ti_sysbios_gates_GateHwi_leave__E)
                  007fc560    00000020                   : BIOS.obj (.text:ti_sysbios_gates_GateHwi_query__E)
                  007fc580    00000020                   : BIOS.obj (.text:ti_sysbios_gates_GateMutex_query__E)
                  007fc5a0    00000020                   : BIOS.obj (.text:ti_sysbios_hal_Hwi_Module_startup__E)
                  007fc5c0    00000020     dss_mrr_pe674.oe674 (.text:ti_sysbios_heaps_HeapMem_Module_GateProxy_enter__E)
                  007fc5e0    00000020     dss_mrr_pe674.oe674 (.text:ti_sysbios_heaps_HeapMem_Module_GateProxy_leave__E)
                  007fc600    00000020     sysbios.ae674 : BIOS.obj (.text:ti_sysbios_heaps_HeapMem_isBlocking__E)
                  007fc620    00000020                   : BIOS.obj (.text:ti_sysbios_heaps_HeapMem_restore__E)
                  007fc640    00000020     dss_mrr_pe674.oe674 (.text:ti_sysbios_knl_Clock_TimerProxy_getMaxTicks__E)
                  007fc660    00000020     sysbios.ae674 : BIOS.obj (.text:ti_sysbios_knl_Clock_removeI__E)
                  007fc680    00000020                   : BIOS.obj (.text:ti_sysbios_knl_Clock_startI__E)
                  007fc6a0    00000020                   : BIOS.obj (.text:ti_sysbios_knl_Idle_loop__E)
                  007fc6c0    00000020                   : BIOS.obj (.text:ti_sysbios_knl_Queue_Instance_init__E)
                  007fc6e0    00000020     dss_mrr_pe674.oe674 (.text:ti_sysbios_knl_Queue_Object__get__S)
                  007fc700    00000020     sysbios.ae674 : BIOS.obj (.text:ti_sysbios_knl_Queue_dequeue__E)
                  007fc720    00000020     dss_mrr_pe674.oe674 (.text:ti_sysbios_knl_Queue_destruct)
                  007fc740    00000020     sysbios.ae674 : BIOS.obj (.text:ti_sysbios_knl_Queue_empty__E)
                  007fc760    00000020                   : BIOS.obj (.text:ti_sysbios_knl_Queue_enqueue__E)
                  007fc780    00000020                   : BIOS.obj (.text:ti_sysbios_knl_Queue_put__E)
                  007fc7a0    00000020                   : BIOS.obj (.text:ti_sysbios_knl_Queue_remove__E)
                  007fc7c0    00000020     dss_mrr_pe674.oe674 (.text:ti_sysbios_knl_Semaphore_Params__init__S)
                  007fc7e0    00000020     dss_mrr_pe674.oe674 (.text:ti_sysbios_knl_Task_Params__init__S)
                  007fc800    00000020     sysbios.ae674 : BIOS.obj (.text:ti_sysbios_knl_Task_disable__E)
                  007fc820    00000020                   : BIOS.obj (.text:ti_sysbios_knl_Task_enabled__E)
                  007fc840    00000020                   : BIOS.obj (.text:ti_sysbios_knl_Task_startup__E)
                  007fc860    00000020     dss_mrr_pe674.oe674 (.text:ti_sysbios_timers_rti_Timer_Module__startupDone__F)
                  007fc880    00000020     sysbios.ae674 : BIOS.obj (.text:ti_sysbios_timers_rti_Timer_getMaxTicks__E)
                  007fc8a0    00000020                   : BIOS.obj (.text:ti_sysbios_timers_rti_Timer_periodicStub__E)
                  007fc8c0    00000020                   : BIOS.obj (.text:ti_sysbios_utils_Load_taskRegHook__E)
                  007fc8e0    00000020     ti.targets.rts6000.ae674 : Error.oe674 (.text:xdc_runtime_Error_getSite__E)
                  007fc900    00000020                              : Error.oe674 (.text:xdc_runtime_Error_raiseX__E)
                  007fc920    00000020                              : Gate.oe674 (.text:xdc_runtime_Gate_enterSystem__E)
                  007fc940    00000020                              : Gate.oe674 (.text:xdc_runtime_Gate_leaveSystem__E)
                  007fc960    00000020     dss_mrr_pe674.oe674 (.text:xdc_runtime_IHeap_alloc)
                  007fc980    00000020     dss_mrr_pe674.oe674 (.text:xdc_runtime_IHeap_free)
                  007fc9a0    00000020     ti.targets.rts6000.ae674 : Memory.oe674 (.text:xdc_runtime_Memory_calloc__E)
                  007fc9c0    00000020                              : Memory.oe674 (.text:xdc_runtime_Memory_free__E)
                  007fc9e0    00000020                              : Memory.oe674 (.text:xdc_runtime_Memory_getMaxDefaultTypeAlign__E)
                  007fca00    00000020     dss_mrr_pe674.oe674 (.text:xdc_runtime_Startup_exec__I)
                  007fca20    00000020     dss_mrr_pe674.oe674 (.text:xdc_runtime_Startup_reset__I)
                  007fca40    00000020     ti.targets.rts6000.ae674 : Startup.oe674 (.text:xdc_runtime_Startup_rtsDone__E)
                  007fca60    00000020                              : SysStd.oe674 (.text:xdc_runtime_SysStd_exit__E)
                  007fca80    00000020                              : SysStd.oe674 (.text:xdc_runtime_SysStd_putch__E)
                  007fcaa0    00000020                              : SysStd.oe674 (.text:xdc_runtime_SysStd_ready__E)
                  007fcac0    00000020     dss_mrr_pe674.oe674 (.text:xdc_runtime_System_Module_GateProxy_enter__E)
                  007fcae0    00000020     dss_mrr_pe674.oe674 (.text:xdc_runtime_System_Module_GateProxy_leave__E)
                  007fcb00    00000020     ti.targets.rts6000.ae674 : System.oe674 (.text:xdc_runtime_System_Module_startup__E)
                  007fcb20    00000020                              : System.oe674 (.text:xdc_runtime_System_vsnprintf__E)
                  007fcb40    00000020                              : Text.oe674 (.text:xdc_runtime_Text_ropeText__E)
                  007fcb60    00000020     dss_mrr_pe674.oe674 (.text:xdc_runtime_Text_visitRope__I)
                  007fcb80    00000010     mathlib.ae674 : rsqrtsp.oe674 ($Tramp$S$$rsqrtsp)
                  007fcb90    00000010                   : exp2sp.oe674 ($Tramp$S$$exp2sp)
                  007fcba0    00000010     dss_data_path.oe674 ($Tramp$S$$MmwDemo_waitEndOfChirps)
                  007fcbb0    00000010     dss_data_path.oe674 ($Tramp$S$$MmwDemo_processChirp)
                  007fcbc0    00000010     clusteringDBscan.oe674 ($Tramp$S$$clusteringDBscan_findNeighbors2Fixed)
                  007fcbd0    00000010     mathlib.ae674 : divsp.oe674 ($Tramp$S$$divsp)
                  007fcbe0    00000010                   : atan2sp.oe674 ($Tramp$S$$atan2sp)
                  007fcbf0    00000010                   : recipsp.oe674 ($Tramp$S$$recipsp)
                  007fcc00    00000010                   : sqrtsp.oe674 ($Tramp$S$$sqrtsp)
                  007fcc10    00000010     Extended_Kalman_Filter_xyz.oe674 ($Tramp$S$$isTargetWithinDataAssociationThresh)
                  007fcc20    00000010     dss_data_path.oe674 ($Tramp$S$$MmwDemo_XYestimation)
                  007fcc30    00000010     dsplib.ae64P : DSP_fft32x32_sa.oe64P ($Tramp$S$$DSP_fft32x32)
                  007fcc40    00000010     libmmwavealg_xwr18xx.ae674 : mmwavelib_dftsinglebin.oe674 ($Tramp$S$$mmwavelib_dftSingleBinWithWindow)
                  007fcc50    00000010     dss_data_path.oe674 ($Tramp$S$$cfarCadB_SO_withSNR)
                  007fcc60    00000010     dss_data_path.oe674 ($Tramp$S$$cfarCa_SO_dBwrap_withSNR)
                  007fcc70    00000010     dss_data_path.oe674 ($Tramp$S$$secondDimFFTandLog2Computation)

.stack     0    007fcc80    00000418     UNINITIALIZED
                  007fcc80    00000008     boot.ae674 : boot.oe674 (.stack)
                  007fcc88    00000410     --HOLE--

.l2data    0    00800000    00019000     UNINITIALIZED
                  00800000    00019000     dss_data_path.oe674 (.l2data)

systemHeap 
*          0    00819000    00004000     UNINITIALIZED
                  00819000    00004000     dss_mrr_pe674.oe674 (systemHeap)

.const     0    0081d000    00000e09     
                  0081d000    00000518     sysbios.ae674 : BIOS.obj (.const:.string)
                  0081d518    00000074     dss_mrr_pe674.oe674 (.const:.string)
                  0081d58c    00000058     libedma_xwr18xx.ae674 : edma.oe674 (.const:.string)
                  0081d5e4    00000058     ti.targets.rts6000.ae674 : Error.oe674 (.const:.string)
                  0081d63c    0000004c     libmailbox_xwr18xx.ae674 : mailbox.oe674 (.const:.string)
                  0081d688    00000048     dss_data_path.oe674 (.const:.string)
                  0081d6d0    00000044     dss_main.oe674 (.const:.string)
                  0081d714    00000044     dss_mrr_pe674.oe674 (.const:ti_sysbios_knl_Task_Object__PARAMS__C)
                  0081d758    00000040     libmmwavealg_xwr18xx.ae674 : mmwavelib_log2abs.oe674 (.const:.string:c_Log2LookUp)
                  0081d798    00000040     ti.targets.rts6000.ae674 : Text.oe674 (.const:.string)
                  0081d7d8    0000003c     libsoc_xwr18xx.ae674 : soc_xwr18xx_dss.oe674 (.const:.string)
                  0081d814    00000004     ti.targets.rts6000.ae674 : Assert.oe674 (.const:.string)
                  0081d818    00000038     libedma_xwr18xx.ae674 : edma_xwr1xxx.oe674 (.const:gEdmaHwAttrs)
                  0081d850    0000002c     ti.targets.rts6000.ae674 : Startup.oe674 (.const:.string)
                  0081d87c    00000028     dss_mrr_pe674.oe674 (.const:ti_sysbios_heaps_HeapMem_Module__FXNS__C)
                  0081d8a4    00000004     dss_mrr_pe674.oe674 (.const:ti_sysbios_family_c62_TaskSupport_stackAlignment__C)
                  0081d8a8    00000028     dss_mrr_pe674.oe674 (.const:xdc_runtime_Startup_sfxnTab__A)
                  0081d8d0    00000024     libmailbox_xwr18xx.ae674 : mailbox.oe674 (.const:Mailbox_defaultCfg)
                  0081d8f4    00000024     dss_mrr_pe674.oe674 (.const:ti_sysbios_gates_GateHwi_Module__FXNS__C)
                  0081d918    00000024     dss_mrr_pe674.oe674 (.const:ti_sysbios_gates_GateMutex_Module__FXNS__C)
                  0081d93c    00000024     dss_mrr_pe674.oe674 (.const:ti_sysbios_heaps_HeapMem_Object__PARAMS__C)
                  0081d960    00000024     dss_mrr_pe674.oe674 (.const:ti_sysbios_knl_Semaphore_Object__PARAMS__C)
                  0081d984    00000020     libosal_xwr18xx.ae674 : SemaphoreP_tirtos.oe674 (.const:.string)
                  0081d9a4    00000020     dss_mrr_pe674.oe674 (.const:ti_sysbios_gates_GateHwi_Object__DESC__C)
                  0081d9c4    00000020     dss_mrr_pe674.oe674 (.const:ti_sysbios_gates_GateMutex_Object__DESC__C)
                  0081d9e4    00000020     dss_mrr_pe674.oe674 (.const:ti_sysbios_heaps_HeapMem_Object__DESC__C)
                  0081da04    00000020     dss_mrr_pe674.oe674 (.const:ti_sysbios_knl_Queue_Object__DESC__C)
                  0081da24    00000020     dss_mrr_pe674.oe674 (.const:ti_sysbios_knl_Semaphore_Object__DESC__C)
                  0081da44    00000020     dss_mrr_pe674.oe674 (.const:ti_sysbios_knl_Task_Object__DESC__C)
                  0081da64    00000018     ti.targets.rts6000.ae674 : System.oe674 (.const:.string)
                  0081da7c    00000018     dss_mrr_pe674.oe674 (.const:ti_sysbios_gates_GateHwi_Object__PARAMS__C)
                  0081da94    00000018     dss_mrr_pe674.oe674 (.const:ti_sysbios_gates_GateMutex_Object__PARAMS__C)
                  0081daac    00000018     dss_mrr_pe674.oe674 (.const:ti_sysbios_knl_Queue_Object__PARAMS__C)
                  0081dac4    00000004     dss_mrr_pe674.oe674 (.const:ti_sysbios_family_c64p_Cache_E_invalidL1CacheSize__C)
                  0081dac8    00000018     dss_mrr_pe674.oe674 (.const:ti_sysbios_knl_Task_hooks__A)
                  0081dae0    00000014     libadcbuf_xwr18xx.ae674 : adcbuf_mmwave.oe674 (.const:.string)
                  0081daf4    00000014                             : adcbuf_mmwave.oe674 (.const:gADCBufFxnTable)
                  0081db08    00000014     dss_mrr_pe674.oe674 (.const:xdc_runtime_Startup_sfxnRts__A)
                  0081db1c    00000010     libadcbuf_xwr18xx.ae674 : ADCBuf.oe674 (.const:ADCBuf_defaultParams)
                  0081db2c    00000004     dss_mrr_pe674.oe674 (.const:ti_sysbios_family_c64p_Cache_E_invalidL2CacheSize__C)
                  0081db30    00000010     libedma_xwr18xx.ae674 : edma.oe674 (.const:EDMA_config$1)
                  0081db40    00000010     libadcbuf_xwr18xx.ae674 : adcbuf_xwr1xxx.oe674 (.const:gADCBufHwCfg)
                  0081db50    00000010     dss_mrr_pe674.oe674 (.const:ti_sysbios_family_c64p_EventCombiner_EVTMASK__C)
                  0081db60    0000000c     dss_mrr_pe674.oe674 (.const:ti_sysbios_knl_Idle_funcList__A)
                  0081db6c    00000008     dss_mrr_pe674.oe674 (.const:ti_sysbios_knl_Idle_funcList__C)
                  0081db74    00000008     dss_mrr_pe674.oe674 (.const:ti_sysbios_knl_Task_hooks__C)
                  0081db7c    00000004     dss_mrr_pe674.oe674 (.const:ti_sysbios_family_c64p_Cache_MAR0_31__C)
                  0081db80    00000008     dss_mrr_pe674.oe674 (.const:xdc_runtime_Startup_firstFxns__A)
                  0081db88    00000008     dss_mrr_pe674.oe674 (.const:xdc_runtime_Startup_firstFxns__C)
                  0081db90    00000008     dss_mrr_pe674.oe674 (.const:xdc_runtime_Startup_lastFxns__C)
                  0081db98    00000004     dss_mrr_pe674.oe674 (.const:ti_sysbios_family_c64p_Cache_MAR128_159__C)
                  0081db9c    00000004     dss_mrr_pe674.oe674 (.const:ti_sysbios_family_c64p_Cache_MAR160_191__C)
                  0081dba0    00000004     dss_mrr_pe674.oe674 (.const:ti_sysbios_family_c64p_Cache_MAR192_223__C)
                  0081dba4    00000004     dss_mrr_pe674.oe674 (.const:ti_sysbios_family_c64p_Cache_MAR224_255__C)
                  0081dba8    00000004     dss_mrr_pe674.oe674 (.const:ti_sysbios_family_c64p_Cache_MAR32_63__C)
                  0081dbac    00000004     dss_mrr_pe674.oe674 (.const:ti_sysbios_family_c64p_Cache_MAR64_95__C)
                  0081dbb0    00000004     dss_mrr_pe674.oe674 (.const:ti_sysbios_family_c64p_Cache_MAR96_127__C)
                  0081dbb4    00000004     dss_mrr_pe674.oe674 (.const:ti_sysbios_family_c64p_EventCombiner_A_invalidEventId__C)
                  0081dbb8    00000004     dss_mrr_pe674.oe674 (.const:ti_sysbios_family_c64p_EventCombiner_EVTRegs__C)
                  0081dbbc    00000004     dss_mrr_pe674.oe674 (.const:ti_sysbios_family_c64p_EventCombiner_E_unpluggedEvent__C)
                  0081dbc0    00000004     dss_mrr_pe674.oe674 (.const:ti_sysbios_family_c64p_EventCombiner_Module__diagsEnabled__C)
                  0081dbc4    00000004     dss_mrr_pe674.oe674 (.const:ti_sysbios_family_c64p_EventCombiner_Module__diagsIncluded__C)
                  0081dbc8    00000004     dss_mrr_pe674.oe674 (.const:ti_sysbios_family_c64p_EventCombiner_Module__diagsMask__C)
                  0081dbcc    00000004     dss_mrr_pe674.oe674 (.const:ti_sysbios_family_c64p_Exception_E_exceptionMax__C)
                  0081dbd0    00000004     dss_mrr_pe674.oe674 (.const:ti_sysbios_family_c64p_Exception_exceptionHook__C)
                  0081dbd4    00000004     dss_mrr_pe674.oe674 (.const:ti_sysbios_family_c64p_Exception_externalHook__C)
                  0081dbd8    00000004     dss_mrr_pe674.oe674 (.const:ti_sysbios_family_c64p_Exception_internalHook__C)
                  0081dbdc    00000004     dss_mrr_pe674.oe674 (.const:ti_sysbios_family_c64p_Exception_nmiHook__C)
                  0081dbe0    00000004     dss_mrr_pe674.oe674 (.const:ti_sysbios_family_c64p_Hwi_INTRMUX1Address__C)
                  0081dbe4    00000004     dss_mrr_pe674.oe674 (.const:ti_sysbios_family_c64p_Hwi_LD_end__C)
                  0081dbe8    00000004     dss_mrr_pe674.oe674 (.const:ti_sysbios_family_c64p_Hwi_LM_begin__C)
                  0081dbec    00000004     dss_mrr_pe674.oe674 (.const:ti_sysbios_family_c64p_Hwi_Module__diagsEnabled__C)
                  0081dbf0    00000004     dss_mrr_pe674.oe674 (.const:ti_sysbios_family_c64p_Hwi_Module__diagsIncluded__C)
                  0081dbf4    00000004     dss_mrr_pe674.oe674 (.const:ti_sysbios_family_c64p_Hwi_Module__diagsMask__C)
                  0081dbf8    00000004     dss_mrr_pe674.oe674 (.const:ti_sysbios_family_c64p_Hwi_Module__loggerFxn1__C)
                  0081dbfc    00000004     dss_mrr_pe674.oe674 (.const:ti_sysbios_family_c64p_Hwi_Module__loggerFxn8__C)
                  0081dc00    00000004     dss_mrr_pe674.oe674 (.const:ti_sysbios_family_c64p_Hwi_Module__loggerObj__C)
                  0081dc04    00000004     dss_mrr_pe674.oe674 (.const:ti_sysbios_gates_GateMutex_A_badContext__C)
                  0081dc08    00000004     dss_mrr_pe674.oe674 (.const:ti_sysbios_gates_GateMutex_Instance_State_sem__O)
                  0081dc0c    00000004     dss_mrr_pe674.oe674 (.const:ti_sysbios_gates_GateMutex_Module__diagsEnabled__C)
                  0081dc10    00000004     dss_mrr_pe674.oe674 (.const:ti_sysbios_gates_GateMutex_Module__diagsIncluded__C)
                  0081dc14    00000004     dss_mrr_pe674.oe674 (.const:ti_sysbios_gates_GateMutex_Module__diagsMask__C)
                  0081dc18    00000004     dss_mrr_pe674.oe674 (.const:ti_sysbios_hal_Hwi_E_stackOverflow__C)
                  0081dc1c    00000004     dss_mrr_pe674.oe674 (.const:ti_sysbios_heaps_HeapMem_A_align__C)
                  0081dc20    00000004     dss_mrr_pe674.oe674 (.const:ti_sysbios_heaps_HeapMem_A_heapSize__C)
                  0081dc24    00000004     dss_mrr_pe674.oe674 (.const:ti_sysbios_heaps_HeapMem_A_invalidFree__C)
                  0081dc28    00000004     dss_mrr_pe674.oe674 (.const:ti_sysbios_heaps_HeapMem_A_zeroBlock__C)
                  0081dc2c    00000004     dss_mrr_pe674.oe674 (.const:ti_sysbios_heaps_HeapMem_E_memory__C)
                  0081dc30    00000004     dss_mrr_pe674.oe674 (.const:ti_sysbios_heaps_HeapMem_Module__diagsEnabled__C)
                  0081dc34    00000004     dss_mrr_pe674.oe674 (.const:ti_sysbios_heaps_HeapMem_Module__diagsIncluded__C)
                  0081dc38    00000004     dss_mrr_pe674.oe674 (.const:ti_sysbios_heaps_HeapMem_Module__diagsMask__C)
                  0081dc3c    00000004     dss_mrr_pe674.oe674 (.const:ti_sysbios_heaps_HeapMem_Module__gateObj__C)
                  0081dc40    00000004     dss_mrr_pe674.oe674 (.const:ti_sysbios_heaps_HeapMem_Object__count__C)
                  0081dc44    00000004     dss_mrr_pe674.oe674 (.const:ti_sysbios_heaps_HeapMem_reqAlign__C)
                  0081dc48    00000004     dss_mrr_pe674.oe674 (.const:ti_sysbios_knl_Clock_LM_begin__C)
                  0081dc4c    00000004     dss_mrr_pe674.oe674 (.const:ti_sysbios_knl_Clock_LM_tick__C)
                  0081dc50    00000004     dss_mrr_pe674.oe674 (.const:ti_sysbios_knl_Clock_LW_delayed__C)
                  0081dc54    00000004     dss_mrr_pe674.oe674 (.const:ti_sysbios_knl_Clock_Module_State_clockQ__O)
                  0081dc58    00000004     dss_mrr_pe674.oe674 (.const:ti_sysbios_knl_Clock_Module__diagsEnabled__C)
                  0081dc5c    00000004     dss_mrr_pe674.oe674 (.const:ti_sysbios_knl_Clock_Module__diagsIncluded__C)
                  0081dc60    00000004     dss_mrr_pe674.oe674 (.const:ti_sysbios_knl_Clock_Module__diagsMask__C)
                  0081dc64    00000004     dss_mrr_pe674.oe674 (.const:ti_sysbios_knl_Clock_Module__loggerFxn1__C)
                  0081dc68    00000004     dss_mrr_pe674.oe674 (.const:ti_sysbios_knl_Clock_Module__loggerFxn2__C)
                  0081dc6c    00000004     dss_mrr_pe674.oe674 (.const:ti_sysbios_knl_Clock_Module__loggerObj__C)
                  0081dc70    00000004     dss_mrr_pe674.oe674 (.const:ti_sysbios_knl_Semaphore_A_badContext__C)
                  0081dc74    00000004     dss_mrr_pe674.oe674 (.const:ti_sysbios_knl_Semaphore_A_noEvents__C)
                  0081dc78    00000004     dss_mrr_pe674.oe674 (.const:ti_sysbios_knl_Semaphore_A_overflow__C)
                  0081dc7c    00000004     dss_mrr_pe674.oe674 (.const:ti_sysbios_knl_Semaphore_A_pendTaskDisabled__C)
                  0081dc80    00000004     dss_mrr_pe674.oe674 (.const:ti_sysbios_knl_Semaphore_Instance_State_pendQ__O)
                  0081dc84    00000004     dss_mrr_pe674.oe674 (.const:ti_sysbios_knl_Semaphore_LM_pend__C)
                  0081dc88    00000004     dss_mrr_pe674.oe674 (.const:ti_sysbios_knl_Semaphore_LM_post__C)
                  0081dc8c    00000004     dss_mrr_pe674.oe674 (.const:ti_sysbios_knl_Semaphore_Module__diagsEnabled__C)
                  0081dc90    00000004     dss_mrr_pe674.oe674 (.const:ti_sysbios_knl_Semaphore_Module__diagsIncluded__C)
                  0081dc94    00000004     dss_mrr_pe674.oe674 (.const:ti_sysbios_knl_Semaphore_Module__diagsMask__C)
                  0081dc98    00000004     dss_mrr_pe674.oe674 (.const:ti_sysbios_knl_Semaphore_Module__loggerFxn2__C)
                  0081dc9c    00000004     dss_mrr_pe674.oe674 (.const:ti_sysbios_knl_Semaphore_Module__loggerFxn4__C)
                  0081dca0    00000004     dss_mrr_pe674.oe674 (.const:ti_sysbios_knl_Semaphore_Module__loggerObj__C)
                  0081dca4    00000004     dss_mrr_pe674.oe674 (.const:ti_sysbios_knl_Task_A_badPriority__C)
                  0081dca8    00000004     dss_mrr_pe674.oe674 (.const:ti_sysbios_knl_Task_A_badTaskState__C)
                  0081dcac    00000004     dss_mrr_pe674.oe674 (.const:ti_sysbios_knl_Task_A_badThreadType__C)
                  0081dcb0    00000004     dss_mrr_pe674.oe674 (.const:ti_sysbios_knl_Task_A_noPendElem__C)
                  0081dcb4    00000004     dss_mrr_pe674.oe674 (.const:ti_sysbios_knl_Task_E_spOutOfBounds__C)
                  0081dcb8    00000004     dss_mrr_pe674.oe674 (.const:ti_sysbios_knl_Task_E_stackOverflow__C)
                  0081dcbc    00000004     dss_mrr_pe674.oe674 (.const:ti_sysbios_knl_Task_LD_block__C)
                  0081dcc0    00000004     dss_mrr_pe674.oe674 (.const:ti_sysbios_knl_Task_LD_exit__C)
                  0081dcc4    00000004     dss_mrr_pe674.oe674 (.const:ti_sysbios_knl_Task_LD_ready__C)
                  0081dcc8    00000004     dss_mrr_pe674.oe674 (.const:ti_sysbios_knl_Task_LM_switch__C)
                  0081dccc    00000004     dss_mrr_pe674.oe674 (.const:ti_sysbios_knl_Task_Module_State_inactiveQ__O)
                  0081dcd0    00000004     dss_mrr_pe674.oe674 (.const:ti_sysbios_knl_Task_Module__diagsEnabled__C)
                  0081dcd4    00000004     dss_mrr_pe674.oe674 (.const:ti_sysbios_knl_Task_Module__diagsIncluded__C)
                  0081dcd8    00000004     dss_mrr_pe674.oe674 (.const:ti_sysbios_knl_Task_Module__diagsMask__C)
                  0081dcdc    00000004     dss_mrr_pe674.oe674 (.const:ti_sysbios_knl_Task_Module__loggerFxn2__C)
                  0081dce0    00000004     dss_mrr_pe674.oe674 (.const:ti_sysbios_knl_Task_Module__loggerFxn4__C)
                  0081dce4    00000004     dss_mrr_pe674.oe674 (.const:ti_sysbios_knl_Task_Module__loggerObj__C)
                  0081dce8    00000004     dss_mrr_pe674.oe674 (.const:ti_sysbios_knl_Task_Object__count__C)
                  0081dcec    00000004     dss_mrr_pe674.oe674 (.const:ti_sysbios_knl_Task_Object__heap__C)
                  0081dcf0    00000004     dss_mrr_pe674.oe674 (.const:ti_sysbios_knl_Task_allBlockedFunc__C)
                  0081dcf4    00000004     dss_mrr_pe674.oe674 (.const:ti_sysbios_knl_Task_defaultStackHeap__C)
                  0081dcf8    00000004     dss_mrr_pe674.oe674 (.const:ti_sysbios_knl_Task_defaultStackSize__C)
                  0081dcfc    00000004     dss_mrr_pe674.oe674 (.const:ti_sysbios_knl_Task_numConstructedTasks__C)
                  0081dd00    00000004     dss_mrr_pe674.oe674 (.const:ti_sysbios_timers_rti_Timer_E_cannotSupport__C)
                  0081dd04    00000004     dss_mrr_pe674.oe674 (.const:ti_sysbios_timers_rti_Timer_Module__diagsEnabled__C)
                  0081dd08    00000004     dss_mrr_pe674.oe674 (.const:ti_sysbios_timers_rti_Timer_Module__diagsIncluded__C)
                  0081dd0c    00000004     dss_mrr_pe674.oe674 (.const:ti_sysbios_timers_rti_Timer_Module__diagsMask__C)
                  0081dd10    00000004     dss_mrr_pe674.oe674 (.const:ti_sysbios_timers_rti_Timer_numTimerDevices__C)
                  0081dd14    00000004     dss_mrr_pe674.oe674 (.const:ti_sysbios_timers_rti_Timer_startupNeeded__C)
                  0081dd18    00000004     dss_mrr_pe674.oe674 (.const:ti_sysbios_utils_Load_LS_cpuLoad__C)
                  0081dd1c    00000004     dss_mrr_pe674.oe674 (.const:ti_sysbios_utils_Load_LS_taskLoad__C)
                  0081dd20    00000004     dss_mrr_pe674.oe674 (.const:ti_sysbios_utils_Load_Module_State_taskList__O)
                  0081dd24    00000004     dss_mrr_pe674.oe674 (.const:ti_sysbios_utils_Load_Module__diagsEnabled__C)
                  0081dd28    00000004     dss_mrr_pe674.oe674 (.const:ti_sysbios_utils_Load_Module__diagsIncluded__C)
                  0081dd2c    00000004     dss_mrr_pe674.oe674 (.const:ti_sysbios_utils_Load_Module__diagsMask__C)
                  0081dd30    00000004     dss_mrr_pe674.oe674 (.const:ti_sysbios_utils_Load_Module__loggerFxn1__C)
                  0081dd34    00000004     dss_mrr_pe674.oe674 (.const:ti_sysbios_utils_Load_Module__loggerFxn4__C)
                  0081dd38    00000004     dss_mrr_pe674.oe674 (.const:ti_sysbios_utils_Load_Module__loggerObj__C)
                  0081dd3c    00000004     dss_mrr_pe674.oe674 (.const:ti_sysbios_utils_Load_postUpdate__C)
                  0081dd40    00000004     dss_mrr_pe674.oe674 (.const:ti_sysbios_utils_Load_windowInMs__C)
                  0081dd44    00000004     dss_mrr_pe674.oe674 (.const:xdc_runtime_Assert_E_assertFailed__C)
                  0081dd48    00000004     dss_mrr_pe674.oe674 (.const:xdc_runtime_Core_A_initializedParams__C)
                  0081dd4c    00000004     dss_mrr_pe674.oe674 (.const:xdc_runtime_Core_Module__diagsEnabled__C)
                  0081dd50    00000004     dss_mrr_pe674.oe674 (.const:xdc_runtime_Core_Module__diagsIncluded__C)
                  0081dd54    00000004     dss_mrr_pe674.oe674 (.const:xdc_runtime_Core_Module__diagsMask__C)
                  0081dd58    00000004     dss_mrr_pe674.oe674 (.const:xdc_runtime_Error_E_memory__C)
                  0081dd5c    00000004     dss_mrr_pe674.oe674 (.const:xdc_runtime_Error_Module__diagsEnabled__C)
                  0081dd60    00000004     dss_mrr_pe674.oe674 (.const:xdc_runtime_Error_Module__diagsIncluded__C)
                  0081dd64    00000004     dss_mrr_pe674.oe674 (.const:xdc_runtime_Error_Module__diagsMask__C)
                  0081dd68    00000004     dss_mrr_pe674.oe674 (.const:xdc_runtime_Error_Module__loggerFxn8__C)
                  0081dd6c    00000004     dss_mrr_pe674.oe674 (.const:xdc_runtime_Error_Module__loggerObj__C)
                  0081dd70    00000004     dss_mrr_pe674.oe674 (.const:xdc_runtime_Error_policyFxn__C)
                  0081dd74    00000004     dss_mrr_pe674.oe674 (.const:xdc_runtime_Error_policy__C)
                  0081dd78    00000004     dss_mrr_pe674.oe674 (.const:xdc_runtime_Error_raiseHook__C)
                  0081dd7c    00000004     dss_mrr_pe674.oe674 (.const:xdc_runtime_IGateProvider_Interface__BASE__C)
                  0081dd80    00000004     dss_mrr_pe674.oe674 (.const:xdc_runtime_IHeap_Interface__BASE__C)
                  0081dd84    00000004     dss_mrr_pe674.oe674 (.const:xdc_runtime_IModule_Interface__BASE__C)
                  0081dd88    00000004     dss_mrr_pe674.oe674 (.const:xdc_runtime_Log_L_error__C)
                  0081dd8c    00000004     dss_mrr_pe674.oe674 (.const:xdc_runtime_Memory_defaultHeapInstance__C)
                  0081dd90    00000004     dss_mrr_pe674.oe674 (.const:xdc_runtime_Startup_execImpl__C)
                  0081dd94    00000004     dss_mrr_pe674.oe674 (.const:xdc_runtime_Startup_maxPasses__C)
                  0081dd98    00000004     dss_mrr_pe674.oe674 (.const:xdc_runtime_Startup_sfxnRts__C)
                  0081dd9c    00000004     dss_mrr_pe674.oe674 (.const:xdc_runtime_Startup_sfxnTab__C)
                  0081dda0    00000004     dss_mrr_pe674.oe674 (.const:xdc_runtime_System_Module__gateObj__C)
                  0081dda4    00000004     dss_mrr_pe674.oe674 (.const:xdc_runtime_System_abortFxn__C)
                  0081dda8    00000004     dss_mrr_pe674.oe674 (.const:xdc_runtime_System_exitFxn__C)
                  0081ddac    00000004     dss_mrr_pe674.oe674 (.const:xdc_runtime_System_extendFxn__C)
                  0081ddb0    00000004     dss_mrr_pe674.oe674 (.const:xdc_runtime_System_maxAtexitHandlers__C)
                  0081ddb4    00000004     dss_mrr_pe674.oe674 (.const:xdc_runtime_Text_charTab__C)
                  0081ddb8    00000004     dss_mrr_pe674.oe674 (.const:xdc_runtime_Text_nameEmpty__C)
                  0081ddbc    00000004     dss_mrr_pe674.oe674 (.const:xdc_runtime_Text_nameStatic__C)
                  0081ddc0    00000004     dss_mrr_pe674.oe674 (.const:xdc_runtime_Text_nameUnknown__C)
                  0081ddc4    00000004     dss_mrr_pe674.oe674 (.const:xdc_runtime_Text_visitRopeFxn__C)
                  0081ddc8    00000002     dss_mrr_pe674.oe674 (.const:ti_sysbios_family_c64p_Cache_Module__id__C)
                  0081ddca    00000002     dss_mrr_pe674.oe674 (.const:ti_sysbios_family_c64p_EventCombiner_Module__id__C)
                  0081ddcc    00000002     dss_mrr_pe674.oe674 (.const:ti_sysbios_family_c64p_Exception_Module__id__C)
                  0081ddce    00000002     dss_mrr_pe674.oe674 (.const:ti_sysbios_family_c64p_Exception_useInternalBuffer__C)
                  0081ddd0    00000002     dss_mrr_pe674.oe674 (.const:ti_sysbios_family_c64p_Hwi_Module__id__C)
                  0081ddd2    00000002     dss_mrr_pe674.oe674 (.const:ti_sysbios_family_c64p_Hwi_Module__loggerDefined__C)
                  0081ddd4    00000002     dss_mrr_pe674.oe674 (.const:ti_sysbios_gates_GateMutex_Module__id__C)
                  0081ddd6    00000002     dss_mrr_pe674.oe674 (.const:ti_sysbios_hal_Hwi_Module__id__C)
                  0081ddd8    00000002     dss_mrr_pe674.oe674 (.const:ti_sysbios_heaps_HeapMem_Module__id__C)
                  0081ddda    00000002     dss_mrr_pe674.oe674 (.const:ti_sysbios_knl_Clock_Module__id__C)
                  0081dddc    00000002     dss_mrr_pe674.oe674 (.const:ti_sysbios_knl_Clock_Module__loggerDefined__C)
                  0081ddde    00000002     dss_mrr_pe674.oe674 (.const:ti_sysbios_knl_Semaphore_Module__id__C)
                  0081dde0    00000002     dss_mrr_pe674.oe674 (.const:ti_sysbios_knl_Semaphore_Module__loggerDefined__C)
                  0081dde2    00000002     dss_mrr_pe674.oe674 (.const:ti_sysbios_knl_Task_Module__id__C)
                  0081dde4    00000002     dss_mrr_pe674.oe674 (.const:ti_sysbios_knl_Task_Module__loggerDefined__C)
                  0081dde6    00000002     dss_mrr_pe674.oe674 (.const:ti_sysbios_timers_rti_Timer_Module__id__C)
                  0081dde8    00000002     dss_mrr_pe674.oe674 (.const:ti_sysbios_timers_rti_Timer_continueOnSuspend__C)
                  0081ddea    00000002     dss_mrr_pe674.oe674 (.const:ti_sysbios_utils_Load_Module__id__C)
                  0081ddec    00000002     dss_mrr_pe674.oe674 (.const:ti_sysbios_utils_Load_Module__loggerDefined__C)
                  0081ddee    00000002     dss_mrr_pe674.oe674 (.const:ti_sysbios_utils_Load_autoAddTasks__C)
                  0081ddf0    00000002     dss_mrr_pe674.oe674 (.const:ti_sysbios_utils_Load_updateInIdle__C)
                  0081ddf2    00000002     dss_mrr_pe674.oe674 (.const:xdc_runtime_Core_Module__id__C)
                  0081ddf4    00000002     dss_mrr_pe674.oe674 (.const:xdc_runtime_Error_Module__loggerDefined__C)
                  0081ddf6    00000002     dss_mrr_pe674.oe674 (.const:xdc_runtime_Error_maxDepth__C)
                  0081ddf8    00000002     dss_mrr_pe674.oe674 (.const:xdc_runtime_Main_Module__id__C)
                  0081ddfa    00000002     dss_mrr_pe674.oe674 (.const:xdc_runtime_Memory_Module__id__C)
                  0081ddfc    00000002     dss_mrr_pe674.oe674 (.const:xdc_runtime_Text_charCnt__C)
                  0081ddfe    00000002     dss_mrr_pe674.oe674 (.const:xdc_runtime_Text_isLoaded__C)
                  0081de00    00000002     dss_mrr_pe674.oe674 (.const:xdc_runtime_Text_registryModsLastId__C)
                  0081de02    00000002     dss_mrr_pe674.oe674 (.const:xdc_runtime_Text_unnamedModsLastId__C)
                  0081de04    00000004     --HOLE-- [fill = 0]
                  0081de08    00000001     dss_mrr_pe674.oe674 (.const:xdc_runtime_Text_charTab__A)

.cio       0    0081fc00    00000120     UNINITIALIZED
                  0081fc00    00000120     rts6740_elf.lib : trgmsg.c.obj (.cio)

.bss       0    0081fde4    0000000c     UNINITIALIZED
                  0081fde4    0000000c     dss_data_path.oe674 (.bss)

.neardata 
[...]
0081dbc8  ti_sysbios_family_c64p_EventCombiner_Module__diagsMask__C    
0081dbcc  ti_sysbios_family_c64p_Exception_E_exceptionMax__C           
0081dbd0  ti_sysbios_family_c64p_Exception_exceptionHook__C            
0081dbd4  ti_sysbios_family_c64p_Exception_externalHook__C             
0081dbd8  ti_sysbios_family_c64p_Exception_internalHook__C             
0081dbdc  ti_sysbios_family_c64p_Exception_nmiHook__C                  
0081dbe0  ti_sysbios_family_c64p_Hwi_INTRMUX1Address__C                
0081dbe4  ti_sysbios_family_c64p_Hwi_LD_end__C                         
0081dbe8  ti_sysbios_family_c64p_Hwi_LM_begin__C                       
0081dbec  ti_sysbios_family_c64p_Hwi_Module__diagsEnabled__C           
0081dbf0  ti_sysbios_family_c64p_Hwi_Module__diagsIncluded__C          
0081dbf4  ti_sysbios_family_c64p_Hwi_Module__diagsMask__C              
0081dbf8  ti_sysbios_family_c64p_Hwi_Module__loggerFxn1__C             
0081dbfc  ti_sysbios_family_c64p_Hwi_Module__loggerFxn8__C             
0081dc00  ti_sysbios_family_c64p_Hwi_Module__loggerObj__C              
0081dc04  ti_sysbios_gates_GateMutex_A_badContext__C                   
0081dc08  ti_sysbios_gates_GateMutex_Instance_State_sem__O             
0081dc0c  ti_sysbios_gates_GateMutex_Module__diagsEnabled__C           
0081dc10  ti_sysbios_gates_GateMutex_Module__diagsIncluded__C          
0081dc14  ti_sysbios_gates_GateMutex_Module__diagsMask__C              
0081dc18  ti_sysbios_hal_Hwi_E_stackOverflow__C                        
0081dc1c  ti_sysbios_heaps_HeapMem_A_align__C                          
0081dc20  ti_sysbios_heaps_HeapMem_A_heapSize__C                       
0081dc24  ti_sysbios_heaps_HeapMem_A_invalidFree__C                    
0081dc28  ti_sysbios_heaps_HeapMem_A_zeroBlock__C                      
0081dc2c  ti_sysbios_heaps_HeapMem_E_memory__C                         
0081dc30  ti_sysbios_heaps_HeapMem_Module__diagsEnabled__C             
0081dc34  ti_sysbios_heaps_HeapMem_Module__diagsIncluded__C            
0081dc38  ti_sysbios_heaps_HeapMem_Module__diagsMask__C                
0081dc3c  ti_sysbios_heaps_HeapMem_Module__gateObj__C                  
0081dc40  ti_sysbios_heaps_HeapMem_Object__count__C                    
0081dc44  ti_sysbios_heaps_HeapMem_reqAlign__C                         
0081dc48  ti_sysbios_knl_Clock_LM_begin__C                             
0081dc4c  ti_sysbios_knl_Clock_LM_tick__C                              
0081dc50  ti_sysbios_knl_Clock_LW_delayed__C                           
0081dc54  ti_sysbios_knl_Clock_Module_State_clockQ__O                  
0081dc58  ti_sysbios_knl_Clock_Module__diagsEnabled__C                 
0081dc5c  ti_sysbios_knl_Clock_Module__diagsIncluded__C                
0081dc60  ti_sysbios_knl_Clock_Module__diagsMask__C                    
0081dc64  ti_sysbios_knl_Clock_Module__loggerFxn1__C                   
0081dc68  ti_sysbios_knl_Clock_Module__loggerFxn2__C                   
0081dc6c  ti_sysbios_knl_Clock_Module__loggerObj__C                    
0081dc70  ti_sysbios_knl_Semaphore_A_badContext__C                     
0081dc74  ti_sysbios_knl_Semaphore_A_noEvents__C                       
0081dc78  ti_sysbios_knl_Semaphore_A_overflow__C                       
0081dc7c  ti_sysbios_knl_Semaphore_A_pendTaskDisabled__C               
0081dc80  ti_sysbios_knl_Semaphore_Instance_State_pendQ__O             
0081dc84  ti_sysbios_knl_Semaphore_LM_pend__C                          
0081dc88  ti_sysbios_knl_Semaphore_LM_post__C                          
0081dc8c  ti_sysbios_knl_Semaphore_Module__diagsEnabled__C             
0081dc90  ti_sysbios_knl_Semaphore_Module__diagsIncluded__C            
0081dc94  ti_sysbios_knl_Semaphore_Module__diagsMask__C                
0081dc98  ti_sysbios_knl_Semaphore_Module__loggerFxn2__C               
0081dc9c  ti_sysbios_knl_Semaphore_Module__loggerFxn4__C               
0081dca0  ti_sysbios_knl_Semaphore_Module__loggerObj__C                
0081dca4  ti_sysbios_knl_Task_A_badPriority__C                         
0081dca8  ti_sysbios_knl_Task_A_badTaskState__C                        
0081dcac  ti_sysbios_knl_Task_A_badThreadType__C                       
0081dcb0  ti_sysbios_knl_Task_A_noPendElem__C                          
0081dcb4  ti_sysbios_knl_Task_E_spOutOfBounds__C                       
0081dcb8  ti_sysbios_knl_Task_E_stackOverflow__C                       
0081dcbc  ti_sysbios_knl_Task_LD_block__C                              
0081dcc0  ti_sysbios_knl_Task_LD_exit__C                               
0081dcc4  ti_sysbios_knl_Task_LD_ready__C                              
0081dcc8  ti_sysbios_knl_Task_LM_switch__C                             
0081dccc  ti_sysbios_knl_Task_Module_State_inactiveQ__O                
0081dcd0  ti_sysbios_knl_Task_Module__diagsEnabled__C                  
0081dcd4  ti_sysbios_knl_Task_Module__diagsIncluded__C                 
0081dcd8  ti_sysbios_knl_Task_Module__diagsMask__C                     
0081dcdc  ti_sysbios_knl_Task_Module__loggerFxn2__C                    
0081dce0  ti_sysbios_knl_Task_Module__loggerFxn4__C                    
0081dce4  ti_sysbios_knl_Task_Module__loggerObj__C                     
0081dce8  ti_sysbios_knl_Task_Object__count__C                         
0081dcec  ti_sysbios_knl_Task_Object__heap__C                          
0081dcf0  ti_sysbios_knl_Task_allBlockedFunc__C                        
0081dcf4  ti_sysbios_knl_Task_defaultStackHeap__C                      
0081dcf8  ti_sysbios_knl_Task_defaultStackSize__C                      
0081dcfc  ti_sysbios_knl_Task_numConstructedTasks__C                   
0081dd00  ti_sysbios_timers_rti_Timer_E_cannotSupport__C               
0081dd04  ti_sysbios_timers_rti_Timer_Module__diagsEnabled__C          
0081dd08  ti_sysbios_timers_rti_Timer_Module__diagsIncluded__C         
0081dd0c  ti_sysbios_timers_rti_Timer_Module__diagsMask__C             
0081dd10  ti_sysbios_timers_rti_Timer_numTimerDevices__C               
0081dd14  ti_sysbios_timers_rti_Timer_startupNeeded__C                 
0081dd18  ti_sysbios_utils_Load_LS_cpuLoad__C                          
0081dd1c  ti_sysbios_utils_Load_LS_taskLoad__C                         
0081dd20  ti_sysbios_utils_Load_Module_State_taskList__O               
0081dd24  ti_sysbios_utils_Load_Module__diagsEnabled__C                
0081dd28  ti_sysbios_utils_Load_Module__diagsIncluded__C               
0081dd2c  ti_sysbios_utils_Load_Module__diagsMask__C                   
0081dd30  ti_sysbios_utils_Load_Module__loggerFxn1__C                  
0081dd34  ti_sysbios_utils_Load_Module__loggerFxn4__C                  
0081dd38  ti_sysbios_utils_Load_Module__loggerObj__C                   
0081dd3c  ti_sysbios_utils_Load_postUpdate__C                          
0081dd40  ti_sysbios_utils_Load_windowInMs__C                          
0081dd44  xdc_runtime_Assert_E_assertFailed__C                         
0081dd48  xdc_runtime_Core_A_initializedParams__C                      
0081dd4c  xdc_runtime_Core_Module__diagsEnabled__C                     
0081dd50  xdc_runtime_Core_Module__diagsIncluded__C                    
0081dd54  xdc_runtime_Core_Module__diagsMask__C                        
0081dd58  xdc_runtime_Error_E_memory__C                                
0081dd5c  xdc_runtime_Error_Module__diagsEnabled__C                    
0081dd60  xdc_runtime_Error_Module__diagsIncluded__C                   
0081dd64  xdc_runtime_Error_Module__diagsMask__C                       
0081dd68  xdc_runtime_Error_Module__loggerFxn8__C                      
0081dd6c  xdc_runtime_Error_Module__loggerObj__C                       
0081dd70  xdc_runtime_Error_policyFxn__C                               
0081dd74  xdc_runtime_Error_policy__C                                  
0081dd78  xdc_runtime_Error_raiseHook__C                               
0081dd7c  xdc_runtime_IGateProvider_Interface__BASE__C                 
0081dd80  xdc_runtime_IHeap_Interface__BASE__C                         
0081dd84  xdc_runtime_IModule_Interface__BASE__C                       
0081dd88  xdc_runtime_Log_L_error__C                                   
0081dd8c  xdc_runtime_Memory_defaultHeapInstance__C                    
0081dd90  xdc_runtime_Startup_execImpl__C                              
0081dd94  xdc_runtime_Startup_maxPasses__C                             
0081dd98  xdc_runtime_Startup_sfxnRts__C                               
0081dd9c  xdc_runtime_Startup_sfxnTab__C                               
0081dda0  xdc_runtime_System_Module__gateObj__C                        
0081dda4  xdc_runtime_System_abortFxn__C                               
0081dda8  xdc_runtime_System_exitFxn__C                                
0081ddac  xdc_runtime_System_extendFxn__C                              
0081ddb0  xdc_runtime_System_maxAtexitHandlers__C                      
0081ddb4  xdc_runtime_Text_charTab__C                                  
0081ddb8  xdc_runtime_Text_nameEmpty__C                                
0081ddbc  xdc_runtime_Text_nameStatic__C                               
0081ddc0  xdc_runtime_Text_nameUnknown__C                              
0081ddc4  xdc_runtime_Text_visitRopeFxn__C                             
0081ddc8  ti_sysbios_family_c64p_Cache_Module__id__C                   
0081ddca  ti_sysbios_family_c64p_EventCombiner_Module__id__C           
0081ddcc  ti_sysbios_family_c64p_Exception_Module__id__C               
0081ddce  ti_sysbios_family_c64p_Exception_useInternalBuffer__C        
0081ddd0  ti_sysbios_family_c64p_Hwi_Module__id__C                     
0081ddd2  ti_sysbios_family_c64p_Hwi_Module__loggerDefined__C          
0081ddd4  ti_sysbios_gates_GateMutex_Module__id__C                     
0081ddd6  ti_sysbios_hal_Hwi_Module__id__C                             
0081ddd8  ti_sysbios_heaps_HeapMem_Module__id__C                       
0081ddda  ti_sysbios_knl_Clock_Module__id__C                           
0081dddc  ti_sysbios_knl_Clock_Module__loggerDefined__C                
0081ddde  ti_sysbios_knl_Semaphore_Module__id__C                       
0081dde0  ti_sysbios_knl_Semaphore_Module__loggerDefined__C            
0081dde2  ti_sysbios_knl_Task_Module__id__C                            
0081dde4  ti_sysbios_knl_Task_Module__loggerDefined__C                 
0081dde6  ti_sysbios_timers_rti_Timer_Module__id__C                    
0081dde8  ti_sysbios_timers_rti_Timer_continueOnSuspend__C             
0081ddea  ti_sysbios_utils_Load_Module__id__C                          
0081ddec  ti_sysbios_utils_Load_Module__loggerDefined__C               
0081ddee  ti_sysbios_utils_Load_autoAddTasks__C                        
0081ddf0  ti_sysbios_utils_Load_updateInIdle__C                        
0081ddf2  xdc_runtime_Core_Module__id__C                               
0081ddf4  xdc_runtime_Error_Module__loggerDefined__C                   
0081ddf6  xdc_runtime_Error_maxDepth__C                                
0081ddf8  xdc_runtime_Main_Module__id__C                               
0081ddfa  xdc_runtime_Memory_Module__id__C                             
0081ddfc  xdc_runtime_Text_charCnt__C                                  
0081ddfe  xdc_runtime_Text_isLoaded__C                                 
0081de00  xdc_runtime_Text_registryModsLastId__C                       
0081de02  xdc_runtime_Text_unnamedModsLastId__C                        
0081de08  xdc_runtime_Text_charTab__A                                  
0081de10  gMrrDSSMCB                                                   
0081e850  ti_sysbios_knl_Task_Instance_State_0_stack__A                
0081eb70  __TI_tmpnams                                                 
0081ecb0  TempTccThres                                                 
0081ed00  trackerOpFinalTTC                                            
0081ed50  ObjTrackerFinialAge                                          
0081ed68  trackerOpFinalTTC_iKIndex                                    
0081ed7c  edmaDbg                                                      
0081ed8c  gCycleLog                                                    
0081eda0  parmbuf                                                      
0081eda8  ti_sysbios_knl_Task_Instance_State_0_hookEnv__A              
0081edb0  ti_sysbios_family_c64p_EventCombiner_Module__state__V        
0081f1b0  _ftable                                                      
0081f390  _stream                                                      
0081f430  ti_sysbios_utils_Load_Module__state__V                       
0081f550  ti_sysbios_knl_Task_Module_State_0_readyQ__A                 
0081f5d0  _device                                                      
0081f648  ti_sysbios_family_c64p_Hwi_Object__table__V                  
0081f6c0  ti_sysbios_family_c64p_Hwi_Module__state__V                  
0081f72c  _lock                                                        
0081f730  ti_sysbios_knl_Task_Object__table__V                         
0081f78c  gMailboxMCB                                                  
0081f7dc  ti_sysbios_knl_Task_Module__state__V                         
0081f824  _unlock                                                      
0081f8e8  SOC_TranslateAddr_LUT                                        
0081f928  ti_sysbios_gates_GateMutex_Object__table__V                  
0081f968  ti_sysbios_timers_rti_Timer_Object__table__V                 
0081f9a4  __TI_ft_end                                                  
0081f9e0  ti_sysbios_family_c64p_Exception_Module__state__V            
0081fa10  ti_sysbios_knl_Clock_Module__state__V                        
0081fa3c  ti_sysbios_BIOS_Module__state__V                             
0081fa80  gSOCHwAttrib                                                 
0081faa0  xdc_runtime_Error_IgnoreBlock                                
0081fac0  ti_sysbios_utils_Load_Module_State_0_taskEnv__A              
0081fadc  __errno                                                      
0081fadc  errno                                                        
0081fae0  ADCBuf_config                                                
0081faf8  gMailboxDssBssHwCfg                                          
0081fb10  gMailboxDssMssHwCfg                                          
0081fb28  ti_sysbios_heaps_HeapMem_Object__table__V                    
0081fb40  ti_sysbios_timers_rti_Timer_Module_State_0_device__A         
0081fb58  ti_sysbios_timers_rti_Timer_Module_State_0_intFreqs__A       
0081fb68  ti_sysbios_timers_rti_Timer_Module__state__V                 
0081fb78  __TI_cleanup_ptr                                             
0081fb7c  __TI_dtors_ptr                                               
0081fb80  __TI_enable_exit_profile_output                              
0081fb84  ti_sysbios_gates_GateHwi_Module__root__V                     
0081fb8c  ti_sysbios_gates_GateMutex_Module__root__V                   
0081fb94  ti_sysbios_family_c64p_Cache_Module__state__V                
0081fb98  ti_sysbios_hal_Hwi_Object__table__V                          
0081fba0  ti_sysbios_heaps_HeapMem_Module__root__V                     
0081fba8  ti_sysbios_knl_Queue_Module__root__V                         
0081fbb0  ti_sysbios_knl_Semaphore_Module__root__V                     
0081fbb8  ti_sysbios_knl_Task_Module__root__V                          
0081fbc0  ti_sysbios_timers_rti_Timer_Module_State_0_handles__A        
0081fbc8  xdc_runtime_Registry_Module__state__V                        
0081fbd0  xdc_runtime_Startup_Module__state__V                         
0081fbd8  xdc_runtime_System_Module__state__V                          
0081fbe0  ti_sysbios_gates_GateHwi_Object__table__V                    
0081fbe4  xdc_runtime_Memory_Module__state__V                          
0081fbe8  ti_sysbios_knl_Task_Module_State_0_idleTask__A               
0081fbec  xdc_runtime_Error_Module__state__V                           
0081fbf0  ti_sysbios_utils_Load_Module_State_0_runningTask__A          
0081fbf8  ti_sysbios_utils_Load_Module_State_0_taskStartTime__A        
0081fc00  __CIOBUF_                                                    
0081fde4  __TI_STATIC_BASE                                             
0081fdf4  regionId                                                     
0081fdf8  bAlertWarnSystem                                             
0081fdf9  velWarning                                                   
0081fdfa  WIDE_VIEW                                                    
0081fdfb  rangeRadarflag                                               
0081fe00  _MmwDemo_fastCode_L1PSRAM_copy_table                         
0081fe00  __TI_table__MmwDemo_fastCode_L1PSRAM_copy_table              
00e00000  DSP_fft32x32                                                 
00e00380  DSP_fft16x16                                                 
00e00680  mmwavelib_log2Abs32                                          
00e00880  mmwavelib_dftSingleBinWithWindow                             
00e00a00  mmwavelib_windowing16x16                                     
00e00b60  mmwavelib_windowing16x32                                     
00e00be0  mmwavelib_accum16                                            
00e00c40  atan2sp                                                      
00e00e00  exp2sp                                                       
00e00f80  sqrtsp                                                       
00e01020  rsqrtsp                                                      
00e010a0  divsp                                                        
00e01100  recipsp                                                      
00e011a0  secondDimFFTandLog2Computation                               
00e015c0  MmwDemo_processChirp                                         
00e01960  MmwDemo_interChirpProcessing                                 
00e01c20  MmwDemo_XYestimation                                         
00e02020  cfarCa_SO_dBwrap_withSNR                                     
00e02580  cfarCadB_SO_withSNR                                          
00e029a0  MmwDemo_waitEndOfChirps                                      
00e02a00  clusteringDBscan_findNeighbors2Fixed                         
00e02b60  isTargetWithinDataAssociationThresh                          
00f00000  gMmwL1                                                       
20000000  _L3data_start                                                
20000000  gMmwL3                                                       
20002d40  SOC_init                                                     
20002e80  main                                                         
20003100  MmwDemo_populateMRR                                          
20003580  MmwDemo_populateUSRR                                         
200039a0  MmwDemo_dataPathInitEdma                                     
21080000  gHSRAM                                                       
ffffffff  __TI_pprof_out_hndl                                          
ffffffff  __TI_prof_data_size                                          
ffffffff  __TI_prof_data_start                                         
ffffffff  __binit__                                                    
ffffffff  __c_args__                                                   
ffffffff  binit                                                        
UNDEFED   __TI_CINIT_Base                                              
UNDEFED   __TI_CINIT_Limit                                             
UNDEFED   __TI_Handler_Table_Base                                      
UNDEFED   __TI_Handler_Table_Limit                                     
UNDEFED   __TI_INITARRAY_Base                                          
UNDEFED   __TI_INITARRAY_Limit                                         
UNDEFED   __TI_TLS_INIT_Base                                           
UNDEFED   __TI_TLS_INIT_Limit                                          

[841 symbols]
