******************************************************************************
                  TI ARM Linker PC v16.9.6                     
******************************************************************************
>> Linked Fri Sep 24 18:29:15 2021

OUTPUT FILE NAME:   <mrr_18xx_mss.xer4f>
ENTRY POINT SYMBOL: "_c_int00"  address: 0000f02c


MEMORY CONFIGURATION

         name            origin    length      used     unused   attr    fill
----------------------  --------  ---------  --------  --------  ----  --------
  VECTORS               00000000   00000100  0000003c  000000c4     X
  PROG_RAM              00000100   0007ff00  00015d06  0006a1fa  R  X
  DATA_RAM              08000000   00030000  0000c655  000239ab  RW  
  HWA_RAM               52030000   00010000  00000000  00010000  RW  
  HS_RAM                52080000   00008000  00000000  00008000  RW  


SEGMENT ALLOCATION MAP

run origin  load origin   length   init length attrs members
----------  ----------- ---------- ----------- ----- -------
00000000    00000000    0000003c   0000003c    r--
  00000000    00000000    0000003c   0000003c    r-- .vecs
00000100    00000100    00015d08   00015d08    r-x
  00000100    00000100    00013224   00013224    r-x .text
  00013324    00013324    0000270a   0000270a    r-- .const
  00015a30    00015a30    000003d8   000003d8    r-- .cinit
08000000    08000000    0000aea4   00000000    rw-
  08000000    08000000    00008000   00000000    rw- systemHeap
  08008000    08008000    00001ea4   00000000    rw- .bss
  08009ea4    08009ea4    00001000   00000000    rw- .stack
0800aeb0    0800aeb0    000017b8   00000000    rw-
  0800aeb0    0800aeb0    00000fb1   00000000    rw- .data
  0800be68    0800be68    00000800   00000000    rw- .myFiqStack


SECTION ALLOCATION MAP

 output                                  attributes/
section   page    origin      length       input sections
--------  ----  ----------  ----------   ----------------
.text      0    00000100    00013224     
                  00000100    0000107a     rtsv7R4_T_le_v3D16_eabi.lib : _printfi.obj (.text)
                  0000117a    00000006     libosal_xwr18xx.aer4f : HwiP_tirtos.oer4f (.text:HwiP_restore)
                  00001180    00000750     sysbios.aer4f : BIOS.obj (.text:xdc_runtime_System_doPrint__I)
                  000018d0    000004fc                   : BIOS.obj (.text:ti_sysbios_knl_Semaphore_pend__E)
                  00001dcc    000004c4     mss_main.obj (.text:MRR_MSS_initTask)
                  00002290    000003f0     sysbios.aer4f : BIOS.obj (.text:ti_sysbios_heaps_HeapMem_freeUnprotected__E)
                  00002680    000003c0                   : BIOS.obj (.text:ti_sysbios_knl_Task_Instance_finalize__E)
                  00002a40    00000378     mss_main.obj (.text:MmwDemo_mboxReadTask)
                  00002db8    00000008     libosal_xwr18xx.aer4f : HwiP_tirtos.oer4f (.text:HwiP_disable)
                  00002dc0    00000354     sysbios.aer4f : BIOS.obj (.text:ti_sysbios_heaps_HeapMem_allocUnprotected__E)
                  00003114    0000000c     libmmwave_xwr18xx.aer4f : mmwave_dualcore.oer4f (.text:MMWave_deviceMailboxCallbackFxn)
                  00003120    0000030c     sysbios.aer4f : BIOS.obj (.text:ti_sysbios_knl_Task_sleep__E)
                  0000342c    00000308     libsoc_xwr18xx.aer4f : soc_xwr18xx_mss.oer4f (.text:SOC_deviceInit)
                  00003734    0000000c     libmmwave_xwr18xx.aer4f : mmwave_osal.oer4f (.text:MMWave_osalMutexUnlock)
                  00003740    000002fc     sysbios.aer4f : BIOS.obj (.text:ti_sysbios_family_arm_exc_Exception_excDumpContext__I)
                  00003a3c    00000004     libosal_xwr18xx.aer4f : HwiP_tirtos.oer4f (.text:HwiP_disableInterrupt)
                  00003a40    000002d4     sysbios.aer4f : BIOS.obj (.text:ti_sysbios_family_arm_v7r_vim_Hwi_dispatchIRQC__I)
                  00003d14    0000000c     libmmwave_xwr18xx.aer4f : mmwave_osal.oer4f (.text:MMWave_osalSemSignal)
                  00003d20    000002cc     sysbios.aer4f : BIOS.obj (.text:ti_sysbios_knl_Task_Instance_init__E)
                  00003fec    000002b8     rtsv7R4_T_le_v3D16_eabi.lib : ull_div32.obj (.text)
                  000042a4    0000000c     mss_main.obj (.text:MmwDemo_mboxCallback)
                  000042b0    0000029c     sysbios.aer4f : BIOS.obj (.text:ti_sysbios_family_arm_exc_Exception_excHandler__I)
                  0000454c    00000284     libmmwave_xwr18xx.aer4f : mmwave_dualcore.oer4f (.text:MMWave_deviceExecuteFxn)
                  000047d0    0000026c     libqspiflash_xwr18xx.aer4f : qspiflash.oer4f (.text:QSPIFlash_open)
                  00004a3c    00000004     libosal_xwr18xx.aer4f : HwiP_tirtos.oer4f (.text:HwiP_enableInterrupt)
                  00004a40    00000264     sysbios.aer4f : BIOS.obj (.text:xdc_runtime_Error_policyDefault__E)
                  00004ca4    00000260     libmailbox_xwr18xx.aer4f : mailbox.oer4f (.text:Mailbox_open)
                  00004f04    0000000c     libuart_xwr18xx.aer4f : UART.oer4f (.text:UART_Params_init)
                  00004f10    00000260     sysbios.aer4f : BIOS.obj (.text:ti_sysbios_knl_Semaphore_post__E)
                  00005170    00000260                   : BIOS.obj (.text:ti_sysbios_knl_Task_Module_startup__E)
                  000053d0    00000254                   : BIOS.obj (.text:ti_sysbios_knl_Event_post__E)
                  00005624    00000250     mss_mrr_cli.obj (.text:MRR_MSS_CLIAdvancedFrameCfg)
                  00005874    0000000c     libuart_xwr18xx.aer4f : uartsci_dma.oer4f (.text:UartSci_isDMAEnabled)
                  00005880    00000238     sysbios.aer4f : BIOS.obj (.text:ti_sysbios_timers_rti_Timer_Module_startup__E)
                  00005ab8    00000218     mss_main.obj (.text:GPIO_allpins)
                  00005cd0    00000214     libuart_xwr18xx.aer4f : uartsci.oer4f (.text:UartSci_open)
                  00005ee4    00000200     libcrc_xwr18xx.aer4f : crc.oer4f (.text:CRC_open)
                  000060e4    0000000c     rtsv7R4_T_le_v3D16_eabi.lib : copy_zero_init.obj (.text:decompress:ZI)
                  000060f0    000001f8     sysbios.aer4f : BIOS.obj (.text:ti_sysbios_family_arm_v7r_vim_Hwi_reconfig__E)
                  000062e8    00000008     libi2c_xwr18xx.aer4f : i2c_reg.oer4f (.text:I2CGetIntVector)
                  000062f0    000001f8     sysbios.aer4f : BIOS.obj (.text:ti_sysbios_heaps_HeapMem_Instance_init__E)
                  000064e8    000001f0     libDMA_xwr18xx.aer4f : dma.oer4f (.text:DMA_setChannelParams)
                  000066d8    00000008     libi2c_xwr18xx.aer4f : i2c_reg.oer4f (.text:I2CIntDisable)
                  000066e0    000001ec     sysbios.aer4f : BIOS.obj (.text:xdc_runtime_Core_createObject__I)
                  000068cc    000001d8     mss_mrr_cli.obj (.text:MRR_MSS_CLIBasicCfg)
                  00006aa4    0000000c     libmmwavelink_xwr18xx.aer4f : rl_driver.oer4f (.text:rlDriverGetPlatformId)
                  00006ab0    000001d4     sysbios.aer4f : BIOS.obj (.text:ti_sysbios_knl_Clock_workFunc__E)
                  00006c84    000001c8     libmmwavelink_xwr18xx.aer4f : rl_driver.oer4f (.text:rlDriverRxHdrRead)
                  00006e4c    000001c8     rtsv7R4_T_le_v3D16_eabi.lib : fopen.obj (.text)
                  00007014    000001b0     libmmwavelink_xwr18xx.aer4f : rl_driver.oer4f (.text:rlDriverMsgRead)
                  000071c4    0000000c     sysbios.aer4f : tms570_Core_asm.obj (.text:ti_sysbios_family_arm_v7r_tms570_Core_getId__E)
                  000071d0    000001a0                   : BIOS.obj (.text:ti_sysbios_knl_Swi_run__I)
                  00007370    00000194     libmmwave_xwr18xx.aer4f : mmwave_link.oer4f (.text:MMWave_openLink)
                  00007504    00000190     libmmwavelink_xwr18xx.aer4f : rl_driver.oer4f (.text:rlDriverCmdInvoke)
                  00007694    0000000a     libi2c_xwr18xx.aer4f : i2c_reg.oer4f (.text:I2CMasterStart)
                  0000769e    00000002                          : i2c_master.oer4f (.text:I2CMaster_cancel)
                  000076a0    00000190     sysbios.aer4f : BIOS.obj (.text:ti_sysbios_family_arm_v7r_vim_Hwi_Instance_init__E)
                  00007830    00000190                   : BIOS.obj (.text:xdc_runtime_Core_constructObject__I)
                  000079c0    00000188     mss_mrr_per4f.oer4f (.text:xdc_runtime_System_printfExtend__I)
                  00007b48    00000008     libi2c_xwr18xx.aer4f : i2c_reg.oer4f (.text:I2CIntEnable)
                  00007b50    00000184     sysbios.aer4f : BIOS.obj (.text:xdc_runtime_Startup_startMods__I)
                  00007cd4    00000178     mss_mrr_cli.obj (.text:MRR_MSS_CLIInit)
                  00007e4c    00000004     libi2c_xwr18xx.aer4f : i2c_reg.oer4f (.text:I2CIntClear)
                  00007e50    00000174     sysbios.aer4f : BIOS.obj (.text:ti_sysbios_family_arm_v7r_vim_Hwi_Module_startup__E)
                  00007fc4    0000000a     libi2c_xwr18xx.aer4f : i2c_reg.oer4f (.text:I2CMasterStop)
                  00007fce    00000002                          : i2c_master.oer4f (.text:I2CMaster_init)
                  00007fd0    00000174     sysbios.aer4f : BIOS.obj (.text:ti_sysbios_heaps_HeapBuf_Module_startup__E)
                  00008144    0000000a     libi2c_xwr18xx.aer4f : i2c_reg.oer4f (.text:I2CReset)
                  0000814e    00000002     libmmwave_xwr18xx.aer4f : mmwave_link.oer4f (.text:MMWave_maskHostIRQ)
                  00008150    00000174     sysbios.aer4f : BIOS.obj (.text:ti_sysbios_timers_rti_Timer_getFreq__E)
                  000082c4    00000170     libgpio_xwr18xx.aer4f : gpio.oer4f (.text:GPIO_setConfig)
                  00008434    0000016c     libsoc_xwr18xx.aer4f : soc_xwr18xx_mss.oer4f (.text:SOC_unhaltDSS)
                  000085a0    0000016c     mss_main.obj (.text:timerISR)
                  0000870c    00000160     libqspi_xwr18xx.aer4f : qspi.oer4f (.text:QSPI_open)
                  0000886c    00000004     libi2c_xwr18xx.aer4f : i2c_reg.oer4f (.text:I2CMasterSetSlaveAddr)
                  00008870    00000154     sysbios.aer4f : BIOS.obj (.text:ti_sysbios_knl_Task_exit__E)
                  000089c4    0000014c     libmmwave_xwr18xx.aer4f : mmwave_link.oer4f (.text:MMWave_initMMWaveLink)
                  00008b10    0000014a     libuart_xwr18xx.aer4f : uartsci.oer4f (.text:UartSci_ISR)
                  00008c5a    00000002     mss_main.obj (.text:MRR_MSS_closeFxn)
                  00008c5c    00000148     libmmwavelink_xwr18xx.aer4f : rl_driver.oer4f (.text:rlDriverCmdSendRetry)
                  00008da4    0000000a     libi2c_xwr18xx.aer4f : I2C.oer4f (.text:I2C_transfer)
                  00008dae    00000002     mss_main.obj (.text:MRR_MSS_openFxn)
                  00008db0    00000148     sysbios.aer4f : BIOS.obj (.text:ti_sysbios_knl_Task_checkStacks__E)
                  00008ef8    00000138     rtsv7R4_T_le_v3D16_eabi.lib : fputs.obj (.text)
                  00009030    00000138     sysbios.aer4f : BIOS.obj (.text:ti_sysbios_knl_Task_schedule__I)
                  00009168    00000136     libi2c_xwr18xx.aer4f : i2c_master.oer4f (.text:I2C_ISR)
                  0000929e    00000002     libqspiflash_xwr18xx.aer4f : qspiflash.oer4f (.text:QSPIFlash_init)
                  000092a0    00000130     sysbios.aer4f : BIOS.obj (.text:ti_sysbios_knl_Task_startCore__E)
                  000093d0    00000124                   : BIOS.obj (.text:ti_sysbios_gates_GateMutex_enter__E)
                  000094f4    0000000a     libosal_xwr18xx.aer4f : MemoryP_tirtos.oer4f (.text:MemoryP_ctrlFree)
                  000094fe    00000002     libqspi_xwr18xx.aer4f : qspi.oer4f (.text:QSPI_init)
                  00009500    00000120     sysbios.aer4f : BIOS.obj (.text:ti_sysbios_knl_Swi_post__E)
                  00009620    0000011c                   : BIOS.obj (.text:ti_sysbios_timers_rti_Timer_startup__E)
                  0000973c    00000118     mss_mrr_cli.obj (.text:MRR_MSS_CLISensorStart)
                  00009854    0000010c     libmmwave_xwr18xx.aer4f : mmwave_link.oer4f (.text:MMWave_asyncEventHandler)
                  00009960    0000010c                             : mmwave_dualcore.oer4f (.text:MMWave_deviceInitFxn)
                  00009a6c    00000108     libDMA_xwr18xx.aer4f : dma.oer4f (.text:DMA_disableInterrupt)
                  00009b74    00000108     libmailbox_xwr18xx.aer4f : mailbox.oer4f (.text:Mailbox_write)
                  00009c7c    00000004     libi2c_xwr18xx.aer4f : i2c_reg.oer4f (.text:I2CPutData)
                  00009c80    00000108     sysbios.aer4f : BIOS.obj (.text:ti_sysbios_knl_Semaphore_Instance_init__E)
                  00009d88    00000008     libmmwave_xwr18xx.aer4f : mmwave.oer4f (.text:MMWave_decodeErrorLevel)
                  00009d90    00000106     sysbios.aer4f : BIOS.obj (.text:xdc_runtime_Text_putSite__E)
                  00009e96    00000002     libuart_xwr18xx.aer4f : uartsci.oer4f (.text:UartSci_init)
                  00009e98    00000104     libmmwave_xwr18xx.aer4f : mmwave_link.oer4f (.text:MMWave_startLink)
                  00009f9c    00000100     libDMA_xwr18xx.aer4f : dma.oer4f (.text:DMA_clearChannelInterruptFlag)
                  0000a09c    00000100     libmmwavelink_xwr18xx.aer4f : rl_driver.oer4f (.text:rlDriverInit)
                  0000a19c    00000004     libi2c_xwr18xx.aer4f : i2c_reg.oer4f (.text:I2CSetDataCount)
                  0000a1a0    00000100     sysbios.aer4f : BIOS.obj (.text:xdc_runtime_Text_putMod__E)
                  0000a2a0    000000fc     battery.obj (.text:BATTERY_charge_status)
                  0000a39c    000000fc     libcrc_xwr18xx.aer4f : crc.oer4f (.text:CRC_computeSignature)
                  0000a498    000000fc     mss_main.obj (.text:main)
                  0000a594    0000000a     libosal_xwr18xx.aer4f : SemaphoreP_tirtos.oer4f (.text:SemaphoreP_post)
                  0000a59e    00000002     rtsv7R4_T_le_v3D16_eabi.lib : i_div0.obj (.text)
                  0000a5a0    000000fc     sysbios.aer4f : BIOS.obj (.text:ti_sysbios_knl_Task_blockI__E)
                  0000a69c    000000f8     libmmwavelink_xwr18xx.aer4f : rl_driver.oer4f (.text:rlDriverRdVerifyMsg)
                  0000a794    0000000a     libuart_xwr18xx.aer4f : UART.oer4f (.text:UART_write)
                  0000a79e    00000002     --HOLE-- [fill = 0]
                  0000a7a0    000000f8     sysbios.aer4f : BIOS.obj (.text:ti_sysbios_knl_Task_postInit__I)
                  0000a898    00000008     libmmwave_xwr18xx.aer4f : mmwave_link.oer4f (.text:MMWave_mboxCallbackFxn)
                  0000a8a0    000000f4     sysbios.aer4f : BIOS.obj (.text:ti_sysbios_family_arm_v7r_vim_Hwi_mapChannel__I)
                  0000a994    0000000a     libuart_xwr18xx.aer4f : UART.oer4f (.text:UART_writePolling)
                  0000a99e    00000002     --HOLE-- [fill = 0]
                  0000a9a0    000000f4     sysbios.aer4f : BIOS.obj (.text:ti_sysbios_knl_Task_unblockI__E)
                  0000aa94    000000ec     mss_mrr_cli.obj (.text:MRR_MSS_CLISensorStop)
                  0000ab80    000000ec     auto_init.aer4f : auto_init.oer4f (.text)
                  0000ac6c    000000ec     rtsv7R4_T_le_v3D16_eabi.lib : s_scalbn.obj (.text)
                  0000ad58    000000e4     libmmwavelink_xwr18xx.aer4f : rl_sensor.oer4f (.text:rlRfPhShiftCalibDataRestore)
                  0000ae3c    000000e0     libDMA_xwr18xx.aer4f : dma.oer4f (.text:DMA_enableInterrupt)
                  0000af1c    000000dc     libmmwave_xwr18xx.aer4f : mmwave.oer4f (.text:MMWave_init)
                  0000aff8    000000dc     libmmwavelink_xwr18xx.aer4f : rl_driver.oer4f (.text:rlDriverMsgCmdReply)
                  0000b0d4    000000dc     rtsv7R4_T_le_v3D16_eabi.lib : setvbuf.obj (.text)
                  0000b1b0    000000dc     sysbios.aer4f : BIOS.obj (.text:ti_sysbios_family_arm_v7r_vim_Hwi_initIntController__I)
                  0000b28c    00000004     libi2c_xwr18xx.aer4f : i2c_reg.oer4f (.text:I2CSetOwnAddress)
                  0000b290    000000dc     sysbios.aer4f : BIOS.obj (.text:xdc_runtime_Memory_alloc__E)
                  0000b36c    000000d4     libmailbox_xwr18xx.aer4f : mailbox.oer4f (.text:Mailbox_read)
                  0000b440    000000d4     libqspiflash_xwr18xx.aer4f : qspiflash.oer4f (.text:QSPIFlash_singleWrite)
                  0000b514    000000d4     mss_main.obj (.text:seflTestFunction)
                  0000b5e8    000000d0     libi2c_xwr18xx.aer4f : i2c_master.oer4f (.text:I2CMaster_open)
                  0000b6b8    000000d0     libsoc_xwr18xx.aer4f : soc_xwr18xx_mss.oer4f (.text:SOC_controlSecureFirewall)
                  0000b788    000000d0     sysbios.aer4f : exc_Exception_asm.obj (.text:ti_sysbios_family_arm_exc_Exception_excHandlerAsm__I)
                  0000b858    000000cc     libi2c_xwr18xx.aer4f : i2c_master.oer4f (.text:I2CMaster_transfer)
                  0000b924    000000cc     libmmwavelink_xwr18xx.aer4f : rl_sensor.oer4f (.text:rlRfCalibDataRestore)
                  0000b9f0    000000cc                                 : rl_sensor.oer4f (.text:rlSetChirpConfig)
                  0000babc    000000cc     rtsv7R4_T_le_v3D16_eabi.lib : fflush.obj (.text)
                  0000bb88    00000008     libosal_xwr18xx.aer4f : SemaphoreP_tirtos.oer4f (.text:SemaphoreP_Params_init)
                  0000bb90    000000cc     sysbios.aer4f : BIOS.obj (.text:ti_sysbios_timers_rti_Timer_initDevice__I)
                  0000bc5c    000000c8     libmmwave_xwr18xx.aer4f : mmwave_fullcfg.oer4f (.text:MMWave_addChirp)
                  0000bd24    000000c8                             : mmwave_fullcfg.oer4f (.text:MMWave_flushCfg)
                  0000bdec    000000c8     libqspiflash_xwr18xx.aer4f : qspiflash.oer4f (.text:QSPIFlash_singleRead)
                  0000beb4    000000c8     libmmwavelink_xwr18xx.aer4f : rl_sensor.oer4f (.text:rlSetFrameConfig)
                  0000bf7c    00000004     libmmwave_xwr18xx.aer4f : mmwave_link.oer4f (.text:MMWave_disableDevice)
                  0000bf80    000000c4     sysbios.aer4f : BIOS.obj (.text:ti_sysbios_family_arm_v7r_vim_Hwi_Instance_finalize__E)
                  0000c044    000000c0     mss_main.obj (.text:MRR_MSS_eventFxn)
                  0000c104    000000c0     libmmwavelink_xwr18xx.aer4f : rl_driver.oer4f (.text:rlDriverMsgWrite)
                  0000c1c4    000000bc     libgpio_xwr18xx.aer4f : gpio.oer4f (.text:GPIO_write)
                  0000c280    000000bc     libmmwave_xwr18xx.aer4f : mmwave_link.oer4f (.text:MMWave_computeCRC)
                  0000c33c    000000bc     rtsv7R4_T_le_v3D16_eabi.lib : open.obj (.text)
                  0000c3f8    00000008     libmmwavelink_xwr18xx.aer4f : rl_driver.oer4f (.text:rlDriverConstructOutMsg)
                  0000c400    000000bc     sysbios.aer4f : BIOS.obj (.text:xdc_runtime_Core_deleteObject__I)
                  0000c4bc    000000b8     libDMA_xwr18xx.aer4f : dma.oer4f (.text:DMA_getChannelInterruptFlag)
                  0000c574    000000b6     libsoc_xwr18xx.aer4f : soc_mpu.o (.text)
                  0000c62a    00000006     libi2c_xwr18xx.aer4f : i2c_reg.oer4f (.text:I2CGetData)
                  0000c630    000000b4     sysbios.aer4f : BIOS.obj (.text:ti_sysbios_knl_Swi_restoreHwi__E)
                  0000c6e4    000000b2     libuart_xwr18xx.aer4f : uartsci_dma.oer4f (.text:UartSci_openDMA)
                  0000c796    00000002     --HOLE-- [fill = 0]
                  0000c798    000000b0     libmmwave_xwr18xx.aer4f : mmwave_fullcfg.oer4f (.text:MMWave_addProfile)
                  0000c848    000000b0     libmmwavelink_xwr18xx.aer4f : rl_sensor.oer4f (.text:rlSetProfileConfig)
                  0000c8f8    000000ae     rtsv7R4_T_le_v3D16_eabi.lib : _io_perm.obj (.text)
                  0000c9a6    00000002     --HOLE-- [fill = 0]
                  0000c9a8    000000ac     libesm_xwr18xx.aer4f : esm.oer4f (.text:ESM_processInterrupt)
                  0000ca54    000000a8     libpinmux_xwr18xx.aer4f : pinmux.oer4f (.text:Pinmux_Set_OverrideCtrl)
                  0000cafc    000000a8     libmmwavelink_xwr18xx.aer4f : rl_driver.oer4f (.text:rlDriverWaitForResponse)
                  0000cba4    000000a8                                 : rl_sensor.oer4f (.text:rlSetAdvFrameConfig)
                  0000cc4c    00000004     libmmwave_xwr18xx.aer4f : mmwave_link.oer4f (.text:MMWave_enableDevice)
                  0000cc50    000000a8     sysbios.aer4f : BIOS.obj (.text:ti_sysbios_knl_Swi_schedule__I)
                  0000ccf8    00000008     libmmwavelink_xwr18xx.aer4f : rl_driver.oer4f (.text:rlDriverGetHandle)
                  0000cd00    000000a8     sysbios.aer4f : BIOS.obj (.text:xdc_runtime_Error_print__E)
                  0000cda8    000000a4     libDMA_xwr18xx.aer4f : dma.oer4f (.text:DMA_assignChannel)
                  0000ce4c    000000a4     libesm_xwr18xx.aer4f : esm.oer4f (.text:ESM_init)
                  0000cef0    000000a4     libmmwave_xwr18xx.aer4f : mmwave_fullcfg.oer4f (.text:MMWave_addBpmChirp)
                  0000cf94    000000a4                             : mmwave.oer4f (.text:MMWave_start)
                  0000d038    000000a0     libqspiflash_xwr18xx.aer4f : qspiflash_device_macronix.oer4f (.text:QSPIFlash_macronix_progQuadRead)
                  0000d0d8    000000a0     libsoc_xwr18xx.aer4f : soc.oer4f (.text:SOC_registerSysIntListener)
                  0000d178    00000008     mss_mrr_per4f.oer4f (.text:ti_sysbios_family_arm_TaskSupport_Module__startupDone__S)
                  0000d180    000000a0     sysbios.aer4f : BIOS.obj (.text:xdc_runtime_Startup_exec__E)
                  0000d220    0000009f                   : BIOS.obj (.text:xdc_runtime_Text_putLab__E)
                  0000d2bf    00000001     --HOLE-- [fill = 0]
                  0000d2c0    0000009c     libqspiflash_xwr18xx.aer4f : qspiflash_device_spansion.oer4f (.text:QSPIFlash_spansion_progQuadRead)
                  0000d35c    0000009c     libuart_xwr18xx.aer4f : uartsci.oer4f (.text:UartSci_write)
                  0000d3f8    0000009c     rtsv7R4_T_le_v3D16_eabi.lib : memcpy_t2.obj (.text)
                  0000d494    00000006     libmmwavelink_xwr18xx.aer4f : rl_controller.oer4f (.text:rlGetSubBlockId)
                  0000d49a    00000006                                 : rl_controller.oer4f (.text:rlGetSubBlockLen)
                  0000d4a0    0000009c     sysbios.aer4f : BIOS.obj (.text:ti_sysbios_heaps_HeapMem_alloc__E)
                  0000d53c    00000004     libmmwave_xwr18xx.aer4f : mmwave_listlib.oer4f (.text:MMWave_listGetHead)
                  0000d540    0000009c     sysbios.aer4f : BIOS.obj (.text:ti_sysbios_knl_Clock_logTick__E)
                  0000d5dc    00000004     libmmwave_xwr18xx.aer4f : mmwave_link.oer4f (.text:MMWave_mboxClose)
                  0000d5e0    0000009c     sysbios.aer4f : BIOS.obj (.text:xdc_runtime_Text_visitRope2__I)
                  0000d67c    00000098     rtsv7R4_T_le_v3D16_eabi.lib : fclose.obj (.text)
                  0000d714    00000098                                 : fputc.obj (.text)
                  0000d7ac    00000098     sysbios.aer4f : vim_Hwi_asm_switch.obj (.text)
                  0000d844    00000004     libmmwave_xwr18xx.aer4f : mmwave_link.oer4f (.text:MMWave_mboxRead)
                  0000d848    00000004                             : mmwave_link.oer4f (.text:MMWave_registerInterruptHandler)
                  0000d84c    00000004                             : mmwave_link.oer4f (.text:MMWave_unmaskHostIRQ)
                  0000d850    00000098     sysbios.aer4f : BIOS.obj (.text:xdc_runtime_Assert_raise__I)
                  0000d8e8    00000096     libuart_xwr18xx.aer4f : uartsci.oer4f (.text:UartSci_readChar)
                  0000d97e    00000002     --HOLE-- [fill = 0]
                  0000d980    00000094     libi2c_xwr18xx.aer4f : i2c_master.oer4f (.text:I2CMaster_control)
                  0000da14    00000094     mss_main.obj (.text:QSPIFlash_Init)
                  0000daa8    00000094     libmmwavelink_xwr18xx.aer4f : rl_driver.oer4f (.text:rlDriverDeInit)
                  0000db3c    00000094                                 : rl_driver.oer4f (.text:rlDriverMsgReadCmdCtx)
                  0000dbd0    00000094                                 : rl_driver.oer4f (.text:rlDriverProcRdMsg)
                  0000dc64    00000094     sysbios.aer4f : vim_Hwi_asm.obj (.text:ti_sysbios_family_arm_v7r_vim_Hwi_dispatchIRQ__I)
                  0000dcf8    00000090     libgpio_xwr18xx.aer4f : gpio.oer4f (.text:GPIO_init)
                  0000dd88    00000090     libmailbox_xwr18xx.aer4f : mailbox.oer4f (.text:Mailbox_close)
                  0000de18    00000090     libuart_xwr18xx.aer4f : uartsci_dma.oer4f (.text:UartSci_initiateTxDMA)
                  0000dea8    00000090                           : uartsci.oer4f (.text:UartSci_read)
                  0000df38    00000004     libmmwave_xwr18xx.aer4f : mmwave_link.oer4f (.text:MMWave_waitIRQStatus)
                  0000df3c    00000004     libsoc_xwr18xx.aer4f : soc_xwr18xx.oer4f (.text:SOC_ungateClock)
                  0000df40    00000090     sysbios.aer4f : BIOS.obj (.text:ti_sysbios_knl_Swi_startup__E)
                  0000dfd0    00000090                   : BIOS.obj (.text:xdc_runtime_Core_assignLabel__I)
                  0000e060    0000008c     libsoc_xwr18xx.aer4f : soc.oer4f (.text:SOC_init)
                  0000e0ec    0000008c                          : soc_xwr18xx.oer4f (.text:SOC_translateAddress)
                  0000e178    0000008c     libuart_xwr18xx.aer4f : uartsci_dma.oer4f (.text:UartSci_initiateRxDMA)
                  0000e204    0000008c     libmmwavelink_xwr18xx.aer4f : rl_device.oer4f (.text:rlDevicePowerOn)
                  0000e290    0000008c                                 : rl_driver.oer4f (.text:rlDriverMsgReadSpawnCtx)
                  0000e31c    00000004     mss_mrr_per4f.oer4f (.text:ti_sysbios_BIOS_RtsGateProxy_enter__E)
                  0000e320    0000008c     sysbios.aer4f : BIOS.obj (.text:ti_sysbios_knl_Swi_runLoop__I)
                  0000e3ac    00000088     cfg.obj (.text:Cfg_ChirpCfgInitParams)
                  0000e434    00000088     rtsv7R4_T_le_v3D16_eabi.lib : vsnprintf.obj (.text)
                  0000e4bc    00000088     mss_mrr_per4f.oer4f (.text:ti_sysbios_family_arm_v7r_vim_Hwi_create)
                  0000e544    00000084     cfg.obj (.text:Cfg_ProfileCfgInitParams)
                  0000e5c8    00000084     libmmwave_xwr18xx.aer4f : mmwave_dualcore.oer4f (.text:MMWave_deviceCfgAsyncEvent)
                  0000e64c    00000084                             : mmwave_dualcore.oer4f (.text:MMWave_deviceEventFxn)
                  0000e6d0    00000084                             : mmwave.oer4f (.text:MMWave_open)
                  0000e754    00000084     battery.obj (.text:MmwaveLink_setGpAdcConfig)
                  0000e7d8    00000004     mss_mrr_per4f.oer4f (.text:ti_sysbios_BIOS_RtsGateProxy_leave__E)
                  0000e7dc    00000004     mss_mrr_per4f.oer4f (.text:ti_sysbios_BIOS_nullFunc__I)
                  0000e7e0    00000084     sysbios.aer4f : BIOS.obj (.text:ti_sysbios_heaps_HeapMem_getStats__E)
                  0000e864    00000080     cfg.obj (.text:Cfg_AdvFrameCfgInitParams)
                  0000e8e4    00000080     libuart_xwr18xx.aer4f : uartsci.oer4f (.text:UartSci_writePolling)
                  0000e964    00000080     libmmwavelink_xwr18xx.aer4f : rl_driver.oer4f (.text:rlDriverExecuteGetApi)
                  0000e9e4    00000080     mss_mrr_per4f.oer4f (.text:ti_sysbios_knl_Task_create)
                  0000ea64    0000007e     libosal_xwr18xx.aer4f : HwiP_tirtos.oer4f (.text:HwiP_create)
                  0000eae2    00000002     --HOLE-- [fill = 0]
                  0000eae4    0000007c     libmmwave_xwr18xx.aer4f : mmwave_dualcore.oer4f (.text:MMWave_deviceOpenFxn)
                  0000eb60    0000007c     libmailbox_xwr18xx.aer4f : mailbox.oer4f (.text:Mailbox_init)
                  0000ebdc    0000007c     rtc.obj (.text:RTC_get_time)
                  0000ec58    0000007c     libuart_xwr18xx.aer4f : uartsci.oer4f (.text:UartSci_readPolling)
                  0000ecd4    0000007c     sysbios.aer4f : arm_TaskSupport_asm.obj (.text:_ti_sysbios_family_arm_TaskSupport_buildTaskStack)
                  0000ed50    0000007c                   : BIOS.obj (.text:ti_sysbios_family_arm_v7r_vim_Hwi_phantomIntHandler__I)
                  0000edcc    0000007a     rtsv7R4_T_le_v3D16_eabi.lib : memset_t2.obj (.text)
                  0000ee46    00000002     --HOLE-- [fill = 0]
                  0000ee48    00000078     libqspiflash_xwr18xx.aer4f : qspiflash.oer4f (.text:QSPIFlash_sectorErase)
                  0000eec0    00000078     libqspi_xwr18xx.aer4f : qspi.oer4f (.text:QSPI_cfgRead)
                  0000ef38    00000004     mss_mrr_per4f.oer4f (.text:ti_sysbios_family_arm_v7r_vim_Hwi_delete)
                  0000ef3c    00000004     mss_mrr_per4f.oer4f (.text:ti_sysbios_heaps_HeapMem_Module_GateProxy_enter__E)
                  0000ef40    00000078     sysbios.aer4f : BIOS.obj (.text:xdc_runtime_System_exit__E)
                  0000efb8    00000074     libmmwave_xwr18xx.aer4f : mmwave_dualcore.oer4f (.text:MMWave_deviceStartFxn)
                  0000f02c    00000074     boot.aer4f : boot.oer4f (.text)
                  0000f0a0    00000074     libmmwavelink_xwr18xx.aer4f : rl_driver.oer4f (.text:rlDriverAsyncEventHandler)
                  0000f114    00000074     rtsv7R4_T_le_v3D16_eabi.lib : getdevice.obj (.text)
                  0000f188    00000074                                 : s_frexp.obj (.text)
                  0000f1fc    00000072     libmmwavelink_xwr18xx.aer4f : rl_driver.oer4f (.text:rlDriverClientCbCheck)
                  0000f26e    00000002     --HOLE-- [fill = 0]
                  0000f270    00000070     libgpio_xwr18xx.aer4f : gpio.oer4f (.text:GPIO_toggle)
                  0000f2e0    00000070     rtsv7R4_T_le_v3D16_eabi.lib : printf.obj (.text)
                  0000f350    00000070     sysbios.aer4f : BIOS.obj (.text:ti_sysbios_family_arm_v7r_vim_Hwi_getStackInfo__E)
                  0000f3c0    00000070                   : BIOS.obj (.text:xdc_runtime_Text_xprintf__I)
                  0000f430    0000006c     libDMA_xwr18xx.aer4f : dma.oer4f (.text:DMA_disableChannel)
                  0000f49c    0000006c                          : dma.oer4f (.text:DMA_enableChannel)
                  0000f508    0000006c     libgpio_xwr18xx.aer4f : gpio.oer4f (.text:GPIO_read)
                  0000f574    0000006c     libmmwave_xwr18xx.aer4f : mmwave_link.oer4f (.text:MMWave_spawn)
                  0000f5e0    0000006c                             : mmwave_link.oer4f (.text:MMWave_stopLink)
                  0000f64c    0000006c     libpinmux_xwr18xx.aer4f : pinmux.oer4f (.text:Pinmux_Set_FuncSel)
                  0000f6b8    0000006c     libqspiflash_xwr18xx.aer4f : qspiflash.oer4f (.text:QSPIFlashReadSFDP)
                  0000f724    0000006c     libqspi_xwr18xx.aer4f : qspi.oer4f (.text:QSPI_cfgWrite)
                  0000f790    0000006c     rtsv7R4_T_le_v3D16_eabi.lib : copy_decompress_lzss.obj (.text:decompress:lzss)
                  0000f7fc    0000006c                                 : trgmsg.obj (.text)
                  0000f868    00000004     mss_mrr_per4f.oer4f (.text:ti_sysbios_heaps_HeapMem_Module_GateProxy_leave__E)
                  0000f86c    00000004     mss_mrr_per4f.oer4f (.text:ti_sysbios_knl_Clock_TimerProxy_getMaxTicks__E)
                  0000f870    0000006c     sysbios.aer4f : BIOS.obj (.text:ti_sysbios_heaps_HeapMem_init__I)
                  0000f8dc    00000004     mss_mrr_per4f.oer4f (.text:ti_sysbios_knl_Semaphore_delete)
                  0000f8e0    0000006c     sysbios.aer4f : BIOS.obj (.text:ti_sysbios_knl_Task_allBlockedFunction__I)
                  0000f94c    00000004     mss_mrr_per4f.oer4f (.text:xdc_runtime_Startup_reset__I)
                  0000f950    0000006c     sysbios.aer4f : BIOS.obj (.text:xdc_runtime_System_atexit__E)
                  0000f9bc    0000006a     libuart_xwr18xx.aer4f : uartsci.oer4f (.text:UartSci_control)
                  0000fa26    00000002     --HOLE-- [fill = 0]
                  0000fa28    00000068     libmmwave_xwr18xx.aer4f : mmwave_dualcore.oer4f (.text:MMWave_deviceStopFxn)
                  0000fa90    00000068     libmailbox_xwr18xx.aer4f : mailbox.oer4f (.text:Mailbox_readFlush)
                  0000faf8    00000068     libmmwavelink_xwr18xx.aer4f : rl_driver.oer4f (.text:rlDriverExecuteSetApi)
                  0000fb60    00000068                                 : rl_driver.oer4f (.text:rlDriverHostIrqHandler)
                  0000fbc8    00000068     rtsv7R4_T_le_v3D16_eabi.lib : hostlseek.obj (.text)
                  0000fc30    00000068                                 : hostrename.obj (.text)
                  0000fc98    00000004     mss_mrr_per4f.oer4f (.text:xdc_runtime_System_Module_GateProxy_enter__E)
                  0000fc9c    00000004     mss_mrr_per4f.oer4f (.text:xdc_runtime_System_Module_GateProxy_leave__E)
                  0000fca0    00000068     sysbios.aer4f : BIOS.obj (.text:ti_sysbios_family_arm_v7r_tms570_Core_Module_startup__E)
                  0000fd08    00000008                   : BIOS.obj (.tramp.ti_sysbios_family_arm_v7r_vim_Hwi_enableInterrupt__E.1)
                  0000fd10    00000068                   : BIOS.obj (.text:xdc_runtime_Core_assignParams__I)
                  0000fd78    00000066     libmmwavelink_xwr18xx.aer4f : rl_device.oer4f (.text:rlDevicePowerOff)
                  0000fdde    00000002     --HOLE-- [fill = 0]
                  0000fde0    00000064     libosal_xwr18xx.aer4f : SemaphoreP_tirtos.oer4f (.text:SemaphoreP_create)
                  0000fe44    00000064     i2c_driver.obj (.text:i2c_pins_init)
                  0000fea8    00000064     rtsv7R4_T_le_v3D16_eabi.lib : fseek.obj (.text)
                  0000ff0c    00000064     sysbios.aer4f : exc_Exception_asm.obj (.text:ti_sysbios_family_arm_exc_Exception_initCore0__I)
                  0000ff70    00000064                   : BIOS.obj (.text:ti_sysbios_hal_Hwi_checkStack)
                  0000ffd4    0000000c     rtsv7R4_T_le_v3D16_eabi.lib : fputc.obj (.tramp.putchar.1)
                  0000ffe0    00000060     sysbios.aer4f : BIOS.obj (.text:ti_sysbios_timers_rti_Timer_stop__E)
                  00010040    0000005e     libi2c_xwr18xx.aer4f : i2c_master.oer4f (.text:I2CMaster_close)
                  0001009e    0000005e     libuart_xwr18xx.aer4f : uartsci.oer4f (.text:UartSci_writeChar)
                  000100fc    0000005c     libmmwave_xwr18xx.aer4f : mmwave_link.oer4f (.text:MMWave_mboxOpen)
                  00010158    0000005c                             : mmwave.oer4f (.text:MMWave_stop)
                  000101b4    0000005c     mss_main.obj (.text:MRR_MSS_mmWaveCtrlTask)
                  00010210    0000005c     libqspiflash_xwr18xx.aer4f : qspiflash.oer4f (.text:QSPIFlashGetDeviceID)
                  0001026c    0000005c     rtsv7R4_T_le_v3D16_eabi.lib : hostopen.obj (.text)
                  000102c8    0000005c                                 : hostread.obj (.text)
                  00010324    0000005a     libuart_xwr18xx.aer4f : uartsci.oer4f (.text:UartSci_readCancel)
                  0001037e    0000005a     libmmwavelink_xwr18xx.aer4f : rl_driver.oer4f (.text:rlDriverCalChkSum)
                  000103d8    00000058     libesm_xwr18xx.aer4f : esm.oer4f (.text:ESM_highpriority_FIQ)
                  00010430    00000058     libmmwave_xwr18xx.aer4f : mmwave.oer4f (.text:MMWave_execute)
                  00010488    00000058                             : mmwave_link.oer4f (.text:MMWave_initCRC)
                  000104e0    00000058     libuart_xwr18xx.aer4f : uartsci_dma.oer4f (.text:UartSci_closeDMA)
                  00010538    00000058     rtsv7R4_T_le_v3D16_eabi.lib : close.obj (.text)
                  00010590    00000058                                 : hostwrite.obj (.text)
                  000105e8    00000008     sysbios.aer4f : BIOS.obj (.tramp.ti_sysbios_family_arm_v7r_vim_Hwi_disableInterrupt__E.1)
                  000105f0    00000058                   : BIOS.obj (.text:ti_sysbios_family_arm_TaskSupport_start__E)
                  00010648    00000008                   : BIOS.obj (.tramp.xdc_runtime_Memory_free__E.1)
                  00010650    00000058                   : BIOS.obj (.text:ti_sysbios_timers_rti_Timer_setPeriod__E)
                  000106a8    00000056     libmmwavelink_xwr18xx.aer4f : rl_driver.oer4f (.text:rlDriverOsiCbCheck)
                  000106fe    00000002     --HOLE-- [fill = 0]
                  00010700    00000054     libcrc_xwr18xx.aer4f : crc.oer4f (.text:CRC_getTransactionId)
                  00010754    00000054     libDMA_xwr18xx.aer4f : dma.oer4f (.text:DMA_freeChannel)
                  000107a8    00000054     libmmwave_xwr18xx.aer4f : mmwave_link.oer4f (.text:MMWave_initLink)
                  000107fc    00000054     libqspiflash_xwr18xx.aer4f : qspiflash.oer4f (.text:QSPIFlash_writeEnable)
                  00010850    00000054     rtsv7R4_T_le_v3D16_eabi.lib : ltoa.obj (.text)
                  000108a4    0000000c                                 : fflush.obj (.tramp.fflush.1)
                  000108b0    00000054     sysbios.aer4f : BIOS.obj (.text:ti_sysbios_hal_Hwi_initStack)
                  00010904    00000054     mss_mrr_per4f.oer4f (.text:ti_sysbios_knl_Semaphore_create)
                  00010958    00000054     mss_mrr_per4f.oer4f (.text:ti_sysbios_rts_MemAlloc_alloc)
                  000109ac    00000004     --HOLE-- [fill = 0]
                  000109b0    00000053     sysbios.aer4f : BIOS.obj (.text:xdc_runtime_Text_printVisFxn__I)
                  00010a03    00000001     --HOLE-- [fill = 0]
                  00010a04    00000050     libcrc_xwr18xx.aer4f : crc.oer4f (.text:CRC_getSignature)
                  00010a54    00000050     libmmwave_xwr18xx.aer4f : mmwave.oer4f (.text:MMWave_sync)
                  00010aa4    00000050     mss_main.obj (.text:processFlashDataThroughUart)
                  00010af4    00000050     libmmwavelink_xwr18xx.aer4f : rl_driver.oer4f (.text:rlDeviceIdentifyCmdDir)
                  00010b44    00000050                                 : rl_driver.oer4f (.text:rlDriverVerifyCRC)
                  00010b94    00000050     rtsv7R4_T_le_v3D16_eabi.lib : atoi.obj (.text)
                  00010be4    00000050                                 : exit.obj (.text)
                  00010c34    00000050                                 : u_div32.obj (.text)
                  00010c84    00000008     sysbios.aer4f : BIOS.obj (.tramp.ti_sysbios_knl_Semaphore_post__E.1)
                  00010c8c    00000004     --HOLE-- [fill = 0]
                  00010c90    00000050                   : BIOS.obj (.text:ti_sysbios_knl_Semaphore_pendTimeout__I)
                  00010ce0    00000050                   : BIOS.obj (.text:ti_sysbios_knl_Task_processVitalTaskFlag__I)
                  00010d30    0000004c     libcli_xwr18xx.aer4f : cli.oer4f (.text:CLI_write)
                  00010d7c    0000004c     libmailbox_xwr18xx.aer4f : mailbox.oer4f (.text:Mailbox_boxEmptyISRProcessing)
                  00010dc8    0000004c     libqspiflash_xwr18xx.aer4f : qspiflash_device_macronix.oer4f (.text:QSPIFlash_macronix_init)
                  00010e14    0000004c     libuart_xwr18xx.aer4f : uartsci.oer4f (.text:UartSci_writeCancel)
                  00010e60    0000004c     rtsv7R4_T_le_v3D16_eabi.lib : cpy_tbl.obj (.text)
                  00010eac    0000004c     mss_mrr_per4f.oer4f (.text:ti_sysbios_gates_GateHwi_Object__create__S)
                  00010ef8    0000004c     mss_mrr_per4f.oer4f (.text:ti_sysbios_gates_GateMutex_Object__create__S)
                  00010f44    0000004c     mss_mrr_per4f.oer4f (.text:ti_sysbios_heaps_HeapMem_Object__create__S)
                  00010f90    0000004c     mss_mrr_per4f.oer4f (.text:ti_sysbios_knl_Semaphore_construct)
                  00010fdc    00000004     --HOLE-- [fill = 0]
                  00010fe0    0000004c     sysbios.aer4f : BIOS.obj (.text:ti_sysbios_knl_Task_restore__E)
                  0001102c    0000004a     libmailbox_xwr18xx.aer4f : mailbox.oer4f (.text:Mailbox_boxFullISRProcessing)
                  00011076    00000002     --HOLE-- [fill = 0]
                  00011078    00000048     mss_main.obj (.text:MRR_MSS_frameStartIntCallback)
                  000110c0    00000048     libmmwavelink_xwr18xx.aer4f : rl_device.oer4f (.text:rlDeviceGetVersion)
                  00011108    00000048                                 : rl_driver.oer4f (.text:rlDriverOsiInit)
                  00011150    00000046     libmailbox_xwr18xx.aer4f : mailbox.oer4f (.text:CSL_FINSR)
                  00011196    00000044     libcrc_xwr18xx.aer4f : crc.oer4f (.text:CRC_resetSignature)
                  000111da    00000002     --HOLE-- [fill = 0]
                  000111dc    00000044     libmailbox_xwr18xx.aer4f : mailbox.oer4f (.text:Mailbox_boxFullISRMssDss)
                  00011220    00000044     libsoc_xwr18xx.aer4f : soc_xwr18xx_mss.oer4f (.text:SOC_resetDMA)
                  00011264    00000044     rtsv7R4_T_le_v3D16_eabi.lib : hostclose.obj (.text)
                  000112a8    00000044                                 : hostunlink.obj (.text)
                  000112ec    00000044     mss_mrr_per4f.oer4f (.text:ti_sysbios_BIOS_atExitFunc__I)
                  00011330    00000044     sysbios.aer4f : BIOS.obj (.text:ti_sysbios_heaps_HeapMem_free__E)
                  00011374    00000044     mss_mrr_per4f.oer4f (.text:ti_sysbios_knl_Clock_doTick__I)
                  000113b8    00000044     mss_mrr_per4f.oer4f (.text:ti_sysbios_knl_Queue_construct)
                  000113fc    00000004     --HOLE-- [fill = 0]
                  00011400    00000044     sysbios.aer4f : BIOS.obj (.text:ti_sysbios_knl_Swi_Module_startup__E)
                  00011444    00000008                   : BIOS.obj (.tramp.xdc_runtime_Assert_raise__I.1)
                  0001144c    00000004     --HOLE-- [fill = 0]
                  00011450    00000044                   : BIOS.obj (.text:ti_sysbios_knl_Task_restoreHwi__E)
                  00011494    00000008                   : BIOS.obj (.tramp.ti_sysbios_knl_Event_post__E.1)
                  0001149c    00000004     --HOLE-- [fill = 0]
                  000114a0    00000044                   : BIOS.obj (.text:ti_sysbios_timers_rti_Timer_periodicStub__E)
                  000114e4    00000042     libmmwave_xwr18xx.aer4f : mmwave_link.oer4f (.text:MMWave_executeLink)
                  00011526    00000042     libmmwavelink_xwr18xx.aer4f : rl_controller.oer4f (.text:rlGetSubBlock)
                  00011568    00000040     mss_main.obj (.text:MRR_MSS_chirpIntCallback)
                  000115a8    00000040     libqspiflash_xwr18xx.aer4f : qspiflash_device_spansion.oer4f (.text:QSPIFlash_spansion_init)
                  000115e8    00000040     battery.obj (.text:lowBatteryStatusWrite)
                  00011628    00000040     libmmwavelink_xwr18xx.aer4f : rl_driver.oer4f (.text:rlDriverValidateHdr)
                  00011668    00000008     --HOLE-- [fill = 0]
                  00011670    00000040     sysbios.aer4f : BIOS.obj (.text:xdc_runtime_SysStd_abort__E)
                  000116b0    0000003e     libDMA_xwr18xx.aer4f : dma.oer4f (.text:CSL_FINSR)
                  000116ee    0000003e     libcrc_xwr18xx.aer4f : crc.oer4f (.text:CSL_FINSR)
                  0001172c    0000003e     libgpio_xwr18xx.aer4f : gpio.oer4f (.text:CSL_FINSR)
                  0001176a    0000003e     libi2c_xwr18xx.aer4f : i2c_master.oer4f (.text:CSL_FINSR)
                  000117a8    0000003e     libpinmux_xwr18xx.aer4f : pinmux.oer4f (.text:CSL_FINSR)
                  000117e6    0000003e     libqspi_xwr18xx.aer4f : qspi.oer4f (.text:CSL_FINSR)
                  00011824    0000003e     libsoc_xwr18xx.aer4f : soc.oer4f (.text:CSL_FINSR)
                  00011862    0000003e                          : soc_xwr18xx.oer4f (.text:CSL_FINSR)
                  000118a0    0000003e                          : soc_xwr18xx_mss.oer4f (.text:CSL_FINSR)
                  000118de    0000003e     libuart_xwr18xx.aer4f : uartsci.oer4f (.text:CSL_FINSR)
                  0001191c    0000003e                           : uartsci.oer4f (.text:UartSci_close)
                  0001195a    00000002     --HOLE-- [fill = 0]
                  0001195c    0000003c     libmailbox_xwr18xx.aer4f : mailbox.oer4f (.text:Mailbox_writeReset)
                  00011998    0000003c     libsoc_xwr18xx.aer4f : soc.oer4f (.text:SOC_unhaltBSS)
                  000119d4    0000003c     sysbios.aer4f : vim_Hwi_asm.obj (.text:ti_sysbios_family_arm_v7r_vim_Hwi_init__I)
                  00011a10    0000003c                   : BIOS.obj (.text:xdc_runtime_System_aprintf_va__F)
                  00011a4c    0000003a     libosal_xwr18xx.aer4f : HwiP_tirtos.oer4f (.text:HwiP_delete)
                  00011a86    00000002     --HOLE-- [fill = 0]
                  00011a88    00000038     libi2c_xwr18xx.aer4f : I2C.oer4f (.text:I2C_init)
                  00011ac0    00000038     libuart_xwr18xx.aer4f : UART.oer4f (.text:UART_init)
                  00011af8    00000038     mss_mrr_per4f.oer4f (.text:ti_sysbios_BIOS_startFunc__I)
                  00011b30    00000038     sysbios.aer4f : BIOS.obj (.text:xdc_runtime_System_printf_va__F)
                  00011b68    00000036     libmmwavelink_xwr18xx.aer4f : rl_controller.oer4f (.text:rlAppendSubBlock)
                  00011b9e    00000036     rtsv7R4_T_le_v3D16_eabi.lib : strncpy.obj (.text)
                  00011bd4    00000034     libi2c_xwr18xx.aer4f : I2C.oer4f (.text:I2C_open)
                  00011c08    00000034     libmmwave_xwr18xx.aer4f : mmwave_link.oer4f (.text:MMWave_mboxWrite)
                  00011c3c    00000034     libsoc_xwr18xx.aer4f : soc_xwr18xx_mss.oer4f (.text:SOC_isSecureDevice)
                  00011c70    00000034                          : soc_xwr18xx.oer4f (.text:SOC_setMMWaveDSSLinkState)
                  00011ca4    00000034                          : soc_xwr18xx.oer4f (.text:SOC_setMMWaveMSSLinkState)
                  00011cd8    00000034     libuart_xwr18xx.aer4f : UART.oer4f (.text:UART_open)
                  00011d0c    00000034     mss_mrr_per4f.oer4f (.text:ti_sysbios_BIOS_errorRaiseHook__I)
                  00011d40    00000034     mss_mrr_per4f.oer4f (.text:ti_sysbios_BIOS_registerRTSLock__I)
                  00011d74    00000034     mss_mrr_per4f.oer4f (.text:ti_sysbios_BIOS_removeRTSLock__I)
                  00011da8    00000034     mss_mrr_per4f.oer4f (.text:ti_sysbios_family_arm_v7r_vim_Hwi_Object__delete__S)
                  00011ddc    00000034     mss_mrr_per4f.oer4f (.text:ti_sysbios_gates_GateMutex_Object__delete__S)
                  00011e10    00000034     sysbios.aer4f : BIOS.obj (.text:ti_sysbios_knl_Idle_run__E)
                  00011e44    00000034     mss_mrr_per4f.oer4f (.text:ti_sysbios_knl_Semaphore_Object__delete__S)
                  00011e78    00000032     libcrc_xwr18xx.aer4f : crc.oer4f (.text:CRC_getCRCDataSelectBitValue)
                  00011eaa    00000002     --HOLE-- [fill = 0]
                  00011eac    00000032                          : crc.oer4f (.text:CRC_getCRCTypeBitValue)
                  00011ede    00000002     --HOLE-- [fill = 0]
                  00011ee0    00000030     cfg.obj (.text:Cfg_FrameCfgInitParams)
                  00011f10    00000030     libmmwave_xwr18xx.aer4f : mmwave_listlib.oer4f (.text:MMWave_listRemoveNode)
                  00011f40    00000030     libmmwavelink_xwr18xx.aer4f : rl_sensor.oer4f (.text:rlSensorStart)
                  00011f70    00000030     mss_mrr_per4f.oer4f (.text:ti_sysbios_BIOS_rtsLock__I)
                  00011fa0    00000030     sysbios.aer4f : BIOS.obj (.text:ti_sysbios_family_arm_v7r_vim_Hwi_disableInterrupt__E)
                  00011fd0    00000030                   : BIOS.obj (.text:ti_sysbios_family_arm_v7r_vim_Hwi_enableInterrupt__E)
                  00012000    00000030     mss_mrr_per4f.oer4f (.text:ti_sysbios_gates_GateHwi_Object__delete__S)
                  00012030    00000030     sysbios.aer4f : BIOS.obj (.text:ti_sysbios_gates_GateMutex_Instance_init__E)
                  00012060    00000030     mss_mrr_per4f.oer4f (.text:ti_sysbios_heaps_HeapMem_Object__delete__S)
                  00012090    00000030     sysbios.aer4f : BIOS.obj (.text:ti_sysbios_knl_Clock_Module_startup__E)
                  000120c0    0000002c     libgpio_xwr18xx.aer4f : gpio.oer4f (.text:GPIO_HighPriorityISR)
                  000120ec    0000002c                           : gpio.oer4f (.text:GPIO_LowPriorityISR)
                  00012118    0000002c     libmmwave_xwr18xx.aer4f : mmwave_osal.oer4f (.text:MMWave_osalMutexCreate)
                  00012144    0000002c                             : mmwave_osal.oer4f (.text:MMWave_osalSemCreate)
                  00012170    0000002c     libsoc_xwr18xx.aer4f : soc_xwr18xx_mss.oer4f (.text:SOC_waitBSSPowerUp)
                  0001219c    0000002c     libmmwavelink_xwr18xx.aer4f : rl_device.oer4f (.text:rlDeviceGetMssVersion)
                  000121c8    0000002c                                 : rl_sensor.oer4f (.text:rlSensorStop)
                  000121f4    0000002c     rtsv7R4_T_le_v3D16_eabi.lib : unlink.obj (.text)
                  00012220    0000002c     mss_mrr_per4f.oer4f (.text:ti_sysbios_gates_GateHwi_Handle__label__S)
                  0001224c    0000002c     mss_mrr_per4f.oer4f (.text:ti_sysbios_gates_GateMutex_Handle__label__S)
                  00012278    0000002c     mss_mrr_per4f.oer4f (.text:ti_sysbios_heaps_HeapMem_Handle__label__S)
                  000122a4    0000002c     mss_mrr_per4f.oer4f (.text:ti_sysbios_knl_Semaphore_destruct)
                  000122d0    0000002c     sysbios.aer4f : BIOS.obj (.text:ti_sysbios_knl_Task_enter__I)
                  000122fc    0000002a     libsoc_xwr18xx.aer4f : soc.oer4f (.text:SOC_SystemISR)
                  00012326    0000002a     libmmwavelink_xwr18xx.aer4f : rl_device.oer4f (.text:rlDeviceGetMmWaveLinkVersion)
                  00012350    00000028     libmailbox_xwr18xx.aer4f : mailbox.oer4f (.text:Mailbox_Config_init)
                  00012378    00000028     libqspiflash_xwr18xx.aer4f : qspiflash.oer4f (.text:QSPIFlash_getExtFlashAddr)
                  000123a0    00000028     libuart_xwr18xx.aer4f : uartsci_dma.oer4f (.text:UartSci_RxDMACallbackFxn)
                  000123c8    00000028                           : uartsci_dma.oer4f (.text:UartSci_TxDMACallbackFxn)
                  000123f0    00000028     mss_mrr_per4f.oer4f (.text:free)
                  00012418    00000028     libmmwavelink_xwr18xx.aer4f : rl_driver.oer4f (.text:rlDriverConstructInMsg)
                  00012440    00000028     rtsv7R4_T_le_v3D16_eabi.lib : lseek.obj (.text)
                  00012468    00000028                                 : write.obj (.text)
                  00012490    00000028     mss_mrr_per4f.oer4f (.text:ti_sysbios_BIOS_rtsUnlock__I)
                  000124b8    00000028     mss_mrr_per4f.oer4f (.text:ti_sysbios_family_arm_v7r_vim_Hwi_Module__startupDone__F)
                  000124e0    00000028     sysbios.aer4f : BIOS.obj (.text:ti_sysbios_gates_GateMutex_leave__E)
                  00012508    00000028     mss_mrr_per4f.oer4f (.text:ti_sysbios_knl_Queue_destruct)
                  00012530    00000028     mss_mrr_per4f.oer4f (.text:ti_sysbios_timers_rti_Timer_Module__startupDone__F)
                  00012558    00000008     --HOLE-- [fill = 0]
                  00012560    00000028     sysbios.aer4f : BIOS.obj (.text:xdc_runtime_Error_init__E)
                  00012588    00000028     mss_mrr_per4f.oer4f (.text:xdc_runtime_System_aprintf__E)
                  000125b0    00000028     mss_mrr_per4f.oer4f (.text:xdc_runtime_System_printf__E)
                  000125d8    00000026     libmmwavelink_xwr18xx.aer4f : rl_sensor.oer4f (.text:rlRfInitCalibConfig)
                  000125fe    00000026                                 : rl_sensor.oer4f (.text:rlRfRunTimeCalibConfig)
                  00012624    00000026                                 : rl_sensor.oer4f (.text:rlRfSetCalMonFreqLimitConfig)
                  0001264a    00000026                                 : rl_sensor.oer4f (.text:rlRfSetDeviceCfg)
                  00012670    00000026                                 : rl_sensor.oer4f (.text:rlRfSetLdoBypassConfig)
                  00012696    00000026                                 : rl_sensor.oer4f (.text:rlSetAdcOutConfig)
                  000126bc    00000026                                 : rl_sensor.oer4f (.text:rlSetChannelConfig)
                  000126e2    00000026                                 : rl_sensor.oer4f (.text:rlSetGpAdcConfig)
                  00012708    00000024     libcrc_xwr18xx.aer4f : crc.oer4f (.text:CRC_isTransactionIdValid)
                  0001272c    00000024     cfg.obj (.text:Cfg_ADCOutCfgInitParams)
                  00012750    00000024     libgpio_xwr18xx.aer4f : gpio.oer4f (.text:GPIO_processInterrupt)
                  00012774    00000024     libsoc_xwr18xx.aer4f : soc_xwr18xx.oer4f (.text:SOC_isMMWaveDSSOperational)
                  00012798    00000024                          : soc_xwr18xx.oer4f (.text:SOC_isMMWaveMSSOperational)
                  000127bc    00000024     libmmwavelink_xwr18xx.aer4f : rl_sensor.oer4f (.text:rlEnableContMode)
                  000127e0    00000024                                 : rl_sensor.oer4f (.text:rlRfSetCalMonTimeUnitConfig)
                  00012804    00000024                                 : rl_sensor.oer4f (.text:rlSetLowPowerModeConfig)
                  00012828    00000022     libqspiflash_xwr18xx.aer4f : qspiflash.oer4f (.text:QSPIFlashReadCmd)
                  0001284a    00000022     libuart_xwr18xx.aer4f : uartsci.oer4f (.text:UartSci_disableRxDMA)
                  0001286c    00000022                           : uartsci.oer4f (.text:UartSci_enableRxDMA)
                  0001288e    00000002     --HOLE-- [fill = 0]
                  00012890    00000020     libesm_xwr18xx.aer4f : esm.oer4f (.text:ESM_lowpriority_IRQ)
                  000128b0    00000020     libmmwave_xwr18xx.aer4f : mmwave_listlib.oer4f (.text:MMWave_listCat)
                  000128d0    00000020     mss_main.obj (.text:MmwDemo_mboxWrite)
                  000128f0    00000020     libpinmux_xwr18xx.aer4f : pinmux.oer4f (.text:Pinmux_Unlock)
                  00012910    00000020     libmmwavelink_xwr18xx.aer4f : rl_sensor.oer4f (.text:rlRfInit)
                  00012930    00000020     rtsv7R4_T_le_v3D16_eabi.lib : memchr.obj (.text)
                  00012950    00000020     mss_mrr_per4f.oer4f (.text:ti_sysbios_BIOS_exitFunc__I)
                  00012970    00000020     sysbios.aer4f : BIOS.obj (.text:ti_sysbios_family_arm_v7r_vim_Hwi_clearInterrupt__E)
                  00012990    00000020                   : BIOS.obj (.text:ti_sysbios_knl_Task_sleepTimeout__I)
                  000129b0    0000001e     libmmwave_xwr18xx.aer4f : mmwave_fullcfg.oer4f (.text:MMWave_internalDelChirp)
                  000129ce    0000001e     libsoc_xwr18xx.aer4f : soc_xwr18xx_mss.oer4f (.text:SOC_getOutAddr_LUTType)
                  000129ec    0000001c     libcrc_xwr18xx.aer4f : crc.oer4f (.text:CRC_releaseTransactionId)
                  00012a08    0000001c     libDMA_xwr18xx.aer4f : dma.oer4f (.text:CSL_FEXTR)
                  00012a24    0000001c     libgpio_xwr18xx.aer4f : gpio.oer4f (.text:CSL_FEXTR)
                  00012a40    0000001c     libmmwave_xwr18xx.aer4f : mmwave.oer4f (.text:CSL_FEXTR)
                  00012a5c    0000001c     libsoc_xwr18xx.aer4f : soc.oer4f (.text:CSL_FEXTR)
                  00012a78    0000001c                          : soc_xwr18xx.oer4f (.text:CSL_FEXTR)
                  00012a94    0000001c                          : soc_xwr18xx_mss.oer4f (.text:CSL_FEXTR)
                  00012ab0    0000001c     libuart_xwr18xx.aer4f : uartsci.oer4f (.text:CSL_FEXTR)
                  00012acc    0000001c     libmmwave_xwr18xx.aer4f : mmwave_listlib.oer4f (.text:MMWave_listRemove)
                  00012ae8    0000001c     mss_main.obj (.text:MRR_MSS_startFxn)
                  00012b04    0000001c     mss_main.obj (.text:QSPIFlash_Write)
                  00012b20    0000001c     libsoc_xwr18xx.aer4f : soc_xwr18xx_mss.oer4f (.text:SOC_getInAddr_LUTType)
                  00012b3c    0000001c     sysbios.aer4f : arm_TaskSupport_asm.obj (.text:_ti_sysbios_family_arm_TaskSupport_glue)
                  00012b58    0000001c                   : arm_TaskSupport_asm.obj (.text:_ti_sysbios_family_arm_TaskSupport_swap__E)
                  00012b74    0000001c     battery.obj (.text:largest)
                  00012b90    0000001c     rtsv7R4_T_le_v3D16_eabi.lib : memccpy.obj (.text)
                  00012bac    0000001c     mss_mrr_per4f.oer4f (.text:ti_sysbios_heaps_HeapMem_Object__get__S)
                  00012bc8    0000001c     mss_mrr_per4f.oer4f (.text:ti_sysbios_knl_Swi_Object__get__S)
                  00012be4    0000001c     mss_mrr_per4f.oer4f (.text:xdc_runtime_Startup_exec__I)
                  00012c00    0000001a     cfg.obj (.text:Cfg_ChannelCfgInitParams)
                  00012c1a    0000001a     libmmwave_xwr18xx.aer4f : mmwave_dualcore.oer4f (.text:MMWave_deviceSyncFxn)
                  00012c34    0000001a                             : mmwave.oer4f (.text:MMWave_encodeError)
                  00012c4e    0000001a                             : mmwave_listlib.oer4f (.text:MMWave_listAdd)
                  00012c68    0000001a     mss_main.obj (.text:MRR_MSS_cfgFxn)
                  00012c82    0000001a     rtsv7R4_T_le_v3D16_eabi.lib : s_copysign.obj (.text)
                  00012c9c    00000018     libmmwave_xwr18xx.aer4f : mmwave_osal.oer4f (.text:MMWave_osalMutexLock)
                  00012cb4    00000018                             : mmwave_osal.oer4f (.text:MMWave_osalSemWait)
                  00012ccc    00000018     libmailbox_xwr18xx.aer4f : mailbox.oer4f (.text:Mailbox_boxEmptyISRBss)
                  00012ce4    00000018                              : mailbox.oer4f (.text:Mailbox_boxEmptyISRMssDss)
                  00012cfc    00000018                              : mailbox.oer4f (.text:Mailbox_boxFullISRBss)
                  00012d14    00000018     libmmwavelink_xwr18xx.aer4f : rl_device.oer4f (.text:rlDeviceGetRfVersion)
                  00012d2c    00000018                                 : rl_driver.oer4f (.text:rlDriverCalCRC)
                  00012d44    00000018                                 : rl_driver.oer4f (.text:rlDriverFillPayload)
                  00012d5c    00000018     rtsv7R4_T_le_v3D16_eabi.lib : args_main.obj (.text)
                  00012d74    00000018                                 : strcmp.obj (.text)
                  00012d8c    00000004     --HOLE-- [fill = 0]
                  00012d90    00000018     sysbios.aer4f : BIOS.obj (.text:ti_sysbios_BIOS_setThreadType__E)
                  00012da8    00000008     --HOLE-- [fill = 0]
                  00012db0    00000018                   : BIOS.obj (.text:ti_sysbios_BIOS_start__E)
                  00012dc8    00000008     --HOLE-- [fill = 0]
                  00012dd0    00000018                   : BIOS.obj (.text:ti_sysbios_hal_Hwi_Module_startup__E)
                  00012de8    00000008     --HOLE-- [fill = 0]
                  00012df0    00000018                   : BIOS.obj (.text:ti_sysbios_hal_Timer_Module_startup__E)
                  00012e08    00000018     mss_mrr_per4f.oer4f (.text:ti_sysbios_heaps_HeapBuf_Object__get__S)
                  00012e20    00000018     sysbios.aer4f : BIOS.obj (.text:ti_sysbios_knl_Idle_loop__E)
                  00012e38    00000008     --HOLE-- [fill = 0]
                  00012e40    00000018                   : BIOS.obj (.text:ti_sysbios_knl_Queue_empty__E)
                  00012e58    00000008     --HOLE-- [fill = 0]
                  00012e60    00000018                   : BIOS.obj (.text:ti_sysbios_knl_Swi_disable__E)
                  00012e78    00000018     mss_mrr_per4f.oer4f (.text:ti_sysbios_knl_Task_Object__get__S)
                  00012e90    00000018     sysbios.aer4f : BIOS.obj (.text:ti_sysbios_knl_Task_disable__E)
                  00012ea8    00000018     mss_mrr_per4f.oer4f (.text:xdc_runtime_Text_visitRope__I)
                  00012ec0    00000016     libi2c_xwr18xx.aer4f : i2c_reg.oer4f (.text:I2CMasterInitClk)
                  00012ed6    00000016     rtsv7R4_T_le_v3D16_eabi.lib : strchr.obj (.text)
                  00012eec    00000016                                 : strlen.obj (.text)
                  00012f02    00000014     libosal_xwr18xx.aer4f : HwiP_tirtos.oer4f (.text:HwiP_Params_init)
                  00012f16    00000014     libmmwave_xwr18xx.aer4f : mmwave_fullcfg.oer4f (.text:MMWave_internalDelBpmChirp)
                  00012f2a    00000014                             : mmwave_fullcfg.oer4f (.text:MMWave_internalDelProfile)
                  00012f3e    00000014                             : mmwave_osal.oer4f (.text:MMWave_osalMutexDelete)
                  00012f52    00000014                             : mmwave_osal.oer4f (.text:MMWave_osalSemDelete)
                  00012f66    00000002     --HOLE-- [fill = 0]
                  00012f68    00000014     mss_main.obj (.text:MRR_MSS_stopFxn)
                  00012f7c    00000014     libpinmux_xwr18xx.aer4f : pinmux.oer4f (.text:Pinmux_Lock)
                  00012f90    00000014     mss_main.obj (.text:QSPIFlash_4KBFlashErase)
                  00012fa4    00000014     libuart_xwr18xx.aer4f : uartsci.oer4f (.text:UartSci_disableTxDMA)
                  00012fb8    00000014                           : uartsci.oer4f (.text:UartSci_enableTxDMA)
                  00012fcc    00000014     libosal_xwr18xx.aer4f : DebugP_tirtos.oer4f (.text:_DebugP_assert)
                  00012fe0    00000014     libmmwavelink_xwr18xx.aer4f : rl_controller.oer4f (.text:rlAppendDummy)
                  00012ff4    00000014                                 : rl_driver.oer4f (.text:rlDriverIsDeviceMapValid)
                  00013008    00000014     rtsv7R4_T_le_v3D16_eabi.lib : _lock.obj (.text)
                  0001301c    00000014                                 : strcpy.obj (.text)
                  00013030    00000014     sysbios.aer4f : BIOS.obj (.text:ti_sysbios_family_arm_TaskSupport_checkStack__E)
                  00013044    0000000c     rtsv7R4_T_le_v3D16_eabi.lib : memset_t2.obj (.tramp.memset.1)
                  00013050    00000014     sysbios.aer4f : BIOS.obj (.text:ti_sysbios_family_arm_v7r_vim_Hwi_switchFromBootStack__E)
                  00013064    0000000c     rtsv7R4_T_le_v3D16_eabi.lib : cpy_tbl.obj (.tramp.copy_in.1)
                  00013070    00000014     sysbios.aer4f : BIOS.obj (.text:ti_sysbios_gates_GateMutex_Instance_finalize__E)
                  00013084    0000000c     --HOLE-- [fill = 0]
                  00013090    00000014                   : BIOS.obj (.text:ti_sysbios_knl_Semaphore_Instance_finalize__E)
                  000130a4    00000014     mss_mrr_per4f.oer4f (.text:xdc_runtime_IHeap_alloc)
                  000130b8    00000014     mss_mrr_per4f.oer4f (.text:xdc_runtime_IHeap_free)
                  000130cc    00000004     --HOLE-- [fill = 0]
                  000130d0    00000014     sysbios.aer4f : BIOS.obj (.text:xdc_runtime_Memory_free__E)
                  000130e4    00000012     libcrc_xwr18xx.aer4f : crc.oer4f (.text:CRC_initConfigParams)
                  000130f6    00000012     cfg.obj (.text:Cfg_LowPowerModeInitParams)
                  00013108    00000012     libmmwave_xwr18xx.aer4f : mmwave_dualcore.oer4f (.text:MMWave_deviceGetDeviceInfo)
                  0001311a    00000012     libosal_xwr18xx.aer4f : MemoryP_tirtos.oer4f (.text:MemoryP_ctrlAlloc)
                  0001312c    00000012                           : SemaphoreP_tirtos.oer4f (.text:SemaphoreP_pend)
                  0001313e    00000010     libcrc_xwr18xx.aer4f : crc.oer4f (.text:CRC_getSignatureRegister)
                  0001314e    00000010     libi2c_xwr18xx.aer4f : i2c_reg.oer4f (.text:I2CMasterEnable)
                  0001315e    00000002     --HOLE-- [fill = 0]
                  00013160    00000010                          : I2C.oer4f (.text:I2C_Params_init)
                  00013170    00000010     libqspiflash_xwr18xx.aer4f : qspiflash.oer4f (.text:QSPIFlashWriteCmd)
                  00013180    00000010     libqspi_xwr18xx.aer4f : qspi.oer4f (.text:QSPI_Params_init)
                  00013190    00000010     rtc.obj (.text:RTC_bcdToDec)
                  000131a0    00000010     sysbios.aer4f : BIOS.obj (.text:ti_sysbios_family_arm_TaskSupport_getStackAlignment__E)
                  000131b0    00000010                   : BIOS.obj (.text:ti_sysbios_family_arm_exc_Exception_Module_startup__E)
                  000131c0    00000010     mss_mrr_per4f.oer4f (.text:ti_sysbios_family_arm_v7r_vim_Hwi_Params__init__S)
                  000131d0    00000010     mss_mrr_per4f.oer4f (.text:ti_sysbios_knl_Queue_Object__get__S)
                  000131e0    00000010     mss_mrr_per4f.oer4f (.text:ti_sysbios_knl_Semaphore_Params__init__S)
                  000131f0    00000010     mss_mrr_per4f.oer4f (.text:ti_sysbios_knl_Task_Params__init__S)
                  00013200    00000010     sysbios.aer4f : BIOS.obj (.text:xdc_runtime_Startup_rtsDone__E)
                  00013210    0000000e     libi2c_xwr18xx.aer4f : i2c_reg.oer4f (.text:I2CMasterControl)
                  0001321e    0000000e     libosal_xwr18xx.aer4f : SemaphoreP_tirtos.oer4f (.text:SemaphoreP_delete)
                  0001322c    0000000e     rtsv7R4_T_le_v3D16_eabi.lib : copy_decompress_none.obj (.text:decompress:none)
                  0001323a    00000006     --HOLE-- [fill = 0]
                  00013240    0000000c     sysbios.aer4f : BIOS.obj (.text:ti_sysbios_family_arm_v7r_vim_Hwi_startup__E)
                  0001324c    00000004     --HOLE-- [fill = 0]
                  00013250    0000000c                   : BIOS.obj (.text:ti_sysbios_gates_GateHwi_enter__E)
                  0001325c    00000004     --HOLE-- [fill = 0]
                  00013260    0000000c                   : BIOS.obj (.text:ti_sysbios_knl_Queue_Instance_init__E)
                  0001326c    00000004     --HOLE-- [fill = 0]
                  00013270    0000000c                   : BIOS.obj (.text:xdc_runtime_SysStd_exit__E)
                  0001327c    00000004     --HOLE-- [fill = 0]
                  00013280    00000008                   : BIOS.obj (.text:ti_sysbios_gates_GateHwi_leave__E)
                  00013288    00000008     --HOLE-- [fill = 0]
                  00013290    00000008                   : BIOS.obj (.text:ti_sysbios_gates_GateHwi_query__E)
                  00013298    00000008     --HOLE-- [fill = 0]
                  000132a0    00000008                   : BIOS.obj (.text:ti_sysbios_gates_GateMutex_query__E)
                  000132a8    00000008     --HOLE-- [fill = 0]
                  000132b0    00000008                   : BIOS.obj (.text:ti_sysbios_heaps_HeapMem_isBlocking__E)
                  000132b8    00000008     --HOLE-- [fill = 0]
                  000132c0    00000008                   : BIOS.obj (.text:ti_sysbios_timers_rti_Timer_getMaxTicks__E)
                  000132c8    00000008     --HOLE-- [fill = 0]
                  000132d0    00000008                   : BIOS.obj (.text:xdc_runtime_SysStd_ready__E)
                  000132d8    00000008     --HOLE-- [fill = 0]
                  000132e0    00000008                   : BIOS.obj (.text:xdc_runtime_System_Module_startup__E)
                  000132e8    00000008     --HOLE-- [fill = 0]
                  000132f0    00000004                   : BIOS.obj (.text:ti_sysbios_BIOS_linkedWithIncorrectBootLibrary__E)
                  000132f4    0000000c     --HOLE-- [fill = 0]
                  00013300    00000004                   : BIOS.obj (.text:ti_sysbios_gates_GateHwi_Instance_init__E)
                  00013304    0000000c     --HOLE-- [fill = 0]
                  00013310    00000004                   : BIOS.obj (.text:ti_sysbios_knl_Task_startup__E)
                  00013314    0000000c     --HOLE-- [fill = 0]
                  00013320    00000004                   : BIOS.obj (.text:xdc_runtime_SysStd_putch__E)

.const     0    00013324    0000270a     
                  00013324    00001af5     mss_mrr_per4f.oer4f (.const:xdc_runtime_Text_charTab__A)
                  00014e19    00000001     --HOLE-- [fill = 0]
                  00014e1a    00000002     mss_mrr_per4f.oer4f (.const:ti_sysbios_family_arm_exc_Exception_Module__id__C)
                  00014e1c    000002b8     libmmwavelink_xwr18xx.aer4f : rl_sensor.oer4f (.const:$O1$$)
                  000150d4    00000101     rtsv7R4_T_le_v3D16_eabi.lib : ctype.obj (.const:.string:_ctypes_)
                  000151d5    00000001     --HOLE-- [fill = 0]
                  000151d6    000000d4     mss_mrr_per4f.oer4f (.const:xdc_runtime_Text_nodeTab__A)
                  000152aa    00000002     mss_mrr_per4f.oer4f (.const:ti_sysbios_family_arm_v7r_tms570_Core_Module__id__C)
                  000152ac    00000088     libmmwavelink_xwr18xx.aer4f : rl_driver.oer4f (.const:$O2$$)
                  00015334    00000080     mss_mrr_per4f.oer4f (.const:ti_sysbios_family_arm_v7r_vim_Hwi_channelMap__A)
                  000153b4    00000058     mss_mrr_per4f.oer4f (.const:.string)
                  0001540c    00000044     mss_mrr_per4f.oer4f (.const:ti_sysbios_knl_Task_Object__PARAMS__C)
                  00015450    0000003c     libuart_xwr18xx.aer4f : UART.oer4f (.const:UART_defaultParams)
                  0001548c    00000030     mss_mrr_per4f.oer4f (.const:ti_sysbios_family_arm_v7r_vim_Hwi_Object__PARAMS__C)
                  000154bc    0000002c     mss_mrr_per4f.oer4f (.const:xdc_runtime_Startup_sfxnTab__A)
                  000154e8    00000028     mss_mrr_per4f.oer4f (.const:ti_sysbios_heaps_HeapMem_Module__FXNS__C)
                  00015510    00000024     libmailbox_xwr18xx.aer4f : mailbox.oer4f (.const:Mailbox_defaultCfg)
                  00015534    00000024     mss_mrr_per4f.oer4f (.const:ti_sysbios_gates_GateHwi_Module__FXNS__C)
                  00015558    00000024     mss_mrr_per4f.oer4f (.const:ti_sysbios_gates_GateMutex_Module__FXNS__C)
                  0001557c    00000024     mss_mrr_per4f.oer4f (.const:ti_sysbios_heaps_HeapMem_Object__PARAMS__C)
                  000155a0    00000024     mss_mrr_per4f.oer4f (.const:ti_sysbios_knl_Semaphore_Object__PARAMS__C)
                  000155c4    00000020     mss_mrr_per4f.oer4f (.const:ti_sysbios_family_arm_v7r_vim_Hwi_Object__DESC__C)
                  000155e4    00000020     mss_mrr_per4f.oer4f (.const:ti_sysbios_gates_GateHwi_Object__DESC__C)
                  00015604    00000020     mss_mrr_per4f.oer4f (.const:ti_sysbios_gates_GateMutex_Object__DESC__C)
                  00015624    00000020     mss_mrr_per4f.oer4f (.const:ti_sysbios_heaps_HeapMem_Object__DESC__C)
                  00015644    00000020     mss_mrr_per4f.oer4f (.const:ti_sysbios_knl_Queue_Object__DESC__C)
                  00015664    00000020     mss_mrr_per4f.oer4f (.const:ti_sysbios_knl_Semaphore_Object__DESC__C)
                  00015684    00000020     mss_mrr_per4f.oer4f (.const:ti_sysbios_knl_Task_Object__DESC__C)
                  000156a4    0000001c     battery.obj (.const:gpAdcCfg)
                  000156c0    00000018     mss_mrr_per4f.oer4f (.const:ti_sysbios_gates_GateHwi_Object__PARAMS__C)
                  000156d8    00000018     mss_mrr_per4f.oer4f (.const:ti_sysbios_gates_GateMutex_Object__PARAMS__C)
                  000156f0    00000018     mss_mrr_per4f.oer4f (.const:ti_sysbios_knl_Queue_Object__PARAMS__C)
                  00015708    00000016     mss_mrr_per4f.oer4f (.const:xdc_runtime_Startup_sfxnRts__A)
                  0001571e    00000002     mss_mrr_per4f.oer4f (.const:ti_sysbios_family_arm_v7r_vim_Hwi_Module__id__C)
                  00015720    00000010     libqspi_xwr18xx.aer4f : qspi.oer4f (.const:QSPI_defaultParams)
                  00015730    00000010     mss_mrr_per4f.oer4f (.const:ti_sysbios_family_arm_v7r_vim_Hwi_intReqEnaSet__A)
                  00015740    00000010     mss_mrr_per4f.oer4f (.const:ti_sysbios_family_arm_v7r_vim_Hwi_wakeEnaSet__A)
                  00015750    0000000c     libi2c_xwr18xx.aer4f : I2C.oer4f (.const:I2C_defaultParams)
                  0001575c    00000008     mss_mrr_per4f.oer4f (.const:ti_sysbios_knl_Idle_funcList__C)
                  00015764    00000008     mss_mrr_per4f.oer4f (.const:xdc_runtime_Startup_firstFxns__A)
                  0001576c    00000008     mss_mrr_per4f.oer4f (.const:xdc_runtime_Startup_firstFxns__C)
                  00015774    00000008     mss_mrr_per4f.oer4f (.const:xdc_runtime_Startup_lastFxns__C)
                  0001577c    00000004     mss_mrr_cli.obj (.const:$P$T0$1)
                  00015780    00000004     mss_mrr_per4f.oer4f (.const:ti_sysbios_family_arm_TaskSupport_stackAlignment__C)
                  00015784    00000004     mss_mrr_per4f.oer4f (.const:ti_sysbios_family_arm_exc_Exception_E_dataAbort__C)
                  00015788    00000004     mss_mrr_per4f.oer4f (.const:ti_sysbios_family_arm_exc_Exception_E_prefetchAbort__C)
                  0001578c    00000004     mss_mrr_per4f.oer4f (.const:ti_sysbios_family_arm_exc_Exception_E_swi__C)
                  00015790    00000004     mss_mrr_per4f.oer4f (.const:ti_sysbios_family_arm_exc_Exception_E_undefinedInstruction__C)
                  00015794    00000004     mss_mrr_per4f.oer4f (.const:ti_sysbios_family_arm_exc_Exception_excHookFuncs__A)
                  00015798    00000004     mss_mrr_per4f.oer4f (.const:ti_sysbios_family_arm_exc_Exception_excHookFuncs__C)
                  0001579c    00000004     mss_mrr_per4f.oer4f (.const:ti_sysbios_family_arm_v7r_tms570_Core_E_mismatchedIds__C)
                  000157a0    00000004     mss_mrr_per4f.oer4f (.const:ti_sysbios_family_arm_v7r_tms570_Core_id__C)
                  000157a4    00000004     mss_mrr_per4f.oer4f (.const:ti_sysbios_family_arm_v7r_vim_Hwi_A_badChannelId__C)
                  000157a8    00000004     mss_mrr_per4f.oer4f (.const:ti_sysbios_family_arm_v7r_vim_Hwi_E_alreadyDefined__C)
                  000157ac    00000004     mss_mrr_per4f.oer4f (.const:ti_sysbios_family_arm_v7r_vim_Hwi_E_badIntNum__C)
                  000157b0    00000004     mss_mrr_per4f.oer4f (.const:ti_sysbios_family_arm_v7r_vim_Hwi_E_phantomInterrupt__C)
                  000157b4    00000004     mss_mrr_per4f.oer4f (.const:ti_sysbios_family_arm_v7r_vim_Hwi_E_undefined__C)
                  000157b8    00000004     mss_mrr_per4f.oer4f (.const:ti_sysbios_family_arm_v7r_vim_Hwi_E_unsupportedMaskingOption__C)
                  000157bc    00000004     mss_mrr_per4f.oer4f (.const:ti_sysbios_family_arm_v7r_vim_Hwi_LD_end__C)
                  000157c0    00000004     mss_mrr_per4f.oer4f (.const:ti_sysbios_family_arm_v7r_vim_Hwi_LM_begin__C)
                  000157c4    00000004     mss_mrr_per4f.oer4f (.const:ti_sysbios_family_arm_v7r_vim_Hwi_Module__diagsEnabled__C)
                  000157c8    00000004     mss_mrr_per4f.oer4f (.const:ti_sysbios_family_arm_v7r_vim_Hwi_Module__diagsIncluded__C)
                  000157cc    00000004     mss_mrr_per4f.oer4f (.const:ti_sysbios_family_arm_v7r_vim_Hwi_Module__diagsMask__C)
                  000157d0    00000004     mss_mrr_per4f.oer4f (.const:ti_sysbios_family_arm_v7r_vim_Hwi_Module__loggerFxn1__C)
                  000157d4    00000004     mss_mrr_per4f.oer4f (.const:ti_sysbios_family_arm_v7r_vim_Hwi_Module__loggerFxn8__C)
                  000157d8    00000004     mss_mrr_per4f.oer4f (.const:ti_sysbios_family_arm_v7r_vim_Hwi_Module__loggerObj__C)
                  000157dc    00000004     mss_mrr_per4f.oer4f (.const:ti_sysbios_family_arm_v7r_vim_Hwi_NUM_INTERRUPTS__C)
                  000157e0    00000004     mss_mrr_per4f.oer4f (.const:ti_sysbios_family_arm_v7r_vim_Hwi_channelMap__C)
                  000157e4    00000004     mss_mrr_per4f.oer4f (.const:ti_sysbios_family_arm_v7r_vim_Hwi_intReqEnaSet__C)
                  000157e8    00000004     mss_mrr_per4f.oer4f (.const:ti_sysbios_family_arm_v7r_vim_Hwi_phantomFunc__C)
                  000157ec    00000004     mss_mrr_per4f.oer4f (.const:ti_sysbios_family_arm_v7r_vim_Hwi_swiDisable__C)
                  000157f0    00000004     mss_mrr_per4f.oer4f (.const:ti_sysbios_family_arm_v7r_vim_Hwi_swiRestoreHwi__C)
                  000157f4    00000004     mss_mrr_per4f.oer4f (.const:ti_sysbios_family_arm_v7r_vim_Hwi_taskDisable__C)
                  000157f8    00000004     mss_mrr_per4f.oer4f (.const:ti_sysbios_family_arm_v7r_vim_Hwi_taskRestoreHwi__C)
                  000157fc    00000004     mss_mrr_per4f.oer4f (.const:ti_sysbios_family_arm_v7r_vim_Hwi_wakeEnaSet__C)
                  00015800    00000004     mss_mrr_per4f.oer4f (.const:ti_sysbios_gates_GateMutex_A_badContext__C)
                  00015804    00000004     mss_mrr_per4f.oer4f (.const:ti_sysbios_gates_GateMutex_Instance_State_sem__O)
                  00015808    00000004     mss_mrr_per4f.oer4f (.const:ti_sysbios_gates_GateMutex_Module__diagsEnabled__C)
                  0001580c    00000004     mss_mrr_per4f.oer4f (.const:ti_sysbios_gates_GateMutex_Module__diagsIncluded__C)
                  00015810    00000004     mss_mrr_per4f.oer4f (.const:ti_sysbios_gates_GateMutex_Module__diagsMask__C)
                  00015814    00000004     mss_mrr_per4f.oer4f (.const:ti_sysbios_hal_Hwi_E_stackOverflow__C)
                  00015818    00000004     mss_mrr_per4f.oer4f (.const:ti_sysbios_heaps_HeapBuf_Instance_State_freeList__O)
                  0001581c    00000004     mss_mrr_per4f.oer4f (.const:ti_sysbios_heaps_HeapBuf_Object__count__C)
                  00015820    00000004     mss_mrr_per4f.oer4f (.const:ti_sysbios_heaps_HeapBuf_numConstructedHeaps__C)
                  00015824    00000004     mss_mrr_per4f.oer4f (.const:ti_sysbios_heaps_HeapMem_A_align__C)
                  00015828    00000004     mss_mrr_per4f.oer4f (.const:ti_sysbios_heaps_HeapMem_A_heapSize__C)
                  0001582c    00000004     mss_mrr_per4f.oer4f (.const:ti_sysbios_heaps_HeapMem_A_invalidFree__C)
                  00015830    00000004     mss_mrr_per4f.oer4f (.const:ti_sysbios_heaps_HeapMem_A_zeroBlock__C)
                  00015834    00000004     mss_mrr_per4f.oer4f (.const:ti_sysbios_heaps_HeapMem_E_memory__C)
                  00015838    00000004     mss_mrr_per4f.oer4f (.const:ti_sysbios_heaps_HeapMem_Module__diagsEnabled__C)
                  0001583c    00000004     mss_mrr_per4f.oer4f (.const:ti_sysbios_heaps_HeapMem_Module__diagsIncluded__C)
                  00015840    00000004     mss_mrr_per4f.oer4f (.const:ti_sysbios_heaps_HeapMem_Module__diagsMask__C)
                  00015844    00000004     mss_mrr_per4f.oer4f (.const:ti_sysbios_heaps_HeapMem_Module__gateObj__C)
                  00015848    00000004     mss_mrr_per4f.oer4f (.const:ti_sysbios_heaps_HeapMem_Object__count__C)
[...]
000158b4  ti_sysbios_knl_Semaphore_LM_post__C                                  
000158b8  ti_sysbios_knl_Semaphore_Module__diagsEnabled__C                     
000158bc  ti_sysbios_knl_Semaphore_Module__diagsIncluded__C                    
000158c0  ti_sysbios_knl_Semaphore_Module__diagsMask__C                        
000158c4  ti_sysbios_knl_Semaphore_Module__loggerFxn2__C                       
000158c8  ti_sysbios_knl_Semaphore_Module__loggerFxn4__C                       
000158cc  ti_sysbios_knl_Semaphore_Module__loggerObj__C                        
000158d0  ti_sysbios_knl_Swi_LD_end__C                                         
000158d4  ti_sysbios_knl_Swi_LM_begin__C                                       
000158d8  ti_sysbios_knl_Swi_LM_post__C                                        
000158dc  ti_sysbios_knl_Swi_Module__diagsEnabled__C                           
000158e0  ti_sysbios_knl_Swi_Module__diagsIncluded__C                          
000158e4  ti_sysbios_knl_Swi_Module__diagsMask__C                              
000158e8  ti_sysbios_knl_Swi_Module__loggerFxn1__C                             
000158ec  ti_sysbios_knl_Swi_Module__loggerFxn4__C                             
000158f0  ti_sysbios_knl_Swi_Module__loggerObj__C                              
000158f4  ti_sysbios_knl_Swi_Object__count__C                                  
000158f8  ti_sysbios_knl_Task_A_badPriority__C                                 
000158fc  ti_sysbios_knl_Task_A_badTaskState__C                                
00015900  ti_sysbios_knl_Task_A_badThreadType__C                               
00015904  ti_sysbios_knl_Task_A_badTimeout__C                                  
00015908  ti_sysbios_knl_Task_A_noPendElem__C                                  
0001590c  ti_sysbios_knl_Task_A_sleepTaskDisabled__C                           
00015910  ti_sysbios_knl_Task_E_spOutOfBounds__C                               
00015914  ti_sysbios_knl_Task_E_stackOverflow__C                               
00015918  ti_sysbios_knl_Task_LD_block__C                                      
0001591c  ti_sysbios_knl_Task_LD_exit__C                                       
00015920  ti_sysbios_knl_Task_LD_ready__C                                      
00015924  ti_sysbios_knl_Task_LM_sleep__C                                      
00015928  ti_sysbios_knl_Task_LM_switch__C                                     
0001592c  ti_sysbios_knl_Task_Module_State_inactiveQ__O                        
00015930  ti_sysbios_knl_Task_Module__diagsEnabled__C                          
00015934  ti_sysbios_knl_Task_Module__diagsIncluded__C                         
00015938  ti_sysbios_knl_Task_Module__diagsMask__C                             
0001593c  ti_sysbios_knl_Task_Module__loggerFxn2__C                            
00015940  ti_sysbios_knl_Task_Module__loggerFxn4__C                            
00015944  ti_sysbios_knl_Task_Module__loggerObj__C                             
00015948  ti_sysbios_knl_Task_Object__count__C                                 
0001594c  ti_sysbios_knl_Task_allBlockedFunc__C                                
00015950  ti_sysbios_knl_Task_defaultStackHeap__C                              
00015954  ti_sysbios_knl_Task_defaultStackSize__C                              
00015958  ti_sysbios_knl_Task_numConstructedTasks__C                           
0001595c  ti_sysbios_timers_rti_Timer_E_cannotSupport__C                       
00015960  ti_sysbios_timers_rti_Timer_Module__diagsEnabled__C                  
00015964  ti_sysbios_timers_rti_Timer_Module__diagsIncluded__C                 
00015968  ti_sysbios_timers_rti_Timer_Module__diagsMask__C                     
0001596c  ti_sysbios_timers_rti_Timer_numTimerDevices__C                       
00015970  ti_sysbios_timers_rti_Timer_startupNeeded__C                         
00015974  xdc_runtime_Assert_E_assertFailed__C                                 
00015978  xdc_runtime_Core_A_initializedParams__C                              
0001597c  xdc_runtime_Core_Module__diagsEnabled__C                             
00015980  xdc_runtime_Core_Module__diagsIncluded__C                            
00015984  xdc_runtime_Core_Module__diagsMask__C                                
00015988  xdc_runtime_Error_E_memory__C                                        
0001598c  xdc_runtime_Error_Module__diagsEnabled__C                            
00015990  xdc_runtime_Error_Module__diagsIncluded__C                           
00015994  xdc_runtime_Error_Module__diagsMask__C                               
00015998  xdc_runtime_Error_Module__loggerFxn8__C                              
0001599c  xdc_runtime_Error_Module__loggerObj__C                               
000159a0  xdc_runtime_Error_policyFxn__C                                       
000159a4  xdc_runtime_Error_policy__C                                          
000159a8  xdc_runtime_Error_raiseHook__C                                       
000159ac  xdc_runtime_IGateProvider_Interface__BASE__C                         
000159b0  xdc_runtime_IHeap_Interface__BASE__C                                 
000159b4  xdc_runtime_IModule_Interface__BASE__C                               
000159b8  xdc_runtime_Log_L_error__C                                           
000159bc  xdc_runtime_Memory_defaultHeapInstance__C                            
000159c0  xdc_runtime_Startup_execImpl__C                                      
000159c4  xdc_runtime_Startup_maxPasses__C                                     
000159c8  xdc_runtime_Startup_sfxnRts__C                                       
000159cc  xdc_runtime_Startup_sfxnTab__C                                       
000159d0  xdc_runtime_System_Module__gateObj__C                                
000159d4  xdc_runtime_System_abortFxn__C                                       
000159d8  xdc_runtime_System_exitFxn__C                                        
000159dc  xdc_runtime_System_extendFxn__C                                      
000159e0  xdc_runtime_System_maxAtexitHandlers__C                              
000159e4  xdc_runtime_Text_charTab__C                                          
000159e8  xdc_runtime_Text_nameEmpty__C                                        
000159ec  xdc_runtime_Text_nameStatic__C                                       
000159f0  xdc_runtime_Text_nameUnknown__C                                      
000159f4  xdc_runtime_Text_nodeTab__C                                          
000159f8  xdc_runtime_Text_visitRopeFxn__C                                     
000159fc  ti_sysbios_family_arm_v7r_vim_Hwi_Module__loggerDefined__C           
000159fe  ti_sysbios_gates_GateMutex_Module__id__C                             
00015a00  ti_sysbios_hal_Hwi_Module__id__C                                     
00015a02  ti_sysbios_heaps_HeapMem_Module__id__C                               
00015a04  ti_sysbios_knl_Clock_Module__id__C                                   
00015a06  ti_sysbios_knl_Clock_Module__loggerDefined__C                        
00015a08  ti_sysbios_knl_Event_Module__id__C                                   
00015a0a  ti_sysbios_knl_Event_Module__loggerDefined__C                        
00015a0c  ti_sysbios_knl_Semaphore_Module__id__C                               
00015a0e  ti_sysbios_knl_Semaphore_Module__loggerDefined__C                    
00015a10  ti_sysbios_knl_Swi_Module__id__C                                     
00015a12  ti_sysbios_knl_Swi_Module__loggerDefined__C                          
00015a14  ti_sysbios_knl_Task_Module__id__C                                    
00015a16  ti_sysbios_knl_Task_Module__loggerDefined__C                         
00015a18  ti_sysbios_timers_rti_Timer_Module__id__C                            
00015a1a  ti_sysbios_timers_rti_Timer_continueOnSuspend__C                     
00015a1c  xdc_runtime_Core_Module__id__C                                       
00015a1e  xdc_runtime_Error_Module__loggerDefined__C                           
00015a20  xdc_runtime_Error_maxDepth__C                                        
00015a22  xdc_runtime_Main_Module__id__C                                       
00015a24  xdc_runtime_Memory_Module__id__C                                     
00015a26  xdc_runtime_Text_charCnt__C                                          
00015a28  xdc_runtime_Text_isLoaded__C                                         
00015a2a  xdc_runtime_Text_registryModsLastId__C                               
00015a2c  xdc_runtime_Text_unnamedModsLastId__C                                
00015a30  __TI_static_base__                                                   
00015dc0  __TI_Handler_Table_Base                                              
00015dcc  __TI_Handler_Table_Limit                                             
00015de8  __TI_CINIT_Base                                                      
00015e08  __TI_CINIT_Limit                                                     
08000000  ti_sysbios_heaps_HeapMem_Instance_State_0_buf__A                     
08008000  ti_sysbios_family_arm_exc_Exception_Module_State_0_excStack_0__A     
08009000  ti_sysbios_knl_Task_Instance_State_0_stack__A                        
08009800  gCLI                                                                 
080099a8  gGPIOMCB                                                             
08009b3c  __CIOBUF_                                                            
08009c5c  gMMWave_MCB                                                          
08009d5c  __TI_tmpnams                                                         
08009dfc  gEsmMCB                                                              
08009e6c  i2cTransaction                                                       
08009e80  i2cHandle                                                            
08009e84  i2cParams                                                            
08009e90  gMMWave_DualcoreMCB                                                  
08009e98  parmbuf                                                              
08009ea4  __stack                                                              
0800aea4  __STACK_END                                                          
0800aeb0  rl_txMsg                                                             
0800afb0  rl_rxMsg                                                             
0800b298  ti_sysbios_family_arm_v7r_vim_Hwi_Module_State_0_dispatchTable__A    
0800b498  _ftable                                                              
0800b588  _lock                                                                
0800b58c  _unlock                                                              
0800b590  powerOffCounter                                                      
0800b591  powerOffFlag                                                         
0800b592  va_LEDCounter                                                        
0800b593  BatMonitorCounter                                                    
0800b594  selfTestCounter                                                      
0800b595  selfTestFlag                                                         
0800b596  rangeRadarFlag                                                       
0800b597  rangeCounter                                                         
0800b598  rangeFlag                                                            
0800b599  logDataCounter                                                       
0800b59a  dataExtractCounter                                                   
0800b59b  lowBatteryCounter                                                    
0800b59c  bootFlag                                                             
0800b59d  bootTimeCounter                                                      
0800b59e  adc_val                                                              
0800b5a0  gQSPIDrv                                                             
0800b5a4  QSPIFlashHandle                                                      
0800b5a8  lastLogDataPointer                                                   
0800b5b0  endOfFrame                                                           
0800b5b5  startOfFrame                                                         
0800b5c0  gMrrMSSMCB                                                           
0800b630  ti_sysbios_knl_Swi_Module_State_0_readyQ__A                          
0800b6b0  ti_sysbios_knl_Task_Module_State_0_readyQ__A                         
0800b730  _device                                                              
0800b7a8  ti_sysbios_timers_rti_Timer_Object__table__V                         
0800b820  lowBatteryFlag                                                       
0800b838  rcvGpAdcData                                                         
0800b880  ti_sysbios_knl_Task_Object__table__V                                 
0800b8dc  gUartSciHwCfg                                                        
0800b934  ti_sysbios_family_arm_v7r_vim_Hwi_Object__table__V                   
0800b98c  _stream                                                              
0800b9dc  gMailboxMCB                                                          
0800ba2c  ti_sysbios_knl_Task_Module__state__V                                 
0800ba74  SOC_TranslateAddr_LUT                                                
0800bab4  ti_sysbios_gates_GateMutex_Object__table__V                          
0800baf4  ti_sysbios_family_arm_v7r_vim_Hwi_Module__state__V                   
0800bb28  ti_sysbios_knl_Swi_Object__table__V                                  
0800bb58  ti_sysbios_knl_Clock_Module__state__V                                
0800bb84  gUartSciFxnTable                                                     
0800bbac  UART_config                                                          
0800bbd0  ti_sysbios_BIOS_Module__state__V                                     
0800bbf4  gQSPIFlashHwCfg                                                      
0800bbf8  gSOCHwAttrib                                                         
0800bc18  xdc_runtime_Error_IgnoreBlock                                        
0800bc38  xdc_runtime_System_Module_State_0_atexitHandlers__A                  
0800bc58  ti_sysbios_knl_Swi_Module__state__V                                  
0800bc76  get_lux                                                              
0800bc78  Amibent                                                              
0800bc7d  get_time                                                             
0800bc84  RTC_reg_add_buff                                                     
0800bc8c  I2C_config                                                           
0800bca4  gI2CMasterFxnTable                                                   
0800bcbc  gMailboxMssBssHwCfg                                                  
0800bcd4  gMailboxMssDssHwCfg                                                  
0800bcec  ti_sysbios_heaps_HeapMem_Object__table__V                            
0800bd04  ti_sysbios_timers_rti_Timer_Module_State_0_device__A                 
0800bd1c  ti_sysbios_family_arm_exc_Exception_Module__state__V                 
0800bd30  gQSPIHwCfg                                                           
0800bd40  __TI_ft_end                                                          
0800bd44  __aeabi_stdin                                                        
0800bd48  __aeabi_stdout                                                       
0800bd4c  __aeabi_stderr                                                       
0800bd50  ti_sysbios_hal_Hwi_Object__table__V                                  
0800bd60  ti_sysbios_timers_rti_Timer_Module_State_0_intFreqs__A               
0800bd70  ti_sysbios_timers_rti_Timer_Module__state__V                         
0800bd80  __TI_cleanup_ptr                                                     
0800bd84  __TI_dtors_ptr                                                       
0800bd88  __TI_enable_exit_profile_output                                      
0800bd8c  gESMHwCfgAttrs                                                       
0800bd98  powerBtn                                                             
0800bd99  testBtn                                                              
0800bd9a  runBtn                                                               
0800bd9b  rangeBtn                                                             
0800bd9c  flashDataFlag                                                        
0800bda0  flashAddr                                                            
0800bda4  QSPIFlash_deviceFxnTbl_macronix                                      
0800bdac  QSPIFlash_deviceFxnTbl_spansion                                      
0800bdb4  gGPIOHwAtrrib                                                        
0800bdbc  gI2CHwCfg                                                            
0800bdc4  ti_sysbios_family_arm_v7r_vim_Hwi_Module__root__V                    
0800bdcc  ti_sysbios_gates_GateHwi_Module__root__V                             
0800bdd4  ti_sysbios_gates_GateMutex_Module__root__V                           
0800bddc  ti_sysbios_heaps_HeapMem_Module__root__V                             
0800bde4  ti_sysbios_knl_Queue_Module__root__V                                 
0800bdec  ti_sysbios_knl_Semaphore_Module__root__V                             
0800bdf4  ti_sysbios_knl_Task_Module__root__V                                  
0800bdfc  ti_sysbios_timers_rti_Timer_Module_State_0_handles__A                
0800be04  xdc_runtime_Registry_Module__state__V                                
0800be0c  xdc_runtime_Startup_Module__state__V                                 
0800be14  xdc_runtime_System_Module__state__V                                  
0800be1c  gCRCRegister                                                         
0800be24  gPinmuxRegs                                                          
0800be28  gQSPIDriverPtr                                                       
0800be30  errno                                                                
0800be3c  main_func_sp                                                         
0800be40  ti_sysbios_family_arm_exc_Exception_Module_State_0_excContext__A     
0800be44  ti_sysbios_family_arm_exc_Exception_Module_State_0_excStackBuffers__A
0800be48  ti_sysbios_family_arm_exc_Exception_Module_State_0_excStack__A       
0800be4c  ti_sysbios_gates_GateHwi_Object__table__V                            
0800be50  ti_sysbios_heaps_HeapBuf_Module__state__V                            
0800be54  ti_sysbios_knl_Task_Module_State_0_idleTask__A                       
0800be58  xdc_runtime_Memory_Module__state__V                                  
0800be5c  ti_sysbios_family_arm_exc_Exception_Module_State_0_excActive__A      
0800be5e  xdc_runtime_Error_Module__state__V                                   
0800be60  isGetGpAdcMeasData                                                   
0800be68  ti_sysbios_family_arm_v7r_vim_Hwi_Module_State_0_fiqStack__A         
fffffdec  ti_sysbios_family_arm_v7r_vim_Hwi_vim                                
ffffffff  __TI_pprof_out_hndl                                                  
ffffffff  __TI_prof_data_size                                                  
ffffffff  __TI_prof_data_start                                                 
ffffffff  __binit__                                                            
ffffffff  __c_args__                                                           
ffffffff  binit                                                                
UNDEFED   SHT$$INIT_ARRAY$$Base                                                
UNDEFED   SHT$$INIT_ARRAY$$Limit                                               

[942 symbols]
